D/StatusBar.NetworkController( 1206): refreshSignalCluster - setNWBoosterIndicators(false)
D/StatusBar.NetworkController( 1206): applyJPN
D/StatusBar.NetworkController( 1206): refreshSignalCluster - setNWBoosterIndicators(false)
D/StatusBar.NetworkController( 1206): applyJPN
D/StatusBar.NetworkController( 1206): refreshSignalCluster - setNWBoosterIndicators(false)
D/StatusBar.NetworkController( 1206): applyJPN
D/StatusBar.NetworkController( 1206): refreshSignalCluster - setNWBoosterIndicators(false)
D/StatusBar.NetworkController( 1206): applyJPN
D/StatusBar.NetworkController( 1206): refreshSignalCluster - setNWBoosterIndicators(false)
D/StatusBar.NetworkController( 1206): applyJPN
E/SMD     (  294): DCD ON
D/StatusBar.NetworkController( 1206): onSignalStrengthsChanged signalStrength=SignalStrength: 99 99 -120 -160 -120 -1 -1 99 2147483647 2147483647 2147483647 -1 2147483647 0x0 cdma level=0
D/StatusBar.NetworkController( 1206): refreshSignalCluster - setNWBoosterIndicators(false)
D/StatusBar.NetworkController( 1206): applyJPN
D/StatusBar.NetworkController( 1206): refreshSignalCluster - setNWBoosterIndicators(false)
D/StatusBar.NetworkController( 1206): applyJPN
D/StatusBar.NetworkController( 1206): refreshSignalCluster - setNWBoosterIndicators(false)
D/StatusBar.NetworkController( 1206): applyJPN
D/StatusBar.NetworkController( 1206): refreshSignalCluster - setNWBoosterIndicators(false)
D/StatusBar.NetworkController( 1206): applyJPN
D/StatusBar.NetworkController( 1206): onSignalStrengthsChanged signalStrength=SignalStrength: 99 99 -120 -160 -120 -1 -1 99 2147483647 2147483647 2147483647 -1 2147483647 0x0 cdma level=0
D/StatusBar.NetworkController( 1206): refreshSignalCluster - setNWBoosterIndicators(false)
D/StatusBar.NetworkController( 1206): applyJPN
D/StatusBar.NetworkController( 1206): refreshSignalCluster - setNWBoosterIndicators(false)
D/StatusBar.NetworkController( 1206): applyJPN
D/StatusBar.NetworkController( 1206): refreshSignalCluster - setNWBoosterIndicators(false)
D/StatusBar.NetworkController( 1206): applyJPN
D/StatusBar.NetworkController( 1206): refreshSignalCluster - setNWBoosterIndicators(false)
D/StatusBar.NetworkController( 1206): applyJPN
E/SMD     (  294): DCD ON
D/StatusBar.NetworkController( 1206): onSignalStrengthsChanged signalStrength=SignalStrength: 99 99 -120 -160 -120 -1 -1 99 2147483647 2147483647 2147483647 -1 2147483647 0x0 cdma level=0
D/KeyguardUpdateMonitor( 1206): received broadcast android.intent.action.TIME_TICK
D/KeyguardUpdateMonitor( 1206): handleTimeUpdate
D/KeyguardEffectViewController( 1206): onReceive action : android.intent.action.TIME_TICK
I/KeyguardEffectViewController( 1206): *** don't update sliding image ***
D/DateView( 1206): regionalDateFormat = 3333/11/22 isRTLlanguage = false returnDateFormat = MMMMd(E)
D/DateView( 1206): regionalDateFormat = 3333/11/22 isRTLlanguage = false returnDateFormat = MMMMd(E)
D/StatusBar.NetworkController( 1206): refreshSignalCluster - setNWBoosterIndicators(false)
D/StatusBar.NetworkController( 1206): applyJPN
D/StatusBar.NetworkController( 1206): refreshSignalCluster - setNWBoosterIndicators(false)
D/StatusBar.NetworkController( 1206): applyJPN
D/StatusBar.NetworkController( 1206): refreshSignalCluster - setNWBoosterIndicators(false)
D/StatusBar.NetworkController( 1206): applyJPN
D/StatusBar.NetworkController( 1206): refreshSignalCluster - setNWBoosterIndicators(false)
D/StatusBar.NetworkController( 1206): applyJPN
E/SMD     (  294): DCD ON
D/StatusBar.NetworkController( 1206): onSignalStrengthsChanged signalStrength=SignalStrength: 99 99 -120 -160 -120 -1 -1 99 2147483647 2147483647 2147483647 -1 2147483647 0x0 cdma level=0
E/SMD     (  294): DCD ON
D/StatusBar.NetworkController( 1206): onSignalStrengthsChanged signalStrength=SignalStrength: 99 99 -120 -160 -120 -1 -1 99 2147483647 2147483647 2147483647 -1 2147483647 0x0 cdma level=0
D/StatusBar.NetworkController( 1206): refreshSignalCluster - setNWBoosterIndicators(false)
D/StatusBar.NetworkController( 1206): applyJPN
D/StatusBar.NetworkController( 1206): refreshSignalCluster - setNWBoosterIndicators(false)
D/StatusBar.NetworkController( 1206): applyJPN
D/StatusBar.NetworkController( 1206): refreshSignalCluster - setNWBoosterIndicators(false)
D/StatusBar.NetworkController( 1206): applyJPN
D/StatusBar.NetworkController( 1206): refreshSignalCluster - setNWBoosterIndicators(false)
D/StatusBar.NetworkController( 1206): applyJPN
D/StatusBar.NetworkController( 1206): refreshSignalCluster - setNWBoosterIndicators(false)
D/StatusBar.NetworkController( 1206): applyJPN
D/StatusBar.NetworkController( 1206): refreshSignalCluster - setNWBoosterIndicators(false)
D/StatusBar.NetworkController( 1206): applyJPN
D/StatusBar.NetworkController( 1206): refreshSignalCluster - setNWBoosterIndicators(false)
D/StatusBar.NetworkController( 1206): applyJPN
D/StatusBar.NetworkController( 1206): refreshSignalCluster - setNWBoosterIndicators(false)
D/StatusBar.NetworkController( 1206): applyJPN
E/SMD     (  294): DCD ON
D/KeyguardUpdateMonitor( 1206): received broadcast android.intent.action.BATTERY_CHANGED
D/KeyguardUpdateMonitor( 1206): handleBatteryUpdate
V/HeadsetService( 4086): HeadsetService - Received Intent.ACTION_BATTERY_CHANGED
D/HeadsetStateMachine( 4086): Disconnected process message: 10
I/BusinessExecutor( 1526): registered Task#10761 : PowerInfoEventSource$1
I/BusinessExecutor( 1526): Task#10761 : #run() called
I/BusinessExecutor( 1526): Task#10761 : #run() ended
D/StatusBar.NetworkController( 1206): onSignalStrengthsChanged signalStrength=SignalStrength: 99 99 -120 -160 -120 -1 -1 99 2147483647 2147483647 2147483647 -1 2147483647 0x0 cdma level=0
D/StatusBar.NetworkController( 1206): refreshSignalCluster - setNWBoosterIndicators(false)
D/StatusBar.NetworkController( 1206): applyJPN
D/StatusBar.NetworkController( 1206): refreshSignalCluster - setNWBoosterIndicators(false)
D/StatusBar.NetworkController( 1206): applyJPN
D/StatusBar.NetworkController( 1206): refreshSignalCluster - setNWBoosterIndicators(false)
D/StatusBar.NetworkController( 1206): applyJPN
D/StatusBar.NetworkController( 1206): refreshSignalCluster - setNWBoosterIndicators(false)
D/StatusBar.NetworkController( 1206): applyJPN
E/SMD     (  294): DCD ON
D/StatusBar.NetworkController( 1206): onSignalStrengthsChanged signalStrength=SignalStrength: 99 99 -120 -160 -120 -1 -1 99 2147483647 2147483647 2147483647 -1 2147483647 0x0 cdma level=0
D/StatusBar.NetworkController( 1206): onSignalStrengthsChanged signalStrength=SignalStrength: 99 99 -120 -160 -120 -1 -1 99 2147483647 2147483647 2147483647 -1 2147483647 0x0 cdma level=0
E/SMD     (  294): DCD ON
D/StatusBar.NetworkController( 1206): onSignalStrengthsChanged signalStrength=SignalStrength: 99 99 -120 -160 -120 -1 -1 99 2147483647 2147483647 2147483647 -1 2147483647 0x0 cdma level=0
E/SMD     (  294): DCD ON
D/StatusBar.NetworkController( 1206): onSignalStrengthsChanged signalStrength=SignalStrength: 99 99 -120 -160 -120 -1 -1 99 2147483647 2147483647 2147483647 -1 2147483647 0x0 cdma level=0
D/StatusBar.NetworkController( 1206): onSignalStrengthsChanged signalStrength=SignalStrength: 99 99 -120 -160 -120 -1 -1 99 2147483647 2147483647 2147483647 -1 2147483647 0x0 cdma level=0
D/StatusBar.NetworkController( 1206): refreshSignalCluster - setNWBoosterIndicators(false)
D/StatusBar.NetworkController( 1206): applyJPN
D/StatusBar.NetworkController( 1206): refreshSignalCluster - setNWBoosterIndicators(false)
D/StatusBar.NetworkController( 1206): applyJPN
D/StatusBar.NetworkController( 1206): refreshSignalCluster - setNWBoosterIndicators(false)
D/StatusBar.NetworkController( 1206): applyJPN
D/StatusBar.NetworkController( 1206): refreshSignalCluster - setNWBoosterIndicators(false)
D/StatusBar.NetworkController( 1206): applyJPN
E/SMD     (  294): DCD ON
D/StatusBar.NetworkController( 1206): refreshSignalCluster - setNWBoosterIndicators(false)
D/StatusBar.NetworkController( 1206): applyJPN
D/StatusBar.NetworkController( 1206): refreshSignalCluster - setNWBoosterIndicators(false)
D/StatusBar.NetworkController( 1206): applyJPN
D/StatusBar.NetworkController( 1206): refreshSignalCluster - setNWBoosterIndicators(false)
D/StatusBar.NetworkController( 1206): applyJPN
D/StatusBar.NetworkController( 1206): refreshSignalCluster - setNWBoosterIndicators(false)
D/StatusBar.NetworkController( 1206): applyJPN
D/StatusBar.NetworkController( 1206): onSignalStrengthsChanged signalStrength=SignalStrength: 99 99 -120 -160 -120 -1 -1 99 2147483647 2147483647 2147483647 -1 2147483647 0x0 cdma level=0
I/TLC_TIMA_PKM_measure_kernel(  869): TIMA: response_id = 3
I/TLC_TIMA_PKM_measure_kernel(  869): TIMA: response ret = 0, result_ondemand = MSG=Kernel Verification Success;
E/SMD     (  294): DCD ON
D/StatusBar.NetworkController( 1206): onSignalStrengthsChanged signalStrength=SignalStrength: 99 99 -120 -160 -120 -1 -1 99 2147483647 2147483647 2147483647 -1 2147483647 0x0 cdma level=0
D/StatusBar.NetworkController( 1206): onSignalStrengthsChanged signalStrength=SignalStrength: 99 99 -120 -160 -120 -1 -1 99 2147483647 2147483647 2147483647 -1 2147483647 0x0 cdma level=0
E/SMD     (  294): DCD ON
D/StatusBar.NetworkController( 1206): onSignalStrengthsChanged signalStrength=SignalStrength: 99 99 -120 -160 -120 -1 -1 99 2147483647 2147483647 2147483647 -1 2147483647 0x0 cdma level=0
E/SMD     (  294): DCD ON
D/StatusBar.NetworkController( 1206): onSignalStrengthsChanged signalStrength=SignalStrength: 99 99 -120 -160 -120 -1 -1 99 2147483647 2147483647 2147483647 -1 2147483647 0x0 cdma level=0
D/StatusBar.NetworkController( 1206): refreshSignalCluster - setNWBoosterIndicators(false)
D/StatusBar.NetworkController( 1206): applyJPN
D/StatusBar.NetworkController( 1206): refreshSignalCluster - setNWBoosterIndicators(false)
D/StatusBar.NetworkController( 1206): applyJPN
D/StatusBar.NetworkController( 1206): refreshSignalCluster - setNWBoosterIndicators(false)
D/StatusBar.NetworkController( 1206): applyJPN
D/StatusBar.NetworkController( 1206): refreshSignalCluster - setNWBoosterIndicators(false)
D/StatusBar.NetworkController( 1206): applyJPN
D/StatusBar.NetworkController( 1206): onSignalStrengthsChanged signalStrength=SignalStrength: 99 99 -120 -160 -120 -1 -1 99 2147483647 2147483647 2147483647 -1 2147483647 0x0 cdma level=0
D/StatusBar.NetworkController( 1206): refreshSignalCluster - setNWBoosterIndicators(false)
D/StatusBar.NetworkController( 1206): applyJPN
D/StatusBar.NetworkController( 1206): refreshSignalCluster - setNWBoosterIndicators(false)
D/StatusBar.NetworkController( 1206): applyJPN
D/StatusBar.NetworkController( 1206): refreshSignalCluster - setNWBoosterIndicators(false)
D/StatusBar.NetworkController( 1206): applyJPN
D/StatusBar.NetworkController( 1206): refreshSignalCluster - setNWBoosterIndicators(false)
D/StatusBar.NetworkController( 1206): applyJPN
E/SMD     (  294): DCD ON
D/StatusBar.NetworkController( 1206): onSignalStrengthsChanged signalStrength=SignalStrength: 99 99 -120 -160 -120 -1 -1 99 2147483647 2147483647 2147483647 -1 2147483647 0x0 cdma level=0
D/StatusBar.NetworkController( 1206): onSignalStrengthsChanged signalStrength=SignalStrength: 99 99 -120 -160 -120 -1 -1 99 2147483647 2147483647 2147483647 -1 2147483647 0x0 cdma level=0
E/SMD     (  294): DCD ON
D/StatusBar.NetworkController( 1206): onSignalStrengthsChanged signalStrength=SignalStrength: 99 99 -120 -160 -120 -1 -1 99 2147483647 2147483647 2147483647 -1 2147483647 0x0 cdma level=0
E/SMD     (  294): DCD ON
D/StatusBar.NetworkController( 1206): refreshSignalCluster - setNWBoosterIndicators(false)
D/StatusBar.NetworkController( 1206): applyJPN
D/StatusBar.NetworkController( 1206): refreshSignalCluster - setNWBoosterIndicators(false)
D/StatusBar.NetworkController( 1206): applyJPN
D/StatusBar.NetworkController( 1206): refreshSignalCluster - setNWBoosterIndicators(false)
D/StatusBar.NetworkController( 1206): applyJPN
D/StatusBar.NetworkController( 1206): refreshSignalCluster - setNWBoosterIndicators(false)
D/StatusBar.NetworkController( 1206): applyJPN
D/KeyguardUpdateMonitor( 1206): received broadcast android.intent.action.BATTERY_CHANGED
D/KeyguardUpdateMonitor( 1206): handleBatteryUpdate
I/BusinessExecutor( 1526): registered Task#10762 : PowerInfoEventSource$1
I/BusinessExecutor( 1526): Task#10762 : #run() called
I/BusinessExecutor( 1526): Task#10762 : #run() ended
V/HeadsetService( 4086): HeadsetService - Received Intent.ACTION_BATTERY_CHANGED
D/HeadsetStateMachine( 4086): Disconnected process message: 10
D/StatusBar.NetworkController( 1206): refreshSignalCluster - setNWBoosterIndicators(false)
D/StatusBar.NetworkController( 1206): applyJPN
D/StatusBar.NetworkController( 1206): refreshSignalCluster - setNWBoosterIndicators(false)
D/StatusBar.NetworkController( 1206): applyJPN
D/StatusBar.NetworkController( 1206): refreshSignalCluster - setNWBoosterIndicators(false)
D/StatusBar.NetworkController( 1206): applyJPN
D/StatusBar.NetworkController( 1206): refreshSignalCluster - setNWBoosterIndicators(false)
D/StatusBar.NetworkController( 1206): applyJPN
D/StatusBar.NetworkController( 1206): onSignalStrengthsChanged signalStrength=SignalStrength: 99 99 -120 -160 -120 -1 -1 99 2147483647 2147483647 2147483647 -1 2147483647 0x0 cdma level=0
D/StatusBar.NetworkController( 1206): refreshSignalCluster - setNWBoosterIndicators(false)
D/StatusBar.NetworkController( 1206): applyJPN
D/StatusBar.NetworkController( 1206): refreshSignalCluster - setNWBoosterIndicators(false)
D/StatusBar.NetworkController( 1206): applyJPN
D/StatusBar.NetworkController( 1206): refreshSignalCluster - setNWBoosterIndicators(false)
D/StatusBar.NetworkController( 1206): applyJPN
D/StatusBar.NetworkController( 1206): refreshSignalCluster - setNWBoosterIndicators(false)
D/StatusBar.NetworkController( 1206): applyJPN
D/StatusBar.NetworkController( 1206): onSignalStrengthsChanged signalStrength=SignalStrength: 99 99 -120 -160 -120 -1 -1 99 2147483647 2147483647 2147483647 -1 2147483647 0x0 cdma level=0
E/SMD     (  294): DCD ON
D/StatusBar.NetworkController( 1206): refreshSignalCluster - setNWBoosterIndicators(false)
D/StatusBar.NetworkController( 1206): applyJPN
D/StatusBar.NetworkController( 1206): refreshSignalCluster - setNWBoosterIndicators(false)
D/StatusBar.NetworkController( 1206): applyJPN
D/StatusBar.NetworkController( 1206): refreshSignalCluster - setNWBoosterIndicators(false)
D/StatusBar.NetworkController( 1206): applyJPN
D/StatusBar.NetworkController( 1206): refreshSignalCluster - setNWBoosterIndicators(false)
D/StatusBar.NetworkController( 1206): applyJPN
D/StatusBar.NetworkController( 1206): refreshSignalCluster - setNWBoosterIndicators(false)
D/StatusBar.NetworkController( 1206): applyJPN
D/StatusBar.NetworkController( 1206): refreshSignalCluster - setNWBoosterIndicators(false)
D/StatusBar.NetworkController( 1206): applyJPN
D/StatusBar.NetworkController( 1206): refreshSignalCluster - setNWBoosterIndicators(false)
D/StatusBar.NetworkController( 1206): applyJPN
D/StatusBar.NetworkController( 1206): refreshSignalCluster - setNWBoosterIndicators(false)
D/StatusBar.NetworkController( 1206): applyJPN
D/StatusBar.NetworkController( 1206): onSignalStrengthsChanged signalStrength=SignalStrength: 99 99 -120 -160 -120 -1 -1 99 2147483647 2147483647 2147483647 -1 2147483647 0x0 cdma level=0
I/ClearcutLoggerApiImpl( 2040): disconnect managed GoogleApiClient
D/StatusBar.NetworkController( 1206): refreshSignalCluster - setNWBoosterIndicators(false)
D/StatusBar.NetworkController( 1206): applyJPN
D/StatusBar.NetworkController( 1206): refreshSignalCluster - setNWBoosterIndicators(false)
D/StatusBar.NetworkController( 1206): applyJPN
D/StatusBar.NetworkController( 1206): refreshSignalCluster - setNWBoosterIndicators(false)
D/StatusBar.NetworkController( 1206): applyJPN
D/StatusBar.NetworkController( 1206): refreshSignalCluster - setNWBoosterIndicators(false)
D/StatusBar.NetworkController( 1206): applyJPN
E/SMD     (  294): DCD ON
D/StatusBar.NetworkController( 1206): onSignalStrengthsChanged signalStrength=SignalStrength: 99 99 -120 -160 -120 -1 -1 99 2147483647 2147483647 2147483647 -1 2147483647 0x0 cdma level=0
E/SMD     (  294): DCD ON
D/StatusBar.NetworkController( 1206): onSignalStrengthsChanged signalStrength=SignalStrength: 99 99 -120 -160 -120 -1 -1 99 2147483647 2147483647 2147483647 -1 2147483647 0x0 cdma level=0
D/StatusBar.NetworkController( 1206): onSignalStrengthsChanged signalStrength=SignalStrength: 99 99 -120 -160 -120 -1 -1 99 2147483647 2147483647 2147483647 -1 2147483647 0x0 cdma level=0
D/StatusBar.NetworkController( 1206): onSignalStrengthsChanged signalStrength=SignalStrength: 99 99 -120 -160 -120 -1 -1 99 2147483647 2147483647 2147483647 -1 2147483647 0x0 cdma level=0
E/SMD     (  294): DCD ON
D/StatusBar.NetworkController( 1206): onSignalStrengthsChanged signalStrength=SignalStrength: 99 99 -120 -160 -120 -1 -1 99 2147483647 2147483647 2147483647 -1 2147483647 0x0 cdma level=0
I/art     (20925): Explicit concurrent mark sweep GC freed 8835(404KB) AllocSpace objects, 0(0B) LOS objects, 40% free, 15MB/25MB, paused 782us total 50.976ms
E/SMD     (  294): DCD ON
D/StatusBar( 1206): ----- contentsUnchanged : true, bigContentsUnchanged - true, headsUpContentsUnchanged - true , publicUnchanged true
D/PersonaManager( 1206): isKioskContainerExistOnDevice
D/PersonaManager( 1206): isKioskContainerExistOnDevice
I/PhoneStatusBar( 1206): Icon Only
D/KeyguardUpdateMonitor( 1206): updateCMASText( show = false )
D/PanelView( 1206): There is/are notification(s) 
D/PanelView( 1206): kidsfalse mQsExpansionEnabled:true
D/KeyguardUpdateMonitor( 1206): updateCMASText( show = false )
D/PanelView( 1206): There is/are notification(s) 
D/PersonaManager( 1206): isKioskContainerExistOnDevice
I/PhoneStatusBar( 1206): Icon Only
D/KeyguardUpdateMonitor( 1206): updateCMASText( show = false )
D/PanelView( 1206): There is/are notification(s) 
D/PanelView( 1206): kidsfalse mQsExpansionEnabled:true
D/KeyguardUpdateMonitor( 1206): updateCMASText( show = false )
D/PanelView( 1206): mClearAll.setVisibility - mIsFullyOpened : false isShade : true mHasNotification : true mIsUpwardFling : false mQsFullyExpanded : false isShadeLocked : false mClearAllVisible : true
D/StatusBar.NetworkController( 1206): onSignalStrengthsChanged signalStrength=SignalStrength: 99 99 -120 -160 -120 -1 -1 99 2147483647 2147483647 2147483647 -1 2147483647 0x0 cdma level=0
E/SMD     (  294): DCD ON
D/StatusBar.NetworkController( 1206): refreshSignalCluster - setNWBoosterIndicators(false)
D/StatusBar.NetworkController( 1206): applyJPN
D/StatusBar.NetworkController( 1206): refreshSignalCluster - setNWBoosterIndicators(false)
D/StatusBar.NetworkController( 1206): applyJPN
D/StatusBar.NetworkController( 1206): refreshSignalCluster - setNWBoosterIndicators(false)
D/StatusBar.NetworkController( 1206): applyJPN
D/StatusBar.NetworkController( 1206): refreshSignalCluster - setNWBoosterIndicators(false)
D/StatusBar.NetworkController( 1206): applyJPN
D/StatusBar.NetworkController( 1206): onSignalStrengthsChanged signalStrength=SignalStrength: 99 99 -120 -160 -120 -1 -1 99 2147483647 2147483647 2147483647 -1 2147483647 0x0 cdma level=0
D/StatusBar.NetworkController( 1206): onSignalStrengthsChanged signalStrength=SignalStrength: 99 99 -120 -160 -120 -1 -1 99 2147483647 2147483647 2147483647 -1 2147483647 0x0 cdma level=0
D/StatusBar.NetworkController( 1206): refreshSignalCluster - setNWBoosterIndicators(false)
D/StatusBar.NetworkController( 1206): applyJPN
D/StatusBar.NetworkController( 1206): refreshSignalCluster - setNWBoosterIndicators(false)
D/StatusBar.NetworkController( 1206): applyJPN
D/StatusBar.NetworkController( 1206): refreshSignalCluster - setNWBoosterIndicators(false)
D/StatusBar.NetworkController( 1206): applyJPN
D/StatusBar.NetworkController( 1206): refreshSignalCluster - setNWBoosterIndicators(false)
D/StatusBar.NetworkController( 1206): applyJPN
E/SMD     (  294): DCD ON
D/StatusBar.NetworkController( 1206): onSignalStrengthsChanged signalStrength=SignalStrength: 99 99 -120 -160 -120 -1 -1 99 2147483647 2147483647 2147483647 -1 2147483647 0x0 cdma level=0
D/KeyguardUpdateMonitor( 1206): received broadcast android.intent.action.TIME_TICK
D/KeyguardUpdateMonitor( 1206): handleTimeUpdate
D/KeyguardEffectViewController( 1206): onReceive action : android.intent.action.TIME_TICK
I/KeyguardEffectViewController( 1206): *** don't update sliding image ***
D/DateView( 1206): regionalDateFormat = 3333/11/22 isRTLlanguage = false returnDateFormat = MMMMd(E)
D/DateView( 1206): regionalDateFormat = 3333/11/22 isRTLlanguage = false returnDateFormat = MMMMd(E)
E/SMD     (  294): DCD ON
D/StatusBar.NetworkController( 1206): onSignalStrengthsChanged signalStrength=SignalStrength: 99 99 -120 -160 -120 -1 -1 99 2147483647 2147483647 2147483647 -1 2147483647 0x0 cdma level=0
D/StatusBar.NetworkController( 1206): onSignalStrengthsChanged signalStrength=SignalStrength: 99 99 -120 -160 -120 -1 -1 99 2147483647 2147483647 2147483647 -1 2147483647 0x0 cdma level=0
E/SMD     (  294): DCD ON
D/StatusBar.NetworkController( 1206): onSignalStrengthsChanged signalStrength=SignalStrength: 99 99 -120 -160 -120 -1 -1 99 2147483647 2147483647 2147483647 -1 2147483647 0x0 cdma level=0
D/StatusBar.NetworkController( 1206): onSignalStrengthsChanged signalStrength=SignalStrength: 99 99 -120 -160 -120 -1 -1 99 2147483647 2147483647 2147483647 -1 2147483647 0x0 cdma level=0
D/StatusBar.NetworkController( 1206): onSignalStrengthsChanged signalStrength=SignalStrength: 99 99 -120 -160 -120 -1 -1 99 2147483647 2147483647 2147483647 -1 2147483647 0x0 cdma level=0
E/SMD     (  294): DCD ON
D/KeyguardUpdateMonitor( 1206): received broadcast android.intent.action.BATTERY_CHANGED
D/KeyguardUpdateMonitor( 1206): handleBatteryUpdate
I/BusinessExecutor( 1526): registered Task#10763 : PowerInfoEventSource$1
I/BusinessExecutor( 1526): Task#10763 : #run() called
I/BusinessExecutor( 1526): Task#10763 : #run() ended
V/HeadsetService( 4086): HeadsetService - Received Intent.ACTION_BATTERY_CHANGED
D/HeadsetStateMachine( 4086): Disconnected process message: 10
I/art     (20941): Explicit concurrent mark sweep GC freed 60437(2MB) AllocSpace objects, 8(151KB) LOS objects, 40% free, 17MB/28MB, paused 1.258ms total 46.076ms
D/StatusBar.NetworkController( 1206): refreshSignalCluster - setNWBoosterIndicators(false)
D/StatusBar.NetworkController( 1206): applyJPN
D/StatusBar.NetworkController( 1206): refreshSignalCluster - setNWBoosterIndicators(false)
D/StatusBar.NetworkController( 1206): applyJPN
D/StatusBar.NetworkController( 1206): refreshSignalCluster - setNWBoosterIndicators(false)
D/StatusBar.NetworkController( 1206): applyJPN
D/StatusBar.NetworkController( 1206): refreshSignalCluster - setNWBoosterIndicators(false)
D/StatusBar.NetworkController( 1206): applyJPN
D/StatusBar.NetworkController( 1206): refreshSignalCluster - setNWBoosterIndicators(false)
D/StatusBar.NetworkController( 1206): applyJPN
D/StatusBar.NetworkController( 1206): refreshSignalCluster - setNWBoosterIndicators(false)
D/StatusBar.NetworkController( 1206): applyJPN
D/StatusBar.NetworkController( 1206): refreshSignalCluster - setNWBoosterIndicators(false)
D/StatusBar.NetworkController( 1206): applyJPN
D/StatusBar.NetworkController( 1206): refreshSignalCluster - setNWBoosterIndicators(false)
D/StatusBar.NetworkController( 1206): applyJPN
D/StatusBar.NetworkController( 1206): onSignalStrengthsChanged signalStrength=SignalStrength: 99 99 -120 -160 -120 -1 -1 99 2147483647 2147483647 2147483647 -1 2147483647 0x0 cdma level=0
E/SMD     (  294): DCD ON
D/StatusBar.NetworkController( 1206): onSignalStrengthsChanged signalStrength=SignalStrength: 99 99 -120 -160 -120 -1 -1 99 2147483647 2147483647 2147483647 -1 2147483647 0x0 cdma level=0
D/StatusBar.NetworkController( 1206): onSignalStrengthsChanged signalStrength=SignalStrength: 99 99 -120 -160 -120 -1 -1 99 2147483647 2147483647 2147483647 -1 2147483647 0x0 cdma level=0
E/SMD     (  294): DCD ON
D/StatusBar.NetworkController( 1206): onSignalStrengthsChanged signalStrength=SignalStrength: 99 99 -120 -160 -120 -1 -1 99 2147483647 2147483647 2147483647 -1 2147483647 0x0 cdma level=0
E/SMD     (  294): DCD ON
D/StatusBar.NetworkController( 1206): onSignalStrengthsChanged signalStrength=SignalStrength: 99 99 -120 -160 -120 -1 -1 99 2147483647 2147483647 2147483647 -1 2147483647 0x0 cdma level=0
D/StatusBar.NetworkController( 1206): refreshSignalCluster - setNWBoosterIndicators(false)
D/StatusBar.NetworkController( 1206): applyJPN
D/StatusBar.NetworkController( 1206): refreshSignalCluster - setNWBoosterIndicators(false)
D/StatusBar.NetworkController( 1206): applyJPN
D/StatusBar.NetworkController( 1206): refreshSignalCluster - setNWBoosterIndicators(false)
D/StatusBar.NetworkController( 1206): applyJPN
D/StatusBar.NetworkController( 1206): refreshSignalCluster - setNWBoosterIndicators(false)
D/StatusBar.NetworkController( 1206): applyJPN
D/StatusBar.NetworkController( 1206): onSignalStrengthsChanged signalStrength=SignalStrength: 99 99 -120 -160 -120 -1 -1 99 2147483647 2147483647 2147483647 -1 2147483647 0x0 cdma level=0
E/SMD     (  294): DCD ON
D/StatusBar.NetworkController( 1206): refreshSignalCluster - setNWBoosterIndicators(false)
D/StatusBar.NetworkController( 1206): applyJPN
D/StatusBar.NetworkController( 1206): refreshSignalCluster - setNWBoosterIndicators(false)
D/StatusBar.NetworkController( 1206): applyJPN
D/StatusBar.NetworkController( 1206): refreshSignalCluster - setNWBoosterIndicators(false)
D/StatusBar.NetworkController( 1206): applyJPN
D/StatusBar.NetworkController( 1206): refreshSignalCluster - setNWBoosterIndicators(false)
D/StatusBar.NetworkController( 1206): applyJPN
D/StatusBar.NetworkController( 1206): onSignalStrengthsChanged signalStrength=SignalStrength: 99 99 -120 -160 -120 -1 -1 99 2147483647 2147483647 2147483647 -1 2147483647 0x0 cdma level=0
E/SMD     (  294): DCD ON
D/StatusBar.NetworkController( 1206): onSignalStrengthsChanged signalStrength=SignalStrength: 99 99 -120 -160 -120 -1 -1 99 2147483647 2147483647 2147483647 -1 2147483647 0x0 cdma level=0
D/StatusBar.NetworkController( 1206): onSignalStrengthsChanged signalStrength=SignalStrength: 99 99 -120 -160 -120 -1 -1 99 2147483647 2147483647 2147483647 -1 2147483647 0x0 cdma level=0
E/SMD     (  294): DCD ON
D/StatusBar.NetworkController( 1206): onSignalStrengthsChanged signalStrength=SignalStrength: 99 99 -120 -160 -120 -1 -1 99 2147483647 2147483647 2147483647 -1 2147483647 0x0 cdma level=0
D/StatusBar.NetworkController( 1206): onSignalStrengthsChanged signalStrength=SignalStrength: 99 99 -120 -160 -120 -1 -1 99 2147483647 2147483647 2147483647 -1 2147483647 0x0 cdma level=0
E/SMD     (  294): DCD ON
D/StatusBar.NetworkController( 1206): onSignalStrengthsChanged signalStrength=SignalStrength: 99 99 -120 -160 -120 -1 -1 99 2147483647 2147483647 2147483647 -1 2147483647 0x0 cdma level=0
E/SMD     (  294): DCD ON
D/StatusBar.NetworkController( 1206): onSignalStrengthsChanged signalStrength=SignalStrength: 99 99 -120 -160 -120 -1 -1 99 2147483647 2147483647 2147483647 -1 2147483647 0x0 cdma level=0
D/StatusBar.NetworkController( 1206): onSignalStrengthsChanged signalStrength=SignalStrength: 99 99 -120 -160 -120 -1 -1 99 2147483647 2147483647 2147483647 -1 2147483647 0x0 cdma level=0
E/SMD     (  294): DCD ON
D/StatusBar.NetworkController( 1206): refreshSignalCluster - setNWBoosterIndicators(false)
D/StatusBar.NetworkController( 1206): applyJPN
D/StatusBar.NetworkController( 1206): refreshSignalCluster - setNWBoosterIndicators(false)
D/StatusBar.NetworkController( 1206): applyJPN
D/StatusBar.NetworkController( 1206): refreshSignalCluster - setNWBoosterIndicators(false)
D/StatusBar.NetworkController( 1206): applyJPN
D/StatusBar.NetworkController( 1206): refreshSignalCluster - setNWBoosterIndicators(false)
D/StatusBar.NetworkController( 1206): applyJPN
D/StatusBar.NetworkController( 1206): onSignalStrengthsChanged signalStrength=SignalStrength: 99 99 -120 -160 -120 -1 -1 99 2147483647 2147483647 2147483647 -1 2147483647 0x0 cdma level=0
D/StatusBar.NetworkController( 1206): refreshSignalCluster - setNWBoosterIndicators(false)
D/StatusBar.NetworkController( 1206): applyJPN
D/StatusBar.NetworkController( 1206): refreshSignalCluster - setNWBoosterIndicators(false)
D/StatusBar.NetworkController( 1206): applyJPN
D/StatusBar.NetworkController( 1206): refreshSignalCluster - setNWBoosterIndicators(false)
D/StatusBar.NetworkController( 1206): applyJPN
D/StatusBar.NetworkController( 1206): refreshSignalCluster - setNWBoosterIndicators(false)
D/StatusBar.NetworkController( 1206): applyJPN
E/SMD     (  294): DCD ON
D/KeyguardUpdateMonitor( 1206): received broadcast android.intent.action.BATTERY_CHANGED
D/KeyguardUpdateMonitor( 1206): handleBatteryUpdate
I/BusinessExecutor( 1526): registered Task#10764 : PowerInfoEventSource$1
I/BusinessExecutor( 1526): Task#10764 : #run() called
I/BusinessExecutor( 1526): Task#10764 : #run() ended
V/HeadsetService( 4086): HeadsetService - Received Intent.ACTION_BATTERY_CHANGED
D/HeadsetStateMachine( 4086): Disconnected process message: 10
D/StatusBar.NetworkController( 1206): onSignalStrengthsChanged signalStrength=SignalStrength: 99 99 -120 -160 -120 -1 -1 99 2147483647 2147483647 2147483647 -1 2147483647 0x0 cdma level=0
D/StatusBar.NetworkController( 1206): refreshSignalCluster - setNWBoosterIndicators(false)
D/StatusBar.NetworkController( 1206): applyJPN
D/StatusBar.NetworkController( 1206): refreshSignalCluster - setNWBoosterIndicators(false)
D/StatusBar.NetworkController( 1206): applyJPN
D/StatusBar.NetworkController( 1206): refreshSignalCluster - setNWBoosterIndicators(false)
D/StatusBar.NetworkController( 1206): applyJPN
D/StatusBar.NetworkController( 1206): refreshSignalCluster - setNWBoosterIndicators(false)
D/StatusBar.NetworkController( 1206): applyJPN
D/StatusBar.NetworkController( 1206): onSignalStrengthsChanged signalStrength=SignalStrength: 99 99 -120 -160 -120 -1 -1 99 2147483647 2147483647 2147483647 -1 2147483647 0x0 cdma level=0
E/SMD     (  294): DCD ON
D/StatusBar.NetworkController( 1206): refreshSignalCluster - setNWBoosterIndicators(false)
D/StatusBar.NetworkController( 1206): applyJPN
D/StatusBar.NetworkController( 1206): refreshSignalCluster - setNWBoosterIndicators(false)
D/StatusBar.NetworkController( 1206): applyJPN
D/StatusBar.NetworkController( 1206): refreshSignalCluster - setNWBoosterIndicators(false)
D/StatusBar.NetworkController( 1206): applyJPN
D/StatusBar.NetworkController( 1206): refreshSignalCluster - setNWBoosterIndicators(false)
D/StatusBar.NetworkController( 1206): applyJPN
D/StatusBar.NetworkController( 1206): onSignalStrengthsChanged signalStrength=SignalStrength: 99 99 -120 -160 -120 -1 -1 99 2147483647 2147483647 2147483647 -1 2147483647 0x0 cdma level=0
D/StatusBar.NetworkController( 1206): onSignalStrengthsChanged signalStrength=SignalStrength: 99 99 -120 -160 -120 -1 -1 99 2147483647 2147483647 2147483647 -1 2147483647 0x0 cdma level=0
E/SMD     (  294): DCD ON
D/StatusBar.NetworkController( 1206): onSignalStrengthsChanged signalStrength=SignalStrength: 99 99 -120 -160 -120 -1 -1 99 2147483647 2147483647 2147483647 -1 2147483647 0x0 cdma level=0
D/StatusBar.NetworkController( 1206): onSignalStrengthsChanged signalStrength=SignalStrength: 99 99 -120 -160 -120 -1 -1 99 2147483647 2147483647 2147483647 -1 2147483647 0x0 cdma level=0
E/SMD     (  294): DCD ON
D/StatusBar.NetworkController( 1206): onSignalStrengthsChanged signalStrength=SignalStrength: 99 99 -120 -160 -120 -1 -1 99 2147483647 2147483647 2147483647 -1 2147483647 0x0 cdma level=0
D/StatusBar.NetworkController( 1206): onSignalStrengthsChanged signalStrength=SignalStrength: 99 99 -120 -160 -120 -1 -1 99 2147483647 2147483647 2147483647 -1 2147483647 0x0 cdma level=0
E/SMD     (  294): DCD ON
D/StatusBar.NetworkController( 1206): refreshSignalCluster - setNWBoosterIndicators(false)
D/StatusBar.NetworkController( 1206): applyJPN
D/StatusBar.NetworkController( 1206): refreshSignalCluster - setNWBoosterIndicators(false)
D/StatusBar.NetworkController( 1206): applyJPN
D/StatusBar.NetworkController( 1206): refreshSignalCluster - setNWBoosterIndicators(false)
D/StatusBar.NetworkController( 1206): applyJPN
D/StatusBar.NetworkController( 1206): refreshSignalCluster - setNWBoosterIndicators(false)
D/StatusBar.NetworkController( 1206): applyJPN
D/StatusBar.NetworkController( 1206): onSignalStrengthsChanged signalStrength=SignalStrength: 99 99 -120 -160 -120 -1 -1 99 2147483647 2147483647 2147483647 -1 2147483647 0x0 cdma level=0
D/StatusBar.NetworkController( 1206): refreshSignalCluster - setNWBoosterIndicators(false)
D/StatusBar.NetworkController( 1206): applyJPN
D/StatusBar.NetworkController( 1206): refreshSignalCluster - setNWBoosterIndicators(false)
D/StatusBar.NetworkController( 1206): applyJPN
D/StatusBar.NetworkController( 1206): refreshSignalCluster - setNWBoosterIndicators(false)
D/StatusBar.NetworkController( 1206): applyJPN
D/StatusBar.NetworkController( 1206): refreshSignalCluster - setNWBoosterIndicators(false)
D/StatusBar.NetworkController( 1206): applyJPN
E/SMD     (  294): DCD ON
D/StatusBar.NetworkController( 1206): onSignalStrengthsChanged signalStrength=SignalStrength: 99 99 -120 -160 -120 -1 -1 99 2147483647 2147483647 2147483647 -1 2147483647 0x0 cdma level=0
D/StatusBar( 1206): ----- contentsUnchanged : true, bigContentsUnchanged - true, headsUpContentsUnchanged - true , publicUnchanged true
D/PersonaManager( 1206): isKioskContainerExistOnDevice
D/PersonaManager( 1206): isKioskContainerExistOnDevice
I/PhoneStatusBar( 1206): Icon Only
D/KeyguardUpdateMonitor( 1206): updateCMASText( show = false )
D/PanelView( 1206): There is/are notification(s) 
D/PanelView( 1206): kidsfalse mQsExpansionEnabled:true
D/KeyguardUpdateMonitor( 1206): updateCMASText( show = false )
D/PanelView( 1206): There is/are notification(s) 
D/PersonaManager( 1206): isKioskContainerExistOnDevice
I/PhoneStatusBar( 1206): Icon Only
D/KeyguardUpdateMonitor( 1206): updateCMASText( show = false )
D/PanelView( 1206): There is/are notification(s) 
D/PanelView( 1206): kidsfalse mQsExpansionEnabled:true
D/KeyguardUpdateMonitor( 1206): updateCMASText( show = false )
D/PanelView( 1206): mClearAll.setVisibility - mIsFullyOpened : false isShade : true mHasNotification : true mIsUpwardFling : false mQsFullyExpanded : false isShadeLocked : false mClearAllVisible : true
E/SMD     (  294): DCD ON
D/StatusBar.NetworkController( 1206): onSignalStrengthsChanged signalStrength=SignalStrength: 99 99 -120 -160 -120 -1 -1 99 2147483647 2147483647 2147483647 -1 2147483647 0x0 cdma level=0
D/StatusBar.NetworkController( 1206): onSignalStrengthsChanged signalStrength=SignalStrength: 99 99 -120 -160 -120 -1 -1 99 2147483647 2147483647 2147483647 -1 2147483647 0x0 cdma level=0
D/StatusBar.NetworkController( 1206): onSignalStrengthsChanged signalStrength=SignalStrength: 99 99 -120 -160 -120 -1 -1 99 2147483647 2147483647 2147483647 -1 2147483647 0x0 cdma level=0
E/SMD     (  294): DCD ON
D/KeyguardUpdateMonitor( 1206): received broadcast android.intent.action.TIME_TICK
D/KeyguardUpdateMonitor( 1206): handleTimeUpdate
D/KeyguardEffectViewController( 1206): onReceive action : android.intent.action.TIME_TICK
I/KeyguardEffectViewController( 1206): *** don't update sliding image ***
D/DateView( 1206): regionalDateFormat = 3333/11/22 isRTLlanguage = false returnDateFormat = MMMMd(E)
D/DateView( 1206): regionalDateFormat = 3333/11/22 isRTLlanguage = false returnDateFormat = MMMMd(E)
D/StatusBar.NetworkController( 1206): onSignalStrengthsChanged signalStrength=SignalStrength: 99 99 -120 -160 -120 -1 -1 99 2147483647 2147483647 2147483647 -1 2147483647 0x0 cdma level=0
E/SMD     (  294): DCD ON
D/StatusBar.NetworkController( 1206): onSignalStrengthsChanged signalStrength=SignalStrength: 99 99 -120 -160 -120 -1 -1 99 2147483647 2147483647 2147483647 -1 2147483647 0x0 cdma level=0
E/SMD     (  294): DCD ON
D/StatusBar.NetworkController( 1206): onSignalStrengthsChanged signalStrength=SignalStrength: 99 99 -120 -160 -120 -1 -1 99 2147483647 2147483647 2147483647 -1 2147483647 0x0 cdma level=0
D/StatusBar.NetworkController( 1206): onSignalStrengthsChanged signalStrength=SignalStrength: 99 99 -120 -160 -120 -1 -1 99 2147483647 2147483647 2147483647 -1 2147483647 0x0 cdma level=0
D/StatusBar.NetworkController( 1206): refreshSignalCluster - setNWBoosterIndicators(false)
D/StatusBar.NetworkController( 1206): applyJPN
D/StatusBar.NetworkController( 1206): refreshSignalCluster - setNWBoosterIndicators(false)
D/StatusBar.NetworkController( 1206): applyJPN
D/StatusBar.NetworkController( 1206): refreshSignalCluster - setNWBoosterIndicators(false)
D/StatusBar.NetworkController( 1206): applyJPN
D/StatusBar.NetworkController( 1206): refreshSignalCluster - setNWBoosterIndicators(false)
D/StatusBar.NetworkController( 1206): applyJPN
E/SMD     (  294): DCD ON
D/StatusBar.NetworkController( 1206): refreshSignalCluster - setNWBoosterIndicators(false)
D/StatusBar.NetworkController( 1206): applyJPN
D/StatusBar.NetworkController( 1206): refreshSignalCluster - setNWBoosterIndicators(false)
D/StatusBar.NetworkController( 1206): applyJPN
D/StatusBar.NetworkController( 1206): refreshSignalCluster - setNWBoosterIndicators(false)
D/StatusBar.NetworkController( 1206): applyJPN
D/StatusBar.NetworkController( 1206): refreshSignalCluster - setNWBoosterIndicators(false)
D/StatusBar.NetworkController( 1206): applyJPN
D/KeyguardUpdateMonitor( 1206): received broadcast android.intent.action.BATTERY_CHANGED
I/BusinessExecutor( 1526): registered Task#10765 : PowerInfoEventSource$1
I/BusinessExecutor( 1526): Task#10765 : #run() called
I/BusinessExecutor( 1526): Task#10765 : #run() ended
D/KeyguardUpdateMonitor( 1206): handleBatteryUpdate
V/HeadsetService( 4086): HeadsetService - Received Intent.ACTION_BATTERY_CHANGED
D/HeadsetStateMachine( 4086): Disconnected process message: 10
D/StatusBar.NetworkController( 1206): onSignalStrengthsChanged signalStrength=SignalStrength: 99 99 -120 -160 -120 -1 -1 99 2147483647 2147483647 2147483647 -1 2147483647 0x0 cdma level=0
E/SMD     (  294): DCD ON
D/StatusBar.NetworkController( 1206): onSignalStrengthsChanged signalStrength=SignalStrength: 99 99 -120 -160 -120 -1 -1 99 2147483647 2147483647 2147483647 -1 2147483647 0x0 cdma level=0
D/StatusBar.NetworkController( 1206): onSignalStrengthsChanged signalStrength=SignalStrength: 99 99 -120 -160 -120 -1 -1 99 2147483647 2147483647 2147483647 -1 2147483647 0x0 cdma level=0
E/SMD     (  294): DCD ON
D/StatusBar.NetworkController( 1206): onSignalStrengthsChanged signalStrength=SignalStrength: 99 99 -120 -160 -120 -1 -1 99 2147483647 2147483647 2147483647 -1 2147483647 0x0 cdma level=0
D/StatusBar.NetworkController( 1206): onSignalStrengthsChanged signalStrength=SignalStrength: 99 99 -120 -160 -120 -1 -1 99 2147483647 2147483647 2147483647 -1 2147483647 0x0 cdma level=0
E/SMD     (  294): DCD ON
D/StatusBar.NetworkController( 1206): refreshSignalCluster - setNWBoosterIndicators(false)
D/StatusBar.NetworkController( 1206): applyJPN
D/StatusBar.NetworkController( 1206): refreshSignalCluster - setNWBoosterIndicators(false)
D/StatusBar.NetworkController( 1206): applyJPN
D/StatusBar.NetworkController( 1206): refreshSignalCluster - setNWBoosterIndicators(false)
D/StatusBar.NetworkController( 1206): applyJPN
D/StatusBar.NetworkController( 1206): refreshSignalCluster - setNWBoosterIndicators(false)
D/StatusBar.NetworkController( 1206): applyJPN
D/StatusBar.NetworkController( 1206): onSignalStrengthsChanged signalStrength=SignalStrength: 99 99 -120 -160 -120 -1 -1 99 2147483647 2147483647 2147483647 -1 2147483647 0x0 cdma level=0
E/SMD     (  294): DCD ON
D/StatusBar.NetworkController( 1206): onSignalStrengthsChanged signalStrength=SignalStrength: 99 99 -120 -160 -120 -1 -1 99 2147483647 2147483647 2147483647 -1 2147483647 0x0 cdma level=0
D/StatusBar.NetworkController( 1206): refreshSignalCluster - setNWBoosterIndicators(false)
D/StatusBar.NetworkController( 1206): applyJPN
D/StatusBar.NetworkController( 1206): refreshSignalCluster - setNWBoosterIndicators(false)
D/StatusBar.NetworkController( 1206): applyJPN
D/StatusBar.NetworkController( 1206): refreshSignalCluster - setNWBoosterIndicators(false)
D/StatusBar.NetworkController( 1206): applyJPN
D/StatusBar.NetworkController( 1206): refreshSignalCluster - setNWBoosterIndicators(false)
D/StatusBar.NetworkController( 1206): applyJPN
D/StatusBar.NetworkController( 1206): onSignalStrengthsChanged signalStrength=SignalStrength: 99 99 -120 -160 -120 -1 -1 99 2147483647 2147483647 2147483647 -1 2147483647 0x0 cdma level=0
E/SMD     (  294): DCD ON
D/StatusBar.NetworkController( 1206): onSignalStrengthsChanged signalStrength=SignalStrength: 99 99 -120 -160 -120 -1 -1 99 2147483647 2147483647 2147483647 -1 2147483647 0x0 cdma level=0
E/SMD     (  294): DCD ON
D/StatusBar.NetworkController( 1206): onSignalStrengthsChanged signalStrength=SignalStrength: 99 99 -120 -160 -120 -1 -1 99 2147483647 2147483647 2147483647 -1 2147483647 0x0 cdma level=0
D/StatusBar.NetworkController( 1206): onSignalStrengthsChanged signalStrength=SignalStrength: 99 99 -120 -160 -120 -1 -1 99 2147483647 2147483647 2147483647 -1 2147483647 0x0 cdma level=0
E/SMD     (  294): DCD ON
D/StatusBar.NetworkController( 1206): onSignalStrengthsChanged signalStrength=SignalStrength: 99 99 -120 -160 -120 -1 -1 99 2147483647 2147483647 2147483647 -1 2147483647 0x0 cdma level=0
E/SMD     (  294): DCD ON
D/StatusBar.NetworkController( 1206): onSignalStrengthsChanged signalStrength=SignalStrength: 99 99 -120 -160 -120 -1 -1 99 2147483647 2147483647 2147483647 -1 2147483647 0x0 cdma level=0
D/StatusBar.NetworkController( 1206): onSignalStrengthsChanged signalStrength=SignalStrength: 99 99 -120 -160 -120 -1 -1 99 2147483647 2147483647 2147483647 -1 2147483647 0x0 cdma level=0
E/SMD     (  294): DCD ON
D/StatusBar.NetworkController( 1206): onSignalStrengthsChanged signalStrength=SignalStrength: 99 99 -120 -160 -120 -1 -1 99 2147483647 2147483647 2147483647 -1 2147483647 0x0 cdma level=0
D/StatusBar.NetworkController( 1206): onSignalStrengthsChanged signalStrength=SignalStrength: 99 99 -120 -160 -120 -1 -1 99 2147483647 2147483647 2147483647 -1 2147483647 0x0 cdma level=0
D/StatusBar.NetworkController( 1206): refreshSignalCluster - setNWBoosterIndicators(false)
D/StatusBar.NetworkController( 1206): applyJPN
D/StatusBar.NetworkController( 1206): refreshSignalCluster - setNWBoosterIndicators(false)
D/StatusBar.NetworkController( 1206): applyJPN
D/StatusBar.NetworkController( 1206): refreshSignalCluster - setNWBoosterIndicators(false)
D/StatusBar.NetworkController( 1206): applyJPN
D/StatusBar.NetworkController( 1206): refreshSignalCluster - setNWBoosterIndicators(false)
D/StatusBar.NetworkController( 1206): applyJPN
E/SMD     (  294): DCD ON
D/KeyguardUpdateMonitor( 1206): received broadcast android.intent.action.BATTERY_CHANGED
D/KeyguardUpdateMonitor( 1206): handleBatteryUpdate
I/BusinessExecutor( 1526): registered Task#10766 : PowerInfoEventSource$1
I/BusinessExecutor( 1526): Task#10766 : #run() called
I/BusinessExecutor( 1526): Task#10766 : #run() ended
V/HeadsetService( 4086): HeadsetService - Received Intent.ACTION_BATTERY_CHANGED
D/HeadsetStateMachine( 4086): Disconnected process message: 10
D/StatusBar.NetworkController( 1206): refreshSignalCluster - setNWBoosterIndicators(false)
D/StatusBar.NetworkController( 1206): applyJPN
D/StatusBar.NetworkController( 1206): refreshSignalCluster - setNWBoosterIndicators(false)
D/StatusBar.NetworkController( 1206): applyJPN
D/StatusBar.NetworkController( 1206): refreshSignalCluster - setNWBoosterIndicators(false)
D/StatusBar.NetworkController( 1206): applyJPN
D/StatusBar.NetworkController( 1206): refreshSignalCluster - setNWBoosterIndicators(false)
D/StatusBar.NetworkController( 1206): applyJPN
D/StatusBar.NetworkController( 1206): onSignalStrengthsChanged signalStrength=SignalStrength: 99 99 -120 -160 -120 -1 -1 99 2147483647 2147483647 2147483647 -1 2147483647 0x0 cdma level=0
E/SMD     (  294): DCD ON
D/StatusBar.NetworkController( 1206): onSignalStrengthsChanged signalStrength=SignalStrength: 99 99 -120 -160 -120 -1 -1 99 2147483647 2147483647 2147483647 -1 2147483647 0x0 cdma level=0
D/StatusBar.NetworkController( 1206): onSignalStrengthsChanged signalStrength=SignalStrength: 99 99 -120 -160 -120 -1 -1 99 2147483647 2147483647 2147483647 -1 2147483647 0x0 cdma level=0
E/SMD     (  294): DCD ON
D/StatusBar.NetworkController( 1206): onSignalStrengthsChanged signalStrength=SignalStrength: 99 99 -120 -160 -120 -1 -1 99 2147483647 2147483647 2147483647 -1 2147483647 0x0 cdma level=0
D/StatusBar.NetworkController( 1206): refreshSignalCluster - setNWBoosterIndicators(false)
D/StatusBar.NetworkController( 1206): applyJPN
D/StatusBar.NetworkController( 1206): refreshSignalCluster - setNWBoosterIndicators(false)
D/StatusBar.NetworkController( 1206): applyJPN
D/StatusBar.NetworkController( 1206): refreshSignalCluster - setNWBoosterIndicators(false)
D/StatusBar.NetworkController( 1206): applyJPN
D/StatusBar.NetworkController( 1206): refreshSignalCluster - setNWBoosterIndicators(false)
D/StatusBar.NetworkController( 1206): applyJPN
D/StatusBar.NetworkController( 1206): refreshSignalCluster - setNWBoosterIndicators(false)
D/StatusBar.NetworkController( 1206): applyJPN
D/StatusBar.NetworkController( 1206): refreshSignalCluster - setNWBoosterIndicators(false)
D/StatusBar.NetworkController( 1206): applyJPN
D/StatusBar.NetworkController( 1206): refreshSignalCluster - setNWBoosterIndicators(false)
D/StatusBar.NetworkController( 1206): applyJPN
D/StatusBar.NetworkController( 1206): refreshSignalCluster - setNWBoosterIndicators(false)
D/StatusBar.NetworkController( 1206): applyJPN
E/SMD     (  294): DCD ON
I/System.out(20591): (HTTPLog)-Static: isSBSettingEnabled false
D/EnterpriseController(  287): mIsMarkChainAdded is 0 mIsBlockChainAdded is 0 netId is 0
D/Netd    (  287): getNetworkForDns: using netid 502 for uid 10249
D/StatusBar.NetworkController( 1206): refreshSignalCluster - setNWBoosterIndicators(false)
D/StatusBar.NetworkController( 1206): applyJPN
D/StatusBar.NetworkController( 1206): refreshSignalCluster - setNWBoosterIndicators(false)
D/StatusBar.NetworkController( 1206): applyJPN
D/StatusBar.NetworkController( 1206): refreshSignalCluster - setNWBoosterIndicators(false)
D/StatusBar.NetworkController( 1206): applyJPN
D/StatusBar.NetworkController( 1206): refreshSignalCluster - setNWBoosterIndicators(false)
D/StatusBar.NetworkController( 1206): applyJPN
I/System.out(20591): KnoxVpnUidStorageknoxVpnSupported API value returned is false
D/StatusBar.NetworkController( 1206): onSignalStrengthsChanged signalStrength=SignalStrength: 99 99 -120 -160 -120 -1 -1 99 2147483647 2147483647 2147483647 -1 2147483647 0x0 cdma level=0
I/art     (  869): Explicit concurrent mark sweep GC freed 89507(5MB) AllocSpace objects, 58(928KB) LOS objects, 22% free, 56MB/72MB, paused 3.559ms total 259.298ms
D/StatusBar.NetworkController( 1206): refreshSignalCluster - setNWBoosterIndicators(false)
D/StatusBar.NetworkController( 1206): applyJPN
D/StatusBar.NetworkController( 1206): refreshSignalCluster - setNWBoosterIndicators(false)
D/StatusBar.NetworkController( 1206): applyJPN
D/StatusBar.NetworkController( 1206): refreshSignalCluster - setNWBoosterIndicators(false)
D/StatusBar.NetworkController( 1206): applyJPN
D/StatusBar.NetworkController( 1206): refreshSignalCluster - setNWBoosterIndicators(false)
D/StatusBar.NetworkController( 1206): applyJPN
E/SMD     (  294): DCD ON
D/StatusBar.NetworkController( 1206): onSignalStrengthsChanged signalStrength=SignalStrength: 99 99 -120 -160 -120 -1 -1 99 2147483647 2147483647 2147483647 -1 2147483647 0x0 cdma level=0
D/StatusBar.NetworkController( 1206): refreshSignalCluster - setNWBoosterIndicators(false)
D/StatusBar.NetworkController( 1206): applyJPN
D/StatusBar.NetworkController( 1206): refreshSignalCluster - setNWBoosterIndicators(false)
D/StatusBar.NetworkController( 1206): applyJPN
D/StatusBar.NetworkController( 1206): refreshSignalCluster - setNWBoosterIndicators(false)
D/StatusBar.NetworkController( 1206): applyJPN
D/StatusBar.NetworkController( 1206): refreshSignalCluster - setNWBoosterIndicators(false)
D/StatusBar.NetworkController( 1206): applyJPN
D/StatusBar.NetworkController( 1206): onSignalStrengthsChanged signalStrength=SignalStrength: 99 99 -120 -160 -120 -1 -1 99 2147483647 2147483647 2147483647 -1 2147483647 0x0 cdma level=0
D/StatusBar.NetworkController( 1206): refreshSignalCluster - setNWBoosterIndicators(false)
D/StatusBar.NetworkController( 1206): applyJPN
D/StatusBar.NetworkController( 1206): refreshSignalCluster - setNWBoosterIndicators(false)
D/StatusBar.NetworkController( 1206): applyJPN
D/StatusBar.NetworkController( 1206): refreshSignalCluster - setNWBoosterIndicators(false)
D/StatusBar.NetworkController( 1206): applyJPN
D/StatusBar.NetworkController( 1206): refreshSignalCluster - setNWBoosterIndicators(false)
D/StatusBar.NetworkController( 1206): applyJPN
D/StatusBar.NetworkController( 1206): onSignalStrengthsChanged signalStrength=SignalStrength: 99 99 -120 -160 -120 -1 -1 99 2147483647 2147483647 2147483647 -1 2147483647 0x0 cdma level=0
E/SMD     (  294): DCD ON
D/StatusBar.NetworkController( 1206): onSignalStrengthsChanged signalStrength=SignalStrength: 99 99 -120 -160 -120 -1 -1 99 2147483647 2147483647 2147483647 -1 2147483647 0x0 cdma level=0
D/StatusBar.NetworkController( 1206): onSignalStrengthsChanged signalStrength=SignalStrength: 99 99 -120 -160 -120 -1 -1 99 2147483647 2147483647 2147483647 -1 2147483647 0x0 cdma level=0
D/StatusBar.NetworkController( 1206): refreshSignalCluster - setNWBoosterIndicators(false)
D/StatusBar.NetworkController( 1206): applyJPN
D/StatusBar.NetworkController( 1206): refreshSignalCluster - setNWBoosterIndicators(false)
D/StatusBar.NetworkController( 1206): applyJPN
