W/System.err(20722): 	at android.os.Handler.dispatchMessage(Handler.java:102)
W/System.err(20722): 	at android.os.Looper.loop(Looper.java:145)
W/System.err(20722): 	at android.app.ActivityThread.main(ActivityThread.java:5835)
W/System.err(20722): 	at java.lang.reflect.Method.invoke(Native Method)
W/System.err(20722): 	at java.lang.reflect.Method.invoke(Method.java:372)
W/System.err(20722): 	at com.android.internal.os.ZygoteInit$MethodAndArgsCaller.run(ZygoteInit.java:1399)
W/System.err(20722): 	at com.android.internal.os.ZygoteInit.main(ZygoteInit.java:1194)
D/SecContentProvider(  869): uri = 22 selection = isAuthenticationEnabled
D/SecContentProvider(  869): uri = 10 selection = getURLFilterList
D/SecContentProvider(  869): uri = 10 selection = getURLFilterEnabled
D/SecContentProvider(  869): uri = 10 selection = getURLFilterReportEnabled
I/person  (20858): thread: 37703, name = 
I/person  (20858): thread: 37703, id = 
I/person  (20858): thread: 37703, key = 
D/SecContentProvider(  869): uri = 2 selection = isAuditLogEnabled
D/ContactProvider(20858): getAllContactInfoList End
D/SecContentProvider(  869): uri = 5 selection = getAutoFillSetting
I/syncContacts(20858): thread: 37703, sync time = 399
D/SecContentProvider(  869): uri = 5 selection = getCookiesSetting
D/SecContentProvider(  869): uri = 5 selection = getHttpProxy
D/SecContentProvider(  869): uri = 5 selection = getJavaScriptSetting
D/SecContentProvider(  869): uri = 5 selection = getPopupsSetting
W/System.err(20722): java.io.IOException: Could not open file.
D/SecContentProvider(  869): uri = 22 selection = isAuthenticationEnabled
W/System.err(20722): 	at com.kddi.market.data.KslFile.loadData(KslFile.java:206)
W/System.err(20722): 	at com.kddi.market.data.KslFile.loadAll(KslFile.java:48)
W/System.err(20722): 	at com.kddi.market.data.DataAccessor.loadKSLData(DataAccessor.java:177)
W/System.err(20722): 	at com.kddi.market.data.DataAccessor.getCpKeyAndSecret(DataAccessor.java:88)
W/System.err(20722): 	at com.kddi.market.data.DataAccessor.getCpSecret(DataAccessor.java:64)
W/System.err(20722): 	at com.kddi.market.util.AuthChecker.getAuOneToken(AuthChecker.java:838)
W/System.err(20722): 	at com.kddi.market.util.AuthChecker.getInfo(AuthChecker.java:720)
W/System.err(20722): 	at com.kddi.market.util.AuthChecker.isAuthorized(AuthChecker.java:215)
D/SecContentProvider(  869): uri = 10 selection = getURLFilterList
W/System.err(20722): 	at com.kddi.market.util.AuthChecker.isAuthorizedWithoutReload(AuthChecker.java:369)
W/System.err(20722): 	at com.kddi.market.service.Restarter.getAgreement(Restarter.java:278)
W/System.err(20722): 	at com.kddi.market.service.Restarter.getDeviceInfo(Restarter.java:182)
W/System.err(20722): 	at com.kddi.market.service.Restarter.access$2(Restarter.java:168)
W/System.err(20722): 	at com.kddi.market.service.Restarter$2.onPostExecute(Restarter.java:160)
W/System.err(20722): 	at com.kddi.market.device.uniqueinfo.GetDeviceUniqueInfoTask.onPostExecute(GetDeviceUniqueInfoTask.java:31)
W/System.err(20722): 	at com.kddi.market.device.uniqueinfo.GetDeviceUniqueInfoTask.onPostExecute(GetDeviceUniqueInfoTask.java:1)
W/System.err(20722): 	at android.os.AsyncTask.finish(AsyncTask.java:632)
W/System.err(20722): 	at android.os.AsyncTask.access$600(AsyncTask.java:177)
W/System.err(20722): 	at android.os.AsyncTask$InternalHandler.handleMessage(AsyncTask.java:645)
W/System.err(20722): 	at android.os.Handler.dispatchMessage(Handler.java:102)
W/System.err(20722): 	at android.os.Looper.loop(Looper.java:145)
W/System.err(20722): 	at android.app.ActivityThread.main(ActivityThread.java:5835)
W/System.err(20722): 	at java.lang.reflect.Method.invoke(Native Method)
W/System.err(20722): 	at java.lang.reflect.Method.invoke(Method.java:372)
W/System.err(20722): 	at com.android.internal.os.ZygoteInit$MethodAndArgsCaller.run(ZygoteInit.java:1399)
W/System.err(20722): 	at com.android.internal.os.ZygoteInit.main(ZygoteInit.java:1194)
D/SecContentProvider(  869): uri = 10 selection = getURLFilterEnabled
D/SecContentProvider(  869): uri = 10 selection = getURLFilterReportEnabled
D/GeoLookout(20982): H: HQTHJoWR64rI+VbbdPyM54bqwrQZ7bZq5Av5mf0F/rx6EIPFzwwYYCLJEzH4M66x
D/GeoLookout(20982): H: HQTHJoWR64rI+VbbdPyM5/yLRAVMtDS2Dmtuo6llWbE0tYxdJAvXDGmRRBl6YO9hjbmFLHcvdH1nY/QpDAddig==
I/Adreno-EGL(20941): <qeglDrvAPI_eglInitialize:410>: EGL 1.4 QUALCOMM build:  ()
I/Adreno-EGL(20941): OpenGL ES Shader Compiler Version: E031.25.01.03
I/Adreno-EGL(20941): Build Date: 03/03/15 Tue
I/Adreno-EGL(20941): Local Branch: LA.BF.1.1_RB1_20150108_025_1077123_1158499
I/Adreno-EGL(20941): Remote Branch: 
I/Adreno-EGL(20941): Local Patches: 
I/Adreno-EGL(20941): Reconstruct Branch: 
W/GeoLookout(20982): H: zOXtzplbN+8pOR8lXMN+zuVFxvDlCo+Yzxg4ugbhd7A04DIT5nFf+o6jguBECoC9dC8nZsnXtcP6wJ/Do8CKbApjnmitl3AiTeKReyJRDttBktCZIh1mNkZuovfXxXoAjd37PhyBM3ng3bcKYjYGOEDyKJaWZrwK1FfNJWfEtzYH8n1Joa422xGgCu3P2tNC0syzQpcTEb6CNvuJmw0Apg==
I/GeoLookout(20982): H: zOXtzplbN+8pOR8lXMN+zq5rYKS75KQLo4xvOOBhIY6eGw1/GT6WQYb1SRYOugxmkGHzev/Lb2j+GB0+6UGDnw==
D/SettingsProvider(  869): name = safetycare_geolookout_registering
D/SettingsProvider(  869): edmUri: content://com.sec.knox.provider/RestrictionPolicy3
D/SettingsProvider(  869): projectionArgs: isSettingsChangesAllowed
D/SettingsProvider(  869): selectionArgs: false
D/SettingsProvider(  869): selectionArgs: 10134
D/SecContentProvider(  869): uri = 17 selection = isSettingsChangesAllowed
D/SettingsProvider(  869): ret = -1
W/cr.media(20941): Requires BLUETOOTH permission
E/Zygote  (21030): MountEmulatedStorage()
E/Zygote  (21030): v2
I/SELinux (21030): Function: selinux_compare_spd_ram, SPD-policy is existed. and_ver=SEPF_SCL23_5.0 ver=27
I/SELinux (21030): Function: selinux_compare_spd_ram , priority [1] , priority version is VE=SEPF_SCL23_5.0_0027
E/SELinux (21030): [DEBUG] get_category: variable seinfo: chrome sensitivity: NULL, cateogry: NULL
D/GeoLookout(20982): H: oG7yKmvlgCB+MeB9ScCFjRATu9ZqRwmv7A7uEos9Q9mvO4YDA6qaoxYEtGEMNH1w
D/GeoLookout(20982): H: oG7yKmvlgCB+MeB9ScCFjRej64htfcxG5kL3SHyGYDnr4brh3hp83PTv8sTeWgfzb09Wu8w+l9FeW3bXb18r1tcp17zAuCthjNMD7/ctUpMsPOZWZzY9gg1XBOkZWTGk
D/GeoLookout(20982): H: oG7yKmvlgCB+MeB9ScCFjfFK6n2WxeJSk2pAGNbQ5p0X1S2Rcjfuoz/uR69LW7q4dRvDIbb+p93sEFNr9NIFsA==
D/GeoLookout(20982): H: oG7yKmvlgCB+MeB9ScCFjYXOqDX8ezzeYFlqIugeVh9tddYklHQaYJQeZ5D1n0CWhpLwjVw6z1MjJ35DMCBpaiDarp/XHnFoZkDEv7L3KA0=
D/GeoLookout(20982): H: oG7yKmvlgCB+MeB9ScCFjfFK6n2WxeJSk2pAGNbQ5p22QnYVOq7PKBLe2qMCpGYydjAdGQcIiahEY/ZKpSgLLdWk9sWz2GyOXv6qxHaW2H26fDXZ20X1h16kWUzITBbTh7G11qed9LU9uS7nht+c434ovyAFMeLCkHYTLVI5fwY=
D/GeoLookout(20982): H: oG7yKmvlgCB+MeB9ScCFjfFK6n2WxeJSk2pAGNbQ5p3XGW9731/b3rcTnBUpVV7cdjAdGQcIiahEY/ZKpSgLLdWk9sWz2GyOXv6qxHaW2H26fDXZ20X1h16kWUzITBbTuusrI/cx+kAef/132msRDOjT1uSoU6fTNM2FcLdxHvc=
D/GeoLookout(20982): H: oG7yKmvlgCB+MeB9ScCFjfFK6n2WxeJSk2pAGNbQ5p12ZYW7EHdFPrtYal2Fa+Dd68yUZQKIJ3hlUln0tkAJ1jGrn11d9dVZu37ODLdMnRQ=
D/GeoLookout(20982): H: oG7yKmvlgCB+MeB9ScCFjfFK6n2WxeJSk2pAGNbQ5p1K5Kp9g0feANk0KXoU8rEUQRDW3di+2lqtjRvD6Foc0OSK79yglawLMq2qfKHF0t+rzoiO7awSXeKcgiSJMfNZu89EQ821mpIbyCdOp1WNyQ==
D/TimaKeyStoreProvider(21030): TimaSignature is unavailable
D/ActivityThread(21030): Added TimaKeyStore provider
D/GeoLookout(20982): H: oG7yKmvlgCB+MeB9ScCFjfFK6n2WxeJSk2pAGNbQ5p3cXw/c05/SMEtFN8iBNLnY4tvU5wsp5Dwccfz++DFQoQ==
D/GeoLookout(20982): H: oG7yKmvlgCB+MeB9ScCFjfFK6n2WxeJSk2pAGNbQ5p1QdJyd/p15/7HTe6I45I69M4svW0ahfvr+YIey5W092wGcTlQvpBSgOqyfO72Z3wUxq59dXfXVWbt+zgy3TJ0U
D/EnterpriseController(  287): mIsMarkChainAdded is 0 mIsBlockChainAdded is 0 netId is 0
D/Netd    (  287): getNetworkForDns: using netid 502 for uid 10106
D/ResourcesManager(21030): creating new AssetManager and set to /data/app/com.android.chrome-2/base.apk
D/EnterpriseController(  287): mIsMarkChainAdded is 0 mIsBlockChainAdded is 0 netId is 0
D/Netd    (  287): getNetworkForDns: using netid 502 for uid 10106
D/GeoLookout(20982): H: oG7yKmvlgCB+MeB9ScCFjfFK6n2WxeJSk2pAGNbQ5p1MpblPvMyD8bF5o9h5mVT9aba68PSLy9IpSfBXGHVgOg==
D/SyncController(20941): Enabling sync
D/GeoLookout(20982): H: oG7yKmvlgCB+MeB9ScCFjRATu9ZqRwmv7A7uEos9Q9mvO4YDA6qaoxYEtGEMNH1w
D/GeoLookout(20982): H: oG7yKmvlgCB+MeB9ScCFjRej64htfcxG5kL3SHyGYDnr4brh3hp83PTv8sTeWgfzb09Wu8w+l9FeW3bXb18r1tcp17zAuCthjNMD7/ctUpMsPOZWZzY9gg1XBOkZWTGk
D/GeoLookout(20982): H: oG7yKmvlgCB+MeB9ScCFjVjhROowReQZ6uZ83+PHbxXxfrUuNQHmPlY4PsIKqeHXpHMfmw7BKa8EvZP1XFE95vEpSHlOxg9XQoR6KQvcMJUezCj+VlRSvYmiaFKv4yMdF9ANJ7ri8t1rvBR++sDAZA==
D/EnterpriseController(  287): mIsMarkChainAdded is 0 mIsBlockChainAdded is 0 netId is 0
D/Netd    (  287): getNetworkForDns: using netid 502 for uid 10106
E/Zygote  (21061): MountEmulatedStorage()
E/Zygote  (21061): v2
I/cr.ChildProcessService(21030): Creating new ChildProcessService pid=21030
I/art     (  327): Explicit concurrent mark sweep GC freed 8719(371KB) AllocSpace objects, 0(0B) LOS objects, 39% free, 15MB/25MB, paused 271us total 15.598ms
I/art     (  327): Explicit concurrent mark sweep GC freed 5(160B) AllocSpace objects, 0(0B) LOS objects, 39% free, 15MB/25MB, paused 257us total 8.313ms
I/art     (  327): Explicit concurrent mark sweep GC freed 5(160B) AllocSpace objects, 0(0B) LOS objects, 39% free, 15MB/25MB, paused 254us total 8.622ms
I/SELinux (21061): Function: selinux_compare_spd_ram, SPD-policy is existed. and_ver=SEPF_SCL23_5.0 ver=27
I/SELinux (21061): Function: selinux_compare_spd_ram , priority [1] , priority version is VE=SEPF_SCL23_5.0_0027
E/SELinux (21061): [DEBUG] get_category: variable seinfo: shared sensitivity: NULL, cateogry: NULL
I/cr.library_loader(21030): Loading chrome directly from within /data/app/com.android.chrome-2/base.apk
D/TimaKeyStoreProvider(21061): TimaSignature is unavailable
D/ActivityThread(21061): Added TimaKeyStore provider
D/ResourcesManager(21061): creating new AssetManager and set to /system/app/DualClockDigital/DualClockDigital.apk
I/cr.library_loader(21030): Time to load native libraries: 107 ms (timestamps 8898-9005)
I/cr.library_loader(21030): Expected native library version number "46.0.2490.76", actual native library version number "46.0.2490.76"
I/chromium(21030): [INFO:library_loader_hooks.cc(118)] Chromium logging enabled: level = 0, default verbosity = 0
I/DEBUG   (24795): 
I/DEBUG   (24795): Tombstone written to: /data/tombstones/tombstone_09
E/        (24795): !@dumpstate -k -t -z -d -o /data/log/dumpstate_app_native -m 10400
E/SharedPreferencesImpl(  869): Couldn't create directory for SharedPreferences file shared_prefs/log_files.xml
E/libEGL  (21030): validate_display:255 error 3008 (EGL_BAD_DISPLAY)
I/Adreno-EGL(21030): <qeglDrvAPI_eglInitialize:410>: EGL 1.4 QUALCOMM build:  ()
I/Adreno-EGL(21030): OpenGL ES Shader Compiler Version: E031.25.01.03
I/Adreno-EGL(21030): Build Date: 03/03/15 Tue
I/Adreno-EGL(21030): Local Branch: LA.BF.1.1_RB1_20150108_025_1077123_1158499
I/Adreno-EGL(21030): Remote Branch: 
I/Adreno-EGL(21030): Local Patches: 
I/Adreno-EGL(21030): Reconstruct Branch: 
I/dumpstate(21083): begin
D/ResourcesManager(  869): creating new AssetManager and set to /data/app/jp.co.hoanggaru-1/base.apk
I/dumpstate(21090): begin
I/dumpstate(21090): dumpstate is still running
I/SurfaceFlinger(  257): id=1932 createSurf (49x49),1 flag=4, Application Error: jp.co.hoanggaru
E/Zygote  (21092): MountEmulatedStorage()
E/Zygote  (21092): v2
D/CrashAnrDetector(  869): Build: KDDI/SCL23/SCL23:5.0/LRX21T/SCL23KDU1COE7:user/release-keys
D/CrashAnrDetector(  869): Hardware: MSM8974
D/CrashAnrDetector(  869): Revision: 13
D/CrashAnrDetector(  869): Bootloader: SCL23KDU1COE7
D/CrashAnrDetector(  869): Radio: unknown
D/CrashAnrDetector(  869): Kernel: Linux version 3.4.0-4873432 (dpi@SWDD5010) (gcc version 4.8 (GCC) ) #1 SMP PREEMPT Thu May 21 08:56:36 KST 2015
D/CrashAnrDetector(  869): 
D/CrashAnrDetector(  869): *** *** *** *** *** *** *** *** *** *** *** *** *** *** *** ***
D/CrashAnrDetector(  869): Build fingerprint: 'KDDI/SCL23/SCL23:5.0/LRX21T/SCL23KDU1COE7:user/release-keys'
D/CrashAnrDetector(  869): Revision: '13'
D/CrashAnrDetector(  869): ABI: 'arm'
D/CrashAnrDetector(  869): pid: 10400, tid: 20898, name: GLThread 37638  >>> jp.co.hoanggaru <<<
D/CrashAnrDetector(  869): signal 6 (SIGABRT), code -6 (SI_TKILL), fault addr 
D/CrashAnrDetector(  869): processName:jp.co.hoanggaru
D/CrashAnrDetector(  869): broadcastEvent : jp.co.hoanggaru SYSTEM_TOMBSTONE
I/ACodec  (21030):  [] Now uninitialized
I/SELinux (21092): Function: selinux_compare_spd_ram, SPD-policy is existed. and_ver=SEPF_SCL23_5.0 ver=27
I/SELinux (21092): Function: selinux_compare_spd_ram , priority [1] , priority version is VE=SEPF_SCL23_5.0_0027
I/OpenGLRenderer(  869): Initialized EGL, version 1.4
E/SELinux (21092): [DEBUG] get_category: variable seinfo: platform sensitivity: NULL, cateogry: NULL
I/OMXClient(21030): Using client-side OMX mux.
V/OMXCodec(21030): matching 'OMX.qcom.video.decoder.vp8' quirks 0x00100028
I/OpenGLRenderer(  869): HWUI protection enabled for context ,  &this =0x9fc7cf88 ,&mEglDisplay = 1 , &mEglConfig = 8 
V/OMXCodec(21030): matching 'OMX.SEC.vp8.dec' quirks 0x00004000
V/OMXCodec(21030): matching 'OMX.google.vp8.decoder' quirks 0x00000000
D/TimaKeyStoreProvider(21092): TimaSignature is unavailable
D/ActivityThread(21092): Added TimaKeyStore provider
D/ResourcesManager(21092): creating new AssetManager and set to /system/app/SamsungCamera3/SamsungCamera3.apk
D/OMX     (  301): SendBroadCasting VIDEO_PLAYBACK_START
I/ACodec  (21030): [OMX.qcom.video.decoder.vp8] Now Loaded
E/        (  301): Destroy C2D instance
E/        (  301): Destroy C2D instance
D/OMX     (  301): SendBroadCasting VIDEO_PLAYBACK_STOP
I/ACodec  (21030):  [OMX.qcom.video.decoder.vp8] Now uninitialized
V/TaskCloserActivity(15714): TaskCloserActivity onReceive() - com.sec.android.intent.action.HOME_RESUME
D/StatusBar.NetworkController( 1206): refreshSignalCluster - setNWBoosterIndicators(false)
D/StatusBar.NetworkController( 1206): applyJPN
D/StatusBar.NetworkController( 1206): refreshSignalCluster - setNWBoosterIndicators(false)
D/StatusBar.NetworkController( 1206): applyJPN
D/StatusBar.NetworkController( 1206): refreshSignalCluster - setNWBoosterIndicators(false)
D/StatusBar.NetworkController( 1206): applyJPN
D/StatusBar.NetworkController( 1206): refreshSignalCluster - setNWBoosterIndicators(false)
D/StatusBar.NetworkController( 1206): applyJPN
V/TaskCloserActivity(15714): TaskCloserActivity onReceive() - com.sec.android.intent.action.HOME_PAUSE
E/android.os.Debug(  869): !@Dumpstate > dumpstate -k -t -z -d -o /data/log/dumpstate_app_error
I/dumpstate(21120): begin
I/dumpstate(21120): dumpstate is still running
D/StatusBar.NetworkController( 1206): onSignalStrengthsChanged signalStrength=SignalStrength: 99 99 -120 -160 -120 -1 -1 99 2147483647 2147483647 2147483647 -1 2147483647 0x0 cdma level=0
D/InputReader(  869): Input event: value=1
I/InputReader(  869): Touch event's action is 0x0 (deviceType=0) [pCnt=1, s=0.7882 ] when=156250134676000
I/InputDispatcher(  869): Delivering touch to (869): action: 0x0, toolType: 1
D/ViewRootImpl(  869): ViewPostImeInputStage ACTION_DOWN
D/InputReader(  869): Input event: value=0
I/InputReader(  869): Touch event's action is 0x1 (deviceType=0) [pCnt=1, s=] when=156250221888000
I/InputDispatcher(  869): Delivering touch to (869): action: 0x1, toolType: 1
I/AudioPolicyManager(  301): getAudioPolicyConfig: situation=1;device=0
I/AudioPolicyManager(  301): getSituationVolume: isBTConnected:0 isHeadConnected:0
V/AudioPolicyManager(  301): deviceInt = 0, situationInt = 1, situationVolume = 1.000000
V/AudioPolicyManager(  301): getOutput() device 2, stream 1, samplingRate 0, format 0, channelMask 0, flags 3
V/AudioPolicyManager(  301): getOutputsForDevice device 0002 -> 0002
V/AudioPolicyManager(  301): getOutput() returns output 2
V/AudioPolicyManager(  301): getOutput() device 2, stream 1, samplingRate 0, format 0, channelMask 0, flags 3
V/AudioPolicyManager(  301): getOutputsForDevice device 0002 -> 0002
V/AudioPolicyManager(  301): getOutput() returns output 2
V/AudioPolicyManager(  301): getOutputForAttr() usage=13, content=4, tag= flags=00000000
V/AudioPolicyManager(  301): getOutputForAttr() device 2, samplingRate 48000, format 1, channelMask 1, flags 4
V/AudioPolicyManager(  301): getOutputsForDevice device 0002 -> 0002
V/AudioPolicyManager(  301): selectOutput() commonFlags for output 4, 0001
V/AudioPolicyManager(  301): getOutput() returns output 4
V/AudioPolicyManager(  301): startOutput() output 4, stream 1, session 4117
V/AudioPolicyManager(  301): changeRefCount() stream 1, count 1
V/AudioPolicyManager(  301): getNewOutputDevice() selected device 2
V/AudioPolicyManager(  301): setOutputDevice() output 4 device 0002 delayMs 0
V/AudioPolicyManager(  301): setOutputDevice() prevDevice 0002
V/AudioPolicyManager(  301): setOutputDevice() setting same device 0002 or null device for output 4
V/AudioPolicyManager(  301): releaseOutput() 4
E/ViewRootImpl(  869): sendUserActionEvent() mView == null
E/OpenGLRenderer(  869): SFEffectCache:clear(), mSize = 0
D/StatusBar.NetworkController( 1206): refreshSignalCluster - setNWBoosterIndicators(false)
D/StatusBar.NetworkController( 1206): applyJPN
D/StatusBar.NetworkController( 1206): refreshSignalCluster - setNWBoosterIndicators(false)
D/StatusBar.NetworkController( 1206): applyJPN
D/StatusBar.NetworkController( 1206): refreshSignalCluster - setNWBoosterIndicators(false)
D/StatusBar.NetworkController( 1206): applyJPN
D/StatusBar.NetworkController( 1206): refreshSignalCluster - setNWBoosterIndicators(false)
D/StatusBar.NetworkController( 1206): applyJPN
I/SurfaceFlinger(  257): id=1932 Removed Application Error: jp.co.hoanggaru (9/10)
I/SurfaceFlinger(  257): id=1932 Removed Application Error: jp.co.hoanggaru (-2/10)
V/AudioPolicyManager(  301): stopOutput() output 4, stream 1, session 4117
V/AudioPolicyManager(  301): changeRefCount() stream 1, count 0
V/AudioPolicyManager(  301): getNewOutputDevice() selected device 0
V/AudioPolicyManager(  301): setOutputDevice() output 4 device 0000 delayMs 100
V/AudioPolicyManager(  301): setOutputDevice() prevDevice 0002
V/AudioPolicyManager(  301): setOutputDevice() setting same device 0000 or null device for output 4
D/StatusBar.NetworkController( 1206): onSignalStrengthsChanged signalStrength=SignalStrength: 99 99 -120 -160 -120 -1 -1 99 2147483647 2147483647 2147483647 -1 2147483647 0x0 cdma level=0
E/SMD     (  294): DCD ON
D/StatusBar.NetworkController( 1206): refreshSignalCluster - setNWBoosterIndicators(false)
D/StatusBar.NetworkController( 1206): applyJPN
D/StatusBar.NetworkController( 1206): refreshSignalCluster - setNWBoosterIndicators(false)
D/StatusBar.NetworkController( 1206): applyJPN
D/StatusBar.NetworkController( 1206): refreshSignalCluster - setNWBoosterIndicators(false)
D/StatusBar.NetworkController( 1206): applyJPN
D/StatusBar.NetworkController( 1206): refreshSignalCluster - setNWBoosterIndicators(false)
D/StatusBar.NetworkController( 1206): applyJPN
D/StatusBar.NetworkController( 1206): onSignalStrengthsChanged signalStrength=SignalStrength: 99 99 -120 -160 -120 -1 -1 99 2147483647 2147483647 2147483647 -1 2147483647 0x0 cdma level=0
V/audio_hw_primary(  301): out_standby: enter: usecase(1: low-latency-playback)
V/audio_hw_primary(  301): stop_output_stream: enter: usecase(1: low-latency-playback)
V/audio_hw_primary(  301): disable_audio_route: enter: usecase(1)
V/audio_hw_primary(  301): disable_audio_route: reset mixer path: low-latency-playback
D/audio_route(  301): ++++ audio_route_update_mixer ==============
D/audio_route(  301): Setting mixer control: SLIMBUS_0_RX Audio Mixer MultiMedia5
D/audio_route(  301): Setting mixer control: value: 0
D/audio_route(  301): ------ audio_route_update_mixer ==============
V/audio_hw_primary(  301): disable_audio_route: exit
V/audio_hw_primary(  301): disable_snd_device: snd_device(2: speaker)
D/audio_route(  301): ++++ audio_route_update_mixer ==============
D/audio_route(  301): Setting mixer control: SPK DRV Volume
D/audio_route(  301): Setting mixer control: value: 0
D/audio_route(  301): Setting mixer control: RX7 Digital Volume
D/audio_route(  301): Setting mixer control: value: 0
D/audio_route(  301): Setting mixer control: COMP0 Switch
D/audio_route(  301): Setting mixer control: value: 0
D/audio_route(  301): Setting mixer control: RX7 MIX1 INP1, value: 0
D/audio_route(  301): Setting mixer control: DAC1 Switch
D/audio_route(  301): Setting mixer control: value: 0
D/audio_route(  301): ------ audio_route_update_mixer ==============
V/audio_hw_primary(  301): stop_output_stream: exit: status(0)
V/audio_hw_primary(  301): out_standby: exit
D/EnterpriseController(  287): mIsMarkChainAdded is 0 mIsBlockChainAdded is 0 netId is 0
D/Netd    (  287): getNetworkForDns: using netid 502 for uid 10106
E/SMD     (  294): DCD ON
D/GeoLookout(20982): H: oG7yKmvlgCB+MeB9ScCFjfFK6n2WxeJSk2pAGNbQ5p0X1S2Rcjfuoz/uR69LW7q4dRvDIbb+p93sEFNr9NIFsA==
D/GeoLookout(20982): H: oG7yKmvlgCB+MeB9ScCFjYXOqDX8ezzeYFlqIugeVh9tddYklHQaYJQeZ5D1n0CWhpLwjVw6z1MjJ35DMCBpaiDarp/XHnFoZkDEv7L3KA0=
D/GeoLookout(20982): H: oG7yKmvlgCB+MeB9ScCFjfFK6n2WxeJSk2pAGNbQ5p22QnYVOq7PKBLe2qMCpGYydjAdGQcIiahEY/ZKpSgLLdWk9sWz2GyOXv6qxHaW2H26fDXZ20X1h16kWUzITBbTh7G11qed9LU9uS7nht+c434ovyAFMeLCkHYTLVI5fwY=
D/GeoLookout(20982): H: oG7yKmvlgCB+MeB9ScCFjfFK6n2WxeJSk2pAGNbQ5p3XGW9731/b3rcTnBUpVV7cdjAdGQcIiahEY/ZKpSgLLdWk9sWz2GyOXv6qxHaW2H26fDXZ20X1h16kWUzITBbTuusrI/cx+kAef/132msRDOjT1uSoU6fTNM2FcLdxHvc=
D/GeoLookout(20982): H: oG7yKmvlgCB+MeB9ScCFjfFK6n2WxeJSk2pAGNbQ5p12ZYW7EHdFPrtYal2Fa+Dd68yUZQKIJ3hlUln0tkAJ1jGrn11d9dVZu37ODLdMnRQ=
D/GeoLookout(20982): H: oG7yKmvlgCB+MeB9ScCFjfFK6n2WxeJSk2pAGNbQ5p1K5Kp9g0feANk0KXoU8rEUQRDW3di+2lqtjRvD6Foc0OSK79yglawLMq2qfKHF0t+rzoiO7awSXeKcgiSJMfNZu89EQ821mpIbyCdOp1WNyQ==
D/GeoLookout(20982): H: oG7yKmvlgCB+MeB9ScCFjfFK6n2WxeJSk2pAGNbQ5p3cXw/c05/SMEtFN8iBNLnY4tvU5wsp5Dwccfz++DFQoQ==
D/GeoLookout(20982): H: oG7yKmvlgCB+MeB9ScCFjfFK6n2WxeJSk2pAGNbQ5p1QdJyd/p15/7HTe6I45I69M4svW0ahfvr+YIey5W092wGcTlQvpBSgOqyfO72Z3wUxq59dXfXVWbt+zgy3TJ0U
D/StatusBar.NetworkController( 1206): refreshSignalCluster - setNWBoosterIndicators(false)
D/StatusBar.NetworkController( 1206): applyJPN
D/StatusBar.NetworkController( 1206): refreshSignalCluster - setNWBoosterIndicators(false)
D/StatusBar.NetworkController( 1206): applyJPN
D/StatusBar.NetworkController( 1206): refreshSignalCluster - setNWBoosterIndicators(false)
D/StatusBar.NetworkController( 1206): applyJPN
D/StatusBar.NetworkController( 1206): refreshSignalCluster - setNWBoosterIndicators(false)
D/StatusBar.NetworkController( 1206): applyJPN
D/ResourcesManager(  869): creating new AssetManager and set to /system/priv-app/TouchWizHome_K/TouchWizHome_K.apk
D/StatusBar.NetworkController( 1206): refreshSignalCluster - setNWBoosterIndicators(false)
D/StatusBar.NetworkController( 1206): applyJPN
D/StatusBar.NetworkController( 1206): refreshSignalCluster - setNWBoosterIndicators(false)
D/StatusBar.NetworkController( 1206): applyJPN
D/StatusBar.NetworkController( 1206): refreshSignalCluster - setNWBoosterIndicators(false)
D/StatusBar.NetworkController( 1206): applyJPN
D/StatusBar.NetworkController( 1206): refreshSignalCluster - setNWBoosterIndicators(false)
D/StatusBar.NetworkController( 1206): applyJPN
I/art     (  869): Explicit concurrent mark sweep GC freed 15612(1041KB) AllocSpace objects, 22(2MB) LOS objects, 22% free, 56MB/72MB, paused 1.681ms total 163.429ms
D/EnterpriseController(  287): mIsMarkChainAdded is 0 mIsBlockChainAdded is 0 netId is 0
D/Netd    (  287): getNetworkForDns: using netid 502 for uid 10106
D/EnterpriseController(  287): mIsMarkChainAdded is 0 mIsBlockChainAdded is 0 netId is 0
D/Netd    (  287): getNetworkForDns: using netid 502 for uid 10106
D/EnterpriseController(  287): mIsMarkChainAdded is 0 mIsBlockChainAdded is 0 netId is 0
D/Netd    (  287): getNetworkForDns: using netid 502 for uid 10106
D/StatusBar.NetworkController( 1206): onSignalStrengthsChanged signalStrength=SignalStrength: 99 99 -120 -160 -120 -1 -1 99 2147483647 2147483647 2147483647 -1 2147483647 0x0 cdma level=0
D/StatusBar( 1206): ----- contentsUnchanged : true, bigContentsUnchanged - true, headsUpContentsUnchanged - true , publicUnchanged true
D/PersonaManager( 1206): isKioskContainerExistOnDevice
D/PersonaManager( 1206): isKioskContainerExistOnDevice
I/PhoneStatusBar( 1206): Icon Only
D/KeyguardUpdateMonitor( 1206): updateCMASText( show = false )
D/PanelView( 1206): There is/are notification(s) 
D/PanelView( 1206): kidsfalse mQsExpansionEnabled:true
D/KeyguardUpdateMonitor( 1206): updateCMASText( show = false )
D/PanelView( 1206): There is/are notification(s) 
D/PersonaManager( 1206): isKioskContainerExistOnDevice
I/PhoneStatusBar( 1206): Icon Only
D/KeyguardUpdateMonitor( 1206): updateCMASText( show = false )
D/PanelView( 1206): There is/are notification(s) 
D/PanelView( 1206): kidsfalse mQsExpansionEnabled:true
D/KeyguardUpdateMonitor( 1206): updateCMASText( show = false )
D/PanelView( 1206): mClearAll.setVisibility - mIsFullyOpened : false isShade : true mHasNotification : true mIsUpwardFling : false mQsFullyExpanded : false isShadeLocked : false mClearAllVisible : true
D/StatusBar.NetworkController( 1206): refreshSignalCluster - setNWBoosterIndicators(false)
D/StatusBar.NetworkController( 1206): applyJPN
D/StatusBar.NetworkController( 1206): refreshSignalCluster - setNWBoosterIndicators(false)
D/StatusBar.NetworkController( 1206): applyJPN
D/StatusBar.NetworkController( 1206): refreshSignalCluster - setNWBoosterIndicators(false)
D/StatusBar.NetworkController( 1206): applyJPN
D/StatusBar.NetworkController( 1206): refreshSignalCluster - setNWBoosterIndicators(false)
D/StatusBar.NetworkController( 1206): applyJPN
E/SMD     (  294): DCD ON
D/StatusBar.NetworkController( 1206): onSignalStrengthsChanged signalStrength=SignalStrength: 99 99 -120 -160 -120 -1 -1 99 2147483647 2147483647 2147483647 -1 2147483647 0x0 cdma level=0
D/StatusBar.NetworkController( 1206): refreshSignalCluster - setNWBoosterIndicators(false)
D/StatusBar.NetworkController( 1206): applyJPN
D/StatusBar.NetworkController( 1206): refreshSignalCluster - setNWBoosterIndicators(false)
D/StatusBar.NetworkController( 1206): applyJPN
D/StatusBar.NetworkController( 1206): refreshSignalCluster - setNWBoosterIndicators(false)
D/StatusBar.NetworkController( 1206): applyJPN
D/StatusBar.NetworkController( 1206): refreshSignalCluster - setNWBoosterIndicators(false)
D/StatusBar.NetworkController( 1206): applyJPN
D/StatusBar.NetworkController( 1206): refreshSignalCluster - setNWBoosterIndicators(false)
D/StatusBar.NetworkController( 1206): applyJPN
D/StatusBar.NetworkController( 1206): refreshSignalCluster - setNWBoosterIndicators(false)
D/StatusBar.NetworkController( 1206): applyJPN
D/StatusBar.NetworkController( 1206): refreshSignalCluster - setNWBoosterIndicators(false)
D/StatusBar.NetworkController( 1206): applyJPN
D/StatusBar.NetworkController( 1206): refreshSignalCluster - setNWBoosterIndicators(false)
D/StatusBar.NetworkController( 1206): applyJPN
D/StatusBar.NetworkController( 1206): refreshSignalCluster - setNWBoosterIndicators(false)
D/StatusBar.NetworkController( 1206): applyJPN
D/StatusBar.NetworkController( 1206): refreshSignalCluster - setNWBoosterIndicators(false)
D/StatusBar.NetworkController( 1206): applyJPN
D/StatusBar.NetworkController( 1206): refreshSignalCluster - setNWBoosterIndicators(false)
D/StatusBar.NetworkController( 1206): applyJPN
D/StatusBar.NetworkController( 1206): refreshSignalCluster - setNWBoosterIndicators(false)
D/StatusBar.NetworkController( 1206): applyJPN
D/StatusBar.NetworkController( 1206): onSignalStrengthsChanged signalStrength=SignalStrength: 99 99 -120 -160 -120 -1 -1 99 2147483647 2147483647 2147483647 -1 2147483647 0x0 cdma level=0
W/chromium(20941): [WARNING:sessions_sync_manager.cc(560)] Old sessions node without tab node id; can't tombstone.
W/chromium(20941): [WARNING:sessions_sync_manager.cc(560)] Old sessions node without tab node id; can't tombstone.
W/chromium(20941): [WARNING:sessions_sync_manager.cc(560)] Old sessions node without tab node id; can't tombstone.
W/chromium(20941): [WARNING:sessions_sync_manager.cc(560)] Old sessions node without tab node id; can't tombstone.
W/chromium(20941): [WARNING:sessions_sync_manager.cc(560)] Old sessions node without tab node id; can't tombstone.
W/chromium(20941): [WARNING:sessions_sync_manager.cc(560)] Old sessions node without tab node id; can't tombstone.
W/chromium(20941): [WARNING:sessions_sync_manager.cc(560)] Old sessions node without tab node id; can't tombstone.
W/chromium(20941): [WARNING:sessions_sync_manager.cc(560)] Old sessions node without tab node id; can't tombstone.
W/chromium(20941): [WARNING:sessions_sync_manager.cc(560)] Old sessions node without tab node id; can't tombstone.
D/StatusBar.NetworkController( 1206): refreshSignalCluster - setNWBoosterIndicators(false)
D/StatusBar.NetworkController( 1206): applyJPN
D/StatusBar.NetworkController( 1206): refreshSignalCluster - setNWBoosterIndicators(false)
D/StatusBar.NetworkController( 1206): applyJPN
D/StatusBar.NetworkController( 1206): refreshSignalCluster - setNWBoosterIndicators(false)
D/StatusBar.NetworkController( 1206): applyJPN
D/StatusBar.NetworkController( 1206): refreshSignalCluster - setNWBoosterIndicators(false)
D/StatusBar.NetworkController( 1206): applyJPN
E/SMD     (  294): DCD ON
D/StatusBar.NetworkController( 1206): onSignalStrengthsChanged signalStrength=SignalStrength: 99 99 -120 -160 -120 -1 -1 99 2147483647 2147483647 2147483647 -1 2147483647 0x0 cdma level=0
E/SMD     (  294): DCD ON
D/StatusBar.NetworkController( 1206): onSignalStrengthsChanged signalStrength=SignalStrength: 99 99 -120 -160 -120 -1 -1 99 2147483647 2147483647 2147483647 -1 2147483647 0x0 cdma level=0
E/Zygote  (21469): MountEmulatedStorage()
E/Zygote  (21469): v2
I/SELinux (21469): Function: selinux_compare_spd_ram, SPD-policy is existed. and_ver=SEPF_SCL23_5.0 ver=27
I/SELinux (21469): Function: selinux_compare_spd_ram , priority [1] , priority version is VE=SEPF_SCL23_5.0_0027
E/SELinux (21469): [DEBUG] get_category: variable seinfo: default sensitivity: NULL, cateogry: NULL
D/TimaKeyStoreProvider(21469): TimaSignature is unavailable
D/ActivityThread(21469): Added TimaKeyStore provider
D/ResourcesManager(21469): creating new AssetManager and set to /system/priv-app/DisasterApp/DisasterApp.apk
E/Zygote  (21496): MountEmulatedStorage()
E/Zygote  (21496): v2
I/SELinux (21496): Function: selinux_compare_spd_ram, SPD-policy is existed. and_ver=SEPF_SCL23_5.0 ver=27
I/SELinux (21496): Function: selinux_compare_spd_ram , priority [1] , priority version is VE=SEPF_SCL23_5.0_0027
E/SELinux (21496): [DEBUG] get_category: variable seinfo: default sensitivity: NULL, cateogry: NULL
D/TimaKeyStoreProvider(21496): TimaSignature is unavailable
D/ActivityThread(21496): Added TimaKeyStore provider
D/ResourcesManager(21496): creating new AssetManager and set to /system/app/auSmartPass/auSmartPass.apk
W/ContextImpl(21496): Failed to ensure directory: /storage/extSdCard/Android/data/com.kddi.pass.launcher/files/.album
W/ContextImpl(21496): Failed to ensure directory: /storage/extSdCard/Android/data/com.kddi.pass.launcher/cache
W/ContextImpl(21496): Failed to ensure directory: /storage/extSdCard/Android/data/com.kddi.pass.launcher/cache
W/ContextImpl(21496): Failed to ensure directory: /storage/extSdCard/Android/data/com.kddi.pass.launcher/cache
D/StatusBar.NetworkController( 1206): refreshSignalCluster - setNWBoosterIndicators(false)
D/StatusBar.NetworkController( 1206): applyJPN
D/StatusBar.NetworkController( 1206): refreshSignalCluster - setNWBoosterIndicators(false)
D/StatusBar.NetworkController( 1206): applyJPN
D/StatusBar.NetworkController( 1206): refreshSignalCluster - setNWBoosterIndicators(false)
D/StatusBar.NetworkController( 1206): applyJPN
D/StatusBar.NetworkController( 1206): refreshSignalCluster - setNWBoosterIndicators(false)
D/StatusBar.NetworkController( 1206): applyJPN
D/StatusBar.NetworkController( 1206): onSignalStrengthsChanged signalStrength=SignalStrength: 99 99 -120 -160 -120 -1 -1 99 2147483647 2147483647 2147483647 -1 2147483647 0x0 cdma level=0
I/dumpstate(21083): waiting for zip started
I/dumpstate(21083): waiting for zip end
I/dumpstate(21083): done
I/SurfaceFlinger(  257): id=1927 Removed SurfaceView (4/9)
I/SurfaceFlinger(  257): id=1927 Removed SurfaceView (-2/9)
I/SurfaceFlinger(  257): id=1926 Removed jp.co.hoanggaru/org.cocos2dx.cpp.AppActivity (4/8)
I/SurfaceFlinger(  257): id=1926 Removed jp.co.hoanggaru/org.cocos2dx.cpp.AppActivity (-2/8)
I/SurfaceFlinger(  257): id=1927 Removed SurfaceView (-2/8)
I/SurfaceFlinger(  257): id=1926 Removed jp.co.hoanggaru/org.cocos2dx.cpp.AppActivity (-2/8)
D/ResourcesManager(  869): creating new AssetManager and set to /data/app/jp.co.hoanggaru-1/base.apk
E/Zygote  (21567): MountEmulatedStorage()
E/Zygote  (21567): v2
I/SurfaceFlinger(  257): id=1933 createSurf (1x1),1 flag=404, Starting jp.co.hoanggaru
I/Zygote  (  327): Process 10400 exited due to signal (6)
I/SELinux (21567): Function: selinux_compare_spd_ram, SPD-policy is existed. and_ver=SEPF_SCL23_5.0 ver=27
I/SELinux (21567): Function: selinux_compare_spd_ram , priority [1] , priority version is VE=SEPF_SCL23_5.0_0027
E/SELinux (21567): [DEBUG] get_category: variable seinfo: default sensitivity: NULL, cateogry: NULL
I/art     (21567): Late-enabling -Xcheck:jni
D/KeyguardUpdateMonitor( 1206): received broadcast android.intent.action.TIME_TICK
D/KeyguardUpdateMonitor( 1206): handleTimeUpdate
D/KeyguardEffectViewController( 1206): onReceive action : android.intent.action.TIME_TICK
I/KeyguardEffectViewController( 1206): *** don't update sliding image ***
D/TimaKeyStoreProvider(21567): TimaSignature is unavailable
D/ActivityThread(21567): Added TimaKeyStore provider
D/ResourcesManager(21567): creating new AssetManager and set to /data/app/jp.co.hoanggaru-1/base.apk
D/DateView( 1206): regionalDateFormat = 3333/11/22 isRTLlanguage = false returnDateFormat = MMMMd(E)
D/DateView( 1206): regionalDateFormat = 3333/11/22 isRTLlanguage = false returnDateFormat = MMMMd(E)
D/JniHelper(21567): JniHelper::setJavaVM(0xb4e5c280), pthread_self() = -1225568568
I/SensorService(  869): Skipped sensor HRM Sensor because it requires permission com.samsung.permission.SSENSOR
I/SensorService(  869): Skipped sensor HeartRate Sensor because it requires permission android.permission.BODY_SENSORS
I/SensorService(  869): Skipped sensor MAX86900 because it requires permission com.samsung.permission.SSENSOR
D/main    (21567): cocos_android_app_init
D/Cocos2dxActivity(21567): model=SCL23
D/Cocos2dxActivity(21567): product=SCL23
D/Cocos2dxActivity(21567): isEmulator=false
D/Activity(21567): performCreate Call secproduct feature valuefalse
D/Activity(21567): performCreate Call debug elastic valuetrue
D/CocosPlayClient.cpp(21567): isEnabled = 0
D/CocosPlayClient.cpp(21567): isDemo = 0
D/CocosPlayClient.cpp(21567): isNotifyFileLoadedEnabled = 0
D/OpenGLRenderer(21567): Render dirty regions requested: true
D/ActivityManager(  869): post active user change for 0 fullscreen true
D/KnoxTimeoutHandler(  869): postActiveUserChange for user 0
D/KnoxTimeoutHandler(  869): handleActiveUserChange for user 0
I/SurfaceFlinger(  257): id=1934 createSurf (1x1),1 flag=4, jp.co.hoanggaru/org.cocos2dx.cpp.AppActivity
D/StatusBar.NetworkController( 1206): refreshSignalCluster - setNWBoosterIndicators(false)
D/StatusBar.NetworkController( 1206): applyJPN
D/StatusBar.NetworkController( 1206): refreshSignalCluster - setNWBoosterIndicators(false)
D/StatusBar.NetworkController( 1206): applyJPN
D/StatusBar.NetworkController( 1206): refreshSignalCluster - setNWBoosterIndicators(false)
D/StatusBar.NetworkController( 1206): applyJPN
D/StatusBar.NetworkController( 1206): refreshSignalCluster - setNWBoosterIndicators(false)
D/StatusBar.NetworkController( 1206): applyJPN
I/Adreno-EGL(21567): <qeglDrvAPI_eglInitialize:410>: EGL 1.4 QUALCOMM build:  ()
I/Adreno-EGL(21567): OpenGL ES Shader Compiler Version: E031.25.01.03
I/Adreno-EGL(21567): Build Date: 03/03/15 Tue
I/Adreno-EGL(21567): Local Branch: LA.BF.1.1_RB1_20150108_025_1077123_1158499
I/Adreno-EGL(21567): Remote Branch: 
I/Adreno-EGL(21567): Local Patches: 
I/Adreno-EGL(21567): Reconstruct Branch: 
I/OpenGLRenderer(21567): Initialized EGL, version 1.4
I/OpenGLRenderer(21567): HWUI protection enabled for context ,  &this =0xaeb22088 ,&mEglDisplay = 1 , &mEglConfig = 8 
D/OpenGLRenderer(21567): Enabling debug mode 0
I/SurfaceFlinger(  257): id=1935 createSurf (1920x1080),1 flag=4, SurfaceView
D/cocos2d-x debug info(21567): 
D/cocos2d-x debug info(21567): {
D/cocos2d-x debug info(21567): 	gl.supports_vertex_array_object: true
D/cocos2d-x debug info(21567): 	gl.supports_BGRA8888: false
D/cocos2d-x debug info(21567): 	gl.supports_ATITC: true
D/cocos2d-x debug info(21567): 	gl.supports_S3TC: false
D/cocos2d-x debug info(21567): 	cocos2d.x.version: cocos2d-x 3.6
D/cocos2d-x debug info(21567): 	gl.supports_discard_framebuffer: true
D/cocos2d-x debug info(21567): 	cocos2d.x.compiled_with_profiler: false
D/cocos2d-x debug info(21567): 	gl.supports_PVRTC: false
D/cocos2d-x debug info(21567): 	cocos2d.x.build_type: DEBUG
D/cocos2d-x debug info(21567): 	gl.renderer: Adreno (TM) 330
D/cocos2d-x debug info(21567): 	gl.supports_ETC1: true
D/cocos2d-x debug info(21567): 	cocos2d.x.compiled_with_gl_state_cache: true
D/cocos2d-x debug info(21567): 	gl.version: OpenGL ES 3.0 V@84.0 AU@  (CL@)
D/cocos2d-x debug info(21567): 	gl.supports_NPOT: true
D/cocos2d-x debug info(21567): 	gl.max_texture_units: 32
D/cocos2d-x debug info(21567): 	gl.vendor: Qualcomm
D/cocos2d-x debug info(21567): 	gl.max_texture_size: 4096
D/cocos2d-x debug info(21567): }
D/cocos2d-x debug info(21567): 
D/cocos2d-x debug info(21567): 
E/TrackingInfo(21567): Failed to access wifi, need ACCESS_WIFI_STATE perms?
D/PluginFactory(21567): Java class name of plugin PluginFacebook is : com/sdkbox/plugin/PluginFacebook
I/SDKBox  (21567): class name : ----com/sdkbox/plugin/PluginFacebook----
E/TrackingInfo(21567): reqAdvertisingIdentifier Error:java.lang.NoClassDefFoundError: Failed resolution of: Lcom/google/android/gms/ads/identifier/AdvertisingIdClient;
D/InputMethodManagerService(  869): windowGainedFocus mCurrentFocusedUserId - 0 and mSecureKeypadEnabled-false
I/ActivityManager(  869): Displayed jp.co.hoanggaru/org.cocos2dx.cpp.AppActivity: +368ms
I/Timeline(  869): Timeline: Activity_windows_visible id: ActivityRecord{1403bed0 u0 jp.co.hoanggaru/org.cocos2dx.cpp.AppActivity t457} time:156265482
I/Timeline(21567): Timeline: Activity_idle id: android.os.BinderProxy@17eb2879 time:156265491
I/System.out(21567): (HTTPLog)-Static: isSBSettingEnabled false
I/System.out(21567): (HTTPLog)-Static: isShipBuild true
I/System.out(21567): (HTTPLog)-Thread-37763-703903698: SmartBonding Enabling is false, SHIP_BUILD is true, log to file is false, DBG is false
I/System.out(21567): (HTTPLog)-Static: isSBSettingEnabled false
D/EnterpriseController(  287): mIsMarkChainAdded is 0 mIsBlockChainAdded is 0 netId is 0
D/Netd    (  287): getNetworkForDns: using netid 502 for uid 10431
E/Zygote  (21620): MountEmulatedStorage()
E/Zygote  (21620): v2
D/PluginFacebook(21567): Was not previously FB logged
D/FacebookSDK.Request(21567): Request:
D/FacebookSDK.Request(21567):   Id:	1
D/FacebookSDK.Request(21567):   URL:	https://graph.facebook.com/v2.4/755293537927363?fields=supports_implicit_sdk_logging%2Cgdpv4_nux_content%2Cgdpv4_nux_enabled%2Candroid_dialog_configs%2Candroid_sdk_error_categories&format=json&sdk=android
D/FacebookSDK.Request(21567):   Method:	GET
D/FacebookSDK.Request(21567):   User-Agent:	FBAndroidSDK.4.6.0
D/FacebookSDK.Request(21567):   Content-Type:	application/x-www-form-urlencoded
I/System.out(21567): (HTTPLog)-Static: isSBSettingEnabled false
D/EnterpriseController(  287): mIsMarkChainAdded is 0 mIsBlockChainAdded is 0 netId is 0
D/Netd    (  287): getNetworkForDns: using netid 502 for uid 10431
D/CCFileUtils-android.cpp(21567): relative path = images/loading4.gif
I/SELinux (21620): Function: selinux_compare_spd_ram, SPD-policy is existed. and_ver=SEPF_SCL23_5.0 ver=27
I/System.out(21567): (HTTPLog)-Static: isSBSettingEnabled false
I/SELinux (21620): Function: selinux_compare_spd_ram , priority [1] , priority version is VE=SEPF_SCL23_5.0_0027
E/SELinux (21620): [DEBUG] get_category: variable seinfo: default sensitivity: NULL, cateogry: NULL
D/EnterpriseController(  287): mIsMarkChainAdded is 0 mIsBlockChainAdded is 0 netId is 0
D/Netd    (  287): getNetworkForDns: using netid 502 for uid 10431
I/System.out(21567): KnoxVpnUidStorageknoxVpnSupported API value returned is false
I/System.out(21567): KnoxVpnUidStorageknoxVpnSupported API value returned is false
I/System.out(21567): KnoxVpnUidStorageknoxVpnSupported API value returned is false
I/System.out(21567): (HTTPLog)-Static: isSBSettingEnabled false
D/EnterpriseController(  287): mIsMarkChainAdded is 0 mIsBlockChainAdded is 0 netId is 0
D/Netd    (  287): getNetworkForDns: using netid 502 for uid 10431
D/TimaKeyStoreProvider(21620): TimaSignature is unavailable
D/ActivityThread(21620): Added TimaKeyStore provider
D/ResourcesManager(21620): creating new AssetManager and set to /data/app/com.facebook.katana-2/base.apk
I/System.out(21567): KnoxVpnUidStorageknoxVpnSupported API value returned is false
I/SurfaceFlinger(  257): id=1933 Removed Starting jp.co.hoanggaru (6/10)
I/SurfaceFlinger(  257): id=1933 Removed Starting jp.co.hoanggaru (-2/10)
E/SMD     (  294): DCD ON
I/art     (21620): Thread[1,tid=21620,WaitingForJniOnLoad,Thread*=0xb4e07800,peer=0x8782aef0,"main"] recursive attempt to load library "/data/app/com.facebook.katana-2/lib/arm/libfbjni.so"
D/FacebookSDK.Response(21567): Response
D/FacebookSDK.Response(21567):   Id: 1
D/FacebookSDK.Response(21567):   Size: 955
D/FacebookSDK.Response(21567):   Responses:
D/FacebookSDK.Response(21567): [{Response:  responseCode: 200, graphObject: {"supports_implicit_sdk_logging":true,"gdpv4_nux_content":"","gdpv4_nux_enabled":false,"android_dialog_configs":{"data":[{"name":"com.facebook.platform.action.request.LIKE_DIALOG|LIKE_DIALOG","url":"\/connect\/dialog\/MPlatformLikeJSDialog","versions":["20140701"]},{"name":"com.facebook.platform.action.request.APPINVITES_DIALOG|APP_INVITES_DIALOG","url":"\/connect\/dialog\/MPlatformAppInvitesJSDialog","versions":["20140701"]}]},"android_sdk_error_categories":[{"name":"login_recoverable","items":[{"code":102},{"code":190}],"recovery_message":"Facebook"}],"id":"755293537927363"}, error: null}]
W/art     (21620): Attempt to remove local handle scope entry from IRT, ignoring
D/cocos2d-x debug info(21567): create rendererRecreatedListener for GLProgramState
W/StaticBindingVerifier(21620): Verify
W/fb4a(:<default>):UserScope(21620): Called user scoped provider with no viewer. ViewerContextManager was created with no ViewerContext. Using EmptyViewerContextManager to return fake logged in instance.
W/fb4a(:<default>):UserScope(21620): Called user scoped provider with no viewer. ViewerContextManager was created with no ViewerContext. Using EmptyViewerContextManager to return fake logged in instance.
W/fb4a(:<default>):NNFColdStart(21620): Stopped Marker ApplicationOnCreate (null); Monotonic Timestamp (ms): 1469691819; Elapsed: 648 ms
W/fb4a(:<default>):NNFColdStartFirstRun(21620): Stopped Marker ApplicationOnCreate (null); Monotonic Timestamp (ms): 1469691819; Elapsed: 648 ms
W/fb4a(:<default>):NNFColdStart(21620): Stopped Marker ColdStart/FBAppImpl.onCreate (null); Monotonic Timestamp (ms): 1469691171; Elapsed: 327 ms
W/fb4a(:<default>):NNFColdStartFirstRun(21620): Stopped Marker ColdStart/FBAppImpl.onCreate (null); Monotonic Timestamp (ms): 1469691171; Elapsed: 327 ms
W/fb4a(:<default>):NNFColdStart(21620): Stopped Marker ColdStart/FBApp.onBaseContextAttached (null); Monotonic Timestamp (ms): 1469690950; Elapsed: 104 ms
W/fb4a(:<default>):NNFColdStartFirstRun(21620): Stopped Marker ColdStart/FBApp.onBaseContextAttached (null); Monotonic Timestamp (ms): 1469690950; Elapsed: 104 ms
W/fb4a(:<default>):NNFColdStart(21620): Stopped Marker CatchMeIfYouCan_Setup (null); Monotonic Timestamp (ms): 1469690860; Elapsed: 13 ms
W/fb4a(:<default>):NNFColdStartFirstRun(21620): Stopped Marker CatchMeIfYouCan_Setup (null); Monotonic Timestamp (ms): 1469690860; Elapsed: 13 ms
W/fb4a(:<default>):NNFColdStart(21620): Stopped Marker ACRA_Setup (null); Monotonic Timestamp (ms): 1469690893; Elapsed: 32 ms
W/fb4a(:<default>):NNFColdStartFirstRun(21620): Stopped Marker ACRA_Setup (null); Monotonic Timestamp (ms): 1469690893; Elapsed: 32 ms
W/fb4a(:<default>):NNFColdStart(21620): Stopped Marker FacebookApplication#getAppType (null); Monotonic Timestamp (ms): 1469690868; Elapsed: 7 ms
W/fb4a(:<default>):NNFColdStartFirstRun(21620): Stopped Marker FacebookApplication#getAppType (null); Monotonic Timestamp (ms): 1469690868; Elapsed: 7 ms
W/fb4a(:<default>):NNFColdStart(21620): Stopped Marker BreakpadManager_Setup (null); Monotonic Timestamp (ms): 1469690950; Elapsed: 56 ms
W/fb4a(:<default>):NNFColdStartFirstRun(21620): Stopped Marker BreakpadManager_Setup (null); Monotonic Timestamp (ms): 1469690950; Elapsed: 56 ms
W/fb4a(:<default>):NNFColdStart(21620): Stopped Marker ColdStart/FBApp.createDelegate (null); Monotonic Timestamp (ms): 1469690987; Elapsed: 36 ms
W/fb4a(:<default>):NNFColdStartFirstRun(21620): Stopped Marker ColdStart/FBApp.createDelegate (null); Monotonic Timestamp (ms): 1469690987; Elapsed: 36 ms
W/fb4a(:<default>):NNFColdStart(21620): Stopped Marker ColdStart/EnsureDexsLoaded (null); Monotonic Timestamp (ms): 1469690983; Elapsed: 21 ms
W/fb4a(:<default>):NNFColdStartFirstRun(21620): Stopped Marker ColdStart/EnsureDexsLoaded (null); Monotonic Timestamp (ms): 1469690983; Elapsed: 21 ms
W/fb4a(:<default>):NNFColdStart(21620): Stopped Marker DLL_checkstate (null); Monotonic Timestamp (ms): 1469690968; Elapsed: 1 ms
W/fb4a(:<default>):NNFColdStartFirstRun(21620): Stopped Marker DLL_checkstate (null); Monotonic Timestamp (ms): 1469690968; Elapsed: 1 ms
W/fb4a(:<default>):NNFColdStart(21620): Stopped Marker ColdStart/ReplaceLinearAllocBuffer (null); Monotonic Timestamp (ms): 1469690984; Elapsed: 1 ms
W/fb4a(:<default>):NNFColdStartFirstRun(21620): Stopped Marker ColdStart/ReplaceLinearAllocBuffer (null); Monotonic Timestamp (ms): 1469690984; Elapsed: 1 ms
W/fb4a(:<default>):NNFColdStart(21620): Stopped Marker ColdStart/FallbackReplaceLinearAllocBuffer (null); Monotonic Timestamp (ms): 1469690987; Elapsed: 3 ms
W/fb4a(:<default>):NNFColdStartFirstRun(21620): Stopped Marker ColdStart/FallbackReplaceLinearAllocBuffer (null); Monotonic Timestamp (ms): 1469690987; Elapsed: 3 ms
W/fb4a(:<default>):NNFColdStart(21620): Stopped Marker ColdStart/FBInjector.create (null); Monotonic Timestamp (ms): 1469691391; Elapsed: 179 ms
W/fb4a(:<default>):NNFColdStartFirstRun(21620): Stopped Marker ColdStart/FBInjector.create (null); Monotonic Timestamp (ms): 1469691391; Elapsed: 179 ms
W/fb4a(:<default>):NNFColdStart(21620): Stopped Marker ColdStart/FBInjector.inject (null); Monotonic Timestamp (ms): 1469691563; Elapsed: 171 ms
W/fb4a(:<default>):NNFColdStartFirstRun(21620): Stopped Marker ColdStart/FBInjector.inject (null); Monotonic Timestamp (ms): 1469691563; Elapsed: 171 ms
W/fb4a(:<default>):NNFColdStart(21620): Stopped Marker ColdStart/AppInitialization (null); Monotonic Timestamp (ms): 1469691826; Elapsed: 261 ms
W/fb4a(:<default>):NNFColdStartFirstRun(21620): Stopped Marker ColdStart/AppInitialization (null); Monotonic Timestamp (ms): 1469691826; Elapsed: 261 ms
W/fb4a(:<default>):NNFColdStart(21620): Stopped Marker ColdStart/UIThreadBlockedOnAppInit (null); Monotonic Timestamp (ms): 1469691819; Elapsed: 113 ms
W/fb4a(:<default>):NNFColdStartFirstRun(21620): Stopped Marker ColdStart/UIThreadBlockedOnAppInit (null); Monotonic Timestamp (ms): 1469691819; Elapsed: 113 ms
W/fb4a(:<default>):QuickExperimentControllerImpl(21620): Exposure of experiment com.facebook.zero.abtest.PreviewModeExperiment@7302dd2 occurred when no user was logged in
W/fb4a(:<default>):QuickExperimentControllerImpl(21620): Exposure of experiment com.facebook.zero.abtest.PreviewModeExperiment@7302dd2 occurred when no user was logged in
W/fb4a(:<default>):QuickExperimentControllerImpl(21620): Exposure of experiment com.facebook.zero.abtest.PreviewModeExperiment@7302dd2 occurred when no user was logged in
W/fb4a(:<default>):QuickExperimentControllerImpl(21620): Exposure of experiment com.facebook.zero.abtest.PreviewModeExperiment@7302dd2 occurred when no user was logged in
D/cocos2d-x debug info(21567): Save file download complete!
D/StatusBar.NetworkController( 1206): refreshSignalCluster - setNWBoosterIndicators(false)
D/StatusBar.NetworkController( 1206): applyJPN
D/StatusBar.NetworkController( 1206): refreshSignalCluster - setNWBoosterIndicators(false)
D/StatusBar.NetworkController( 1206): applyJPN
D/StatusBar.NetworkController( 1206): refreshSignalCluster - setNWBoosterIndicators(false)
D/StatusBar.NetworkController( 1206): applyJPN
D/StatusBar.NetworkController( 1206): refreshSignalCluster - setNWBoosterIndicators(false)
D/StatusBar.NetworkController( 1206): applyJPN
D/StatusBar.NetworkController( 1206): onSignalStrengthsChanged signalStrength=SignalStrength: 99 99 -120 -160 -120 -1 -1 99 2147483647 2147483647 2147483647 -1 2147483647 0x0 cdma level=0
E/SMD     (  294): DCD ON
D/StatusBar.NetworkController( 1206): refreshSignalCluster - setNWBoosterIndicators(false)
D/StatusBar.NetworkController( 1206): applyJPN
D/StatusBar.NetworkController( 1206): refreshSignalCluster - setNWBoosterIndicators(false)
D/StatusBar.NetworkController( 1206): applyJPN
D/StatusBar.NetworkController( 1206): refreshSignalCluster - setNWBoosterIndicators(false)
D/StatusBar.NetworkController( 1206): applyJPN
D/StatusBar.NetworkController( 1206): refreshSignalCluster - setNWBoosterIndicators(false)
