V/OMXCodec(  301): [OMX.google.vorbis.decoder] FILL_BUFFER_DONE(buffer: 2870768672, size: 2048, flags: 0x00000000, timestamp: 651609 us (0.65 secs))
V/OMXCodec(  301): [OMX.google.vorbis.decoder] Calling fillBuffer on buffer 0xab1c73d0
V/OMXCodec(  301): [OMX.google.vorbis.decoder] Calling fillBuffer on buffer 0xab1c7330
V/OMXCodec(  301): [OMX.google.vorbis.decoder] Calling fillBuffer on buffer 0xaec08060
V/OMXCodec(  301): [OMX.google.vorbis.decoder] Calling fillBuffer on buffer 0xab1c7420
V/OMXCodec(  301): [OMX.google.vorbis.decoder] EMPTY_BUFFER_DONE(buffer: 2870768352)
V/OMXCodec(  301): [OMX.google.vorbis.decoder] Calling emptyBuffer on buffer 0xab1c72e0 (length 199), timestamp 767709 us (0.77 secs)
V/OMXCodec(  301): [OMX.google.vorbis.decoder] FILL_BUFFER_DONE(buffer: 2870768592, size: 2048, flags: 0x00000000, timestamp: 674829 us (0.67 secs))
V/OMXCodec(  301): [OMX.google.vorbis.decoder] EMPTY_BUFFER_DONE(buffer: 2870768112)
V/OMXCodec(  301): [OMX.google.vorbis.decoder] Calling emptyBuffer on buffer 0xab1c71f0 (length 199), timestamp 790929 us (0.79 secs)
V/OMXCodec(  301): [OMX.google.vorbis.decoder] FILL_BUFFER_DONE(buffer: 2870768432, size: 2048, flags: 0x00000000, timestamp: 698049 us (0.70 secs))
V/OMXCodec(  301): [OMX.google.vorbis.decoder] EMPTY_BUFFER_DONE(buffer: 2870768192)
V/OMXCodec(  301): [OMX.google.vorbis.decoder] Calling emptyBuffer on buffer 0xab1c7240 (length 196), timestamp 814149 us (0.81 secs)
V/OMXCodec(  301): [OMX.google.vorbis.decoder] FILL_BUFFER_DONE(buffer: 2931851360, size: 2048, flags: 0x00000000, timestamp: 721269 us (0.72 secs))
V/OMXCodec(  301): [OMX.google.vorbis.decoder] EMPTY_BUFFER_DONE(buffer: 2870768272)
V/OMXCodec(  301): [OMX.google.vorbis.decoder] Calling emptyBuffer on buffer 0xab1c7290 (length 207), timestamp 837369 us (0.84 secs)
V/OMXCodec(  301): [OMX.google.vorbis.decoder] FILL_BUFFER_DONE(buffer: 2870768672, size: 2048, flags: 0x00000000, timestamp: 744489 us (0.74 secs))
V/KeyguardUpdateMonitor( 1206): *** register callback for com.android.keyguard.KeyguardSimpleHostView$1@56cc67e
V/OMXCodec(  301): [OMX.google.vorbis.decoder] Calling fillBuffer on buffer 0xab1c73d0
V/OMXCodec(  301): [OMX.google.vorbis.decoder] Calling fillBuffer on buffer 0xab1c7330
V/OMXCodec(  301): [OMX.google.vorbis.decoder] Calling fillBuffer on buffer 0xaec08060
V/OMXCodec(  301): [OMX.google.vorbis.decoder] Calling fillBuffer on buffer 0xab1c7420
V/KeyguardUpdateMonitor( 1206): *** unregister callback for null
V/OMXCodec(  301): [OMX.google.vorbis.decoder] EMPTY_BUFFER_DONE(buffer: 2870768352)
V/OMXCodec(  301): [OMX.google.vorbis.decoder] Calling emptyBuffer on buffer 0xab1c72e0 (length 198), timestamp 860589 us (0.86 secs)
V/OMXCodec(  301): [OMX.google.vorbis.decoder] FILL_BUFFER_DONE(buffer: 2870768592, size: 2048, flags: 0x00000000, timestamp: 767709 us (0.77 secs))
V/OMXCodec(  301): [OMX.google.vorbis.decoder] Calling fillBuffer on buffer 0xab1c73d0
V/OMXCodec(  301): [OMX.google.vorbis.decoder] EMPTY_BUFFER_DONE(buffer: 2870768112)
V/OMXCodec(  301): [OMX.google.vorbis.decoder] Calling emptyBuffer on buffer 0xab1c71f0 (length 190), timestamp 883809 us (0.88 secs)
V/OMXCodec(  301): [OMX.google.vorbis.decoder] FILL_BUFFER_DONE(buffer: 2870768432, size: 2048, flags: 0x00000000, timestamp: 790929 us (0.79 secs))
V/OMXCodec(  301): [OMX.google.vorbis.decoder] EMPTY_BUFFER_DONE(buffer: 2870768192)
V/OMXCodec(  301): [OMX.google.vorbis.decoder] Calling emptyBuffer on buffer 0xab1c7240 (length 193), timestamp 907029 us (0.91 secs)
V/OMXCodec(  301): [OMX.google.vorbis.decoder] FILL_BUFFER_DONE(buffer: 2931851360, size: 2048, flags: 0x00000000, timestamp: 814149 us (0.81 secs))
V/OMXCodec(  301): [OMX.google.vorbis.decoder] EMPTY_BUFFER_DONE(buffer: 2870768272)
V/OMXCodec(  301): [OMX.google.vorbis.decoder] Calling emptyBuffer on buffer 0xab1c7290 (length 186), timestamp 930249 us (0.93 secs)
V/OMXCodec(  301): [OMX.google.vorbis.decoder] FILL_BUFFER_DONE(buffer: 2870768672, size: 2048, flags: 0x00000000, timestamp: 837369 us (0.84 secs))
V/OMXCodec(  301): [OMX.google.vorbis.decoder] EMPTY_BUFFER_DONE(buffer: 2870768352)
V/OMXCodec(  301): [OMX.google.vorbis.decoder] Calling emptyBuffer on buffer 0xab1c72e0 (length 179), timestamp 953469 us (0.95 secs)
V/OMXCodec(  301): [OMX.google.vorbis.decoder] FILL_BUFFER_DONE(buffer: 2870768592, size: 2048, flags: 0x00000000, timestamp: 860589 us (0.86 secs))
V/OMXCodec(  301): [OMX.google.vorbis.decoder] Calling fillBuffer on buffer 0xab1c7330
V/OMXCodec(  301): [OMX.google.vorbis.decoder] Calling fillBuffer on buffer 0xaec08060
V/OMXCodec(  301): [OMX.google.vorbis.decoder] Calling fillBuffer on buffer 0xab1c7420
V/OMXCodec(  301): [OMX.google.vorbis.decoder] Calling fillBuffer on buffer 0xab1c73d0
V/OMXCodec(  301): [OMX.google.vorbis.decoder] EMPTY_BUFFER_DONE(buffer: 2870768112)
V/OMXCodec(  301): [OMX.google.vorbis.decoder] Calling emptyBuffer on buffer 0xab1c71f0 (length 169), timestamp 976689 us (0.98 secs)
V/OMXCodec(  301): [OMX.google.vorbis.decoder] FILL_BUFFER_DONE(buffer: 2870768432, size: 2048, flags: 0x00000000, timestamp: 883809 us (0.88 secs))
V/OMXCodec(  301): [OMX.google.vorbis.decoder] EMPTY_BUFFER_DONE(buffer: 2870768192)
V/OMXCodec(  301): [OMX.google.vorbis.decoder] Calling emptyBuffer on buffer 0xab1c7240 (length 29), timestamp 999909 us (1.00 secs)
V/OMXCodec(  301): [OMX.google.vorbis.decoder] FILL_BUFFER_DONE(buffer: 2931851360, size: 2048, flags: 0x00000000, timestamp: 907029 us (0.91 secs))
V/OMXCodec(  301): [OMX.google.vorbis.decoder] EMPTY_BUFFER_DONE(buffer: 2870768272)
I/OMXCodec(  301): [OMX.google.vorbis.decoder] End Of Stream
D/KeyguardSecurityView( 1206): AUTO_WIPE = false , IT Policy = false
V/OMXCodec(  301): [OMX.google.vorbis.decoder] Calling emptyBuffer on buffer 0xab1c7290 (length 0), timestamp 0 us (0.00 secs)
V/OMXCodec(  301): [OMX.google.vorbis.decoder] FILL_BUFFER_DONE(buffer: 2870768672, size: 2048, flags: 0x00000000, timestamp: 930249 us (0.93 secs))
V/OMXCodec(  301): [OMX.google.vorbis.decoder] EMPTY_BUFFER_DONE(buffer: 2870768352)
V/OMXCodec(  301): [OMX.google.vorbis.decoder] FILL_BUFFER_DONE(buffer: 2870768592, size: 2048, flags: 0x00000000, timestamp: 953469 us (0.95 secs))
V/OMXCodec(  301): [OMX.google.vorbis.decoder] Calling fillBuffer on buffer 0xab1c7330
V/OMXCodec(  301): [OMX.google.vorbis.decoder] Calling fillBuffer on buffer 0xaec08060
V/OMXCodec(  301): [OMX.google.vorbis.decoder] Calling fillBuffer on buffer 0xab1c7420
V/OMXCodec(  301): [OMX.google.vorbis.decoder] Calling fillBuffer on buffer 0xab1c73d0
V/OMXCodec(  301): [OMX.google.vorbis.decoder] EMPTY_BUFFER_DONE(buffer: 2870768112)
V/KeyguardSecurityView( 1206): showPrimarySecurityScreen(turningOff=false)
D/KeyguardSecurityView( 1206): showSecurityScreen(None)
V/OMXCodec(  301): [OMX.google.vorbis.decoder] FILL_BUFFER_DONE(buffer: 2870768432, size: 2048, flags: 0x00000000, timestamp: 976689 us (0.98 secs))
V/KeyguardSecurityView( 1206): inflating id = 2130968634
V/OMXCodec(  301): [OMX.google.vorbis.decoder] EMPTY_BUFFER_DONE(buffer: 2870768192)
V/OMXCodec(  301): [OMX.google.vorbis.decoder] FILL_BUFFER_DONE(buffer: 2931851360, size: 2028, flags: 0x00000000, timestamp: 999909 us (1.00 secs))
V/OMXCodec(  301): [OMX.google.vorbis.decoder] EMPTY_BUFFER_DONE(buffer: 2870768272)
V/OMXCodec(  301): [OMX.google.vorbis.decoder] FILL_BUFFER_DONE(buffer: 2870768672, size: 0, flags: 0x00000001, timestamp: 1022902 us (1.02 secs))
V/OMXCodec(  301): [OMX.google.vorbis.decoder] No more output data.
V/OMXCodec(  301): [OMX.google.vorbis.decoder] There is no more output data available, not calling fillOutputBuffer
V/OMXCodec(  301): [OMX.google.vorbis.decoder] There is no more output data available, not calling fillOutputBuffer
V/OMXCodec(  301): [OMX.google.vorbis.decoder] There is no more output data available, not calling fillOutputBuffer
V/AwesomePlayer(  301): postAudioEOS delayUs (0)
V/AwesomePlayer(  301): onCheckAudioStatus
V/AwesomePlayer(  301): onCheckAudioStatus() set AUDIO_AT_EOS flag
V/AwesomePlayer(  301): onStreamDone
V/AwesomePlayer(  301): MEDIA_PLAYBACK_COMPLETE
V/AwesomePlayer(  301): notifyListner_l() msg (2-MEDIA_PLAYBACK_COMPLETE), ext1 (0), ext2 (0)
V/AudioCache(  301): notify(0xaf026060, 2, 0, 0)
V/AudioCache(  301): playback complete - thread will wake up later
V/AwesomePlayer(  301): notifyListner_l() msg (7-MEDIA_PAUSED), ext1 (0), ext2 (0)
V/AudioCache(  301): notify(0xaf026060, 7, 0, 0)
V/AudioCache(  301): ignored
V/AwesomePlayer(  301): cancelPlayerEvents (keepNotifications=1)
V/AwesomePlayer(  301): addBatteryData
V/AudioCache(  301): wait - success
V/StagefrightPlayer(  301): reset
V/AwesomePlayer(  301): reset_l()
V/AwesomePlayer(  301): notifyListner_l() msg (8-MEDIA_STOPPED), ext1 (0), ext2 (0)
V/AudioCache(  301): notify(0xaf026060, 8, 0, 0)
V/AudioCache(  301): ignored
V/AwesomePlayer(  301): cancelPlayerEvents (keepNotifications=0)
V/AwesomePlayer(  301): mAudioTrackVector clear
D/AudioPlayer(  301): reset: mPlaying=0 mReachedEOS=1 useOffload=0
I/OMXCodec(  301): [OMX.google.vorbis.decoder] stop mState=4
V/OMXCodec(  301): [OMX.google.vorbis.decoder] stopOmxComponent_l mState=4
I/OMXCodec(  301): [OMX.google.vorbis.decoder] stop() sendCommand(0x7d1, OMX_CommandStateSet, OMX_StateIdle)
V/OMXCodec(  301): [OMX.google.vorbis.decoder] FILL_BUFFER_DONE(buffer: 2870768592, size: 0, flags: 0x00000000, timestamp: 953469 us (0.95 secs))
V/OMXCodec(  301): [OMX.google.vorbis.decoder] onStateChange 2
I/OMXCodec(  301): [OMX.google.vorbis.decoder] Now Idle. Component sends idle done Event 
V/OMXCodec(  301): [OMX.google.vorbis.decoder] freeing buffer 0xab1c72e0 on port 0
V/OMXCodec(  301): [OMX.google.vorbis.decoder] freeing buffer 0xab1c7290 on port 0
V/OMXCodec(  301): [OMX.google.vorbis.decoder] freeing buffer 0xab1c7240 on port 0
V/OMXCodec(  301): [OMX.google.vorbis.decoder] freeing buffer 0xab1c71f0 on port 0
V/OMXCodec(  301): [OMX.google.vorbis.decoder] freeing buffer 0xaec08060 on port 1
V/OMXCodec(  301): [OMX.google.vorbis.decoder] freeing buffer 0xab1c7330 on port 1
V/OMXCodec(  301): [OMX.google.vorbis.decoder] freeing buffer 0xab1c73d0 on port 1
V/OMXCodec(  301): [OMX.google.vorbis.decoder] freeing buffer 0xab1c7420 on port 1
V/OMXCodec(  301): [OMX.google.vorbis.decoder] onStateChange 1
V/OMXCodec(  301): [OMX.google.vorbis.decoder] Now Loaded.
I/OMXCodec(  301): [OMX.google.vorbis.decoder] stopOmxComponent_l() mstate = 1
I/OggExtractor(  301): OggSource::stop() mExtractor ref count = 1
V/OMXCodec(  301): [OMX.google.vorbis.decoder] stopped in state 1
I/OggExtractor(  301): OggSource::~OggSource() mExtractor !mStarted ref count = 1
I/OggExtractor(  301): ~OggSource --
I/OggExtractor(  301): ~OggExtractor ++
I/OggExtractor(  301): ~MyVorbisExtractor ++ 
I/OggExtractor(  301): ~MyVorbisExtractor --
I/OggExtractor(  301): ~OggExtractor --
I/AudioPlayer(  301): reset out
V/AwesomePlayer(  301): reset_l() mAudioPlayer successfully deleted
I/SecVideoCapture(  301): SecVideoCapture destructor
I/SecVideoCapture(  301): reset
V/AwesomePlayer(  301): mSecCapture clear
I/SecMediaClock(  301): SecMediaClock destructor
V/AwesomePlayer(  301): mSecMediaClock clear
V/StagefrightPlayer(  301): ~StagefrightPlayer
V/StagefrightPlayer(  301): reset
V/AwesomePlayer(  301): reset_l()
V/AwesomePlayer(  301): notifyListner_l() msg (8-MEDIA_STOPPED), ext1 (0), ext2 (0)
V/AwesomePlayer(  301): cancelPlayerEvents (keepNotifications=0)
V/AwesomePlayer(  301): mAudioTrackVector clear
V/AwesomePlayer(  301): reset_l() mAudioPlayer successfully deleted
V/AwesomePlayer(  301): mSecCapture clear
V/AwesomePlayer(  301): mSecMediaClock clear
V/AwesomePlayer(  301): destructor
V/AwesomePlayer(  301): reset_l()
V/AwesomePlayer(  301): notifyListner_l() msg (8-MEDIA_STOPPED), ext1 (0), ext2 (0)
V/AwesomePlayer(  301): cancelPlayerEvents (keepNotifications=0)
V/AwesomePlayer(  301): mAudioTrackVector clear
V/AwesomePlayer(  301): reset_l() mAudioPlayer successfully deleted
V/AwesomePlayer(  301): mSecCapture clear
V/AwesomePlayer(  301): mSecMediaClock clear
D/SecKeyguardBottomAreaView( 1206): mUseBackUp= falsemUseCenteredMessageArea= false
V/MediaPlayer( 1206): decode(79, 7115720, 22218)
V/MediaPlayerService(  301): decode(35, 7115720, 22218)
V/MediaPlayerService(  301): player type = 3
V/AwesomePlayer(  301): setDefault
V/AwesomePlayer(  301): constructor
V/AwesomePlayer(  301): setDefault
V/AwesomePlayer(  301): reset_l()
D/SecKeyguardBottomAreaView( 1206): shortcut value[0-off / 1-camera] = 1
D/SecKeyguardBottomAreaView( 1206): mKidsModeEnabled= false
V/AwesomePlayer(  301): notifyListner_l() msg (8-MEDIA_STOPPED), ext1 (0), ext2 (0)
V/AwesomePlayer(  301): cancelPlayerEvents (keepNotifications=0)
V/AwesomePlayer(  301): mAudioTrackVector clear
V/AwesomePlayer(  301): reset_l() mAudioPlayer successfully deleted
V/AwesomePlayer(  301): mSecCapture clear
V/AwesomePlayer(  301): mSecMediaClock clear
V/StagefrightPlayer(  301): StagefrightPlayer
V/AwesomePlayer(  301): setListener
V/StagefrightPlayer(  301): initCheck
V/AwesomePlayer(  301): setAudioSink
V/StagefrightPlayer(  301): setDataSource(35, 7115720, 22218)
V/AwesomePlayer(  301): reset_l()
V/AwesomePlayer(  301): notifyListner_l() msg (8-MEDIA_STOPPED), ext1 (0), ext2 (0)
V/AudioCache(  301): notify(0xab1c71a0, 8, 0, 0)
V/AudioCache(  301): ignored
V/AwesomePlayer(  301): cancelPlayerEvents (keepNotifications=0)
V/AwesomePlayer(  301): mAudioTrackVector clear
V/AwesomePlayer(  301): reset_l() mAudioPlayer successfully deleted
V/AwesomePlayer(  301): mSecCapture clear
V/AwesomePlayer(  301): mSecMediaClock clear
V/MediaExtractor(  301): Autodetected media content as 'application/ogg' with confidence 0.20
E/MediaExtractor(  301): Ram=> MIME is  'application/ogg'
V/AwesomePlayer(  301): track of type 'audio/vorbis' does not publish bitrate
V/AwesomePlayer(  301): mBitrate = -1 bits/sec
I/OggExtractor(  301): OggSource::OggSource() mExtractor ref count = 4
V/AwesomePlayer(  301): current audio track index (0) is added to vector
V/AwesomePlayer(  301): setDataSource_l: Audio(1), Video(0)
I/AwesomePlayer(  301): checkRightsStatus is not necessary - AwesomePlayer::setDataSource_l
V/MediaPlayerService(  301): prepare
V/AwesomePlayer(  301): prepareAsync
V/MediaPlayerService(  301): wait for prepare
V/AwesomePlayer(  301): onPrepareAsyncEvent
I/SecMediaClock(  301): SecMediaClock constructor
I/SecMediaClock(  301): reset
I/SecVideoCapture(  301): SecVideoCapture constructor
I/SecVideoCapture(  301): reset
V/AwesomePlayer(  301): initAudioDecoder
V/AwesomePlayer(  301): checkOffloadExceptions is true
V/AudioPolicyManager(  301): isOffloadSupported: SR=44100, CM=0x3, Format=0x7000000, StreamType=-1, BitRate=4294967295, duration=1416462 us, has_video=0
V/AudioPolicyManager(  301): isOffloadSupported: stream_type != MUSIC, returning false
V/OMXCodec(  301): matching 'OMX.google.vorbis.decoder' quirks 0x00000000
I/OMXCodec(  301): Attempting to allocate OMX node 'OMX.google.vorbis.decoder'
V/KeyguardUpdateMonitor( 1206): *** register callback for com.android.keyguard.KeyguardMessageArea$3@340acc8a
V/KeyguardUpdateMonitor( 1206): *** unregister callback for null
I/OMXCodec(  301): Successfully allocated OMX node 'OMX.google.vorbis.decoder'
V/OMXCodec(  301): configureCodec protected=0
V/OMXCodec(  301): Codec outputs a different number of channels than the input stream contains (contains 2 channels, codec outputs 1 channels).
I/OMXCodec(  301): >>>UHQA initOutputFormat 16
I/AwesomePlayer(  301): Could not offload audio decode, try pcm offload
V/AudioPolicyManager(  301): isOffloadSupported: SR=44100, CM=0x1, Format=0x1c000001, StreamType=-1, BitRate=4294967295, duration=1416462 us, has_video=0
V/AudioPolicyManager(  301): isOffloadSupported: stream_type != MUSIC, returning false
I/OMXCodec(  301): [OMX.google.vorbis.decoder] OMXCodec::start mState=1
I/OMXCodec(  301): [OMX.google.vorbis.decoder] allocating 4 buffers of size 8192 on input port
V/OMXCodec(  301): [OMX.google.vorbis.decoder] allocated buffer 0xab1c71f0 on input port
V/OMXCodec(  301): [OMX.google.vorbis.decoder] allocated buffer 0xab1c7240 on input port
V/OMXCodec(  301): [OMX.google.vorbis.decoder] allocated buffer 0xab1c7290 on input port
V/OMXCodec(  301): [OMX.google.vorbis.decoder] allocated buffer 0xab1c72e0 on input port
I/OMXCodec(  301): [OMX.google.vorbis.decoder] allocating 4 buffers of size 32768 on output port
V/OMXCodec(  301): [OMX.google.vorbis.decoder] allocated buffer 0xab1c7330 on output port
V/OMXCodec(  301): [OMX.google.vorbis.decoder] allocated buffer 0xab1c73d0 on output port
V/OMXCodec(  301): [OMX.google.vorbis.decoder] allocated buffer 0xab1c7420 on output port
V/OMXCodec(  301): [OMX.google.vorbis.decoder] allocated buffer 0xab1c7970 on output port
V/OMXCodec(  301): [OMX.google.vorbis.decoder] onStateChange 2
I/OMXCodec(  301): [OMX.google.vorbis.decoder] Now Idle. Component sends idle done Event 
V/OMXCodec(  301): [OMX.google.vorbis.decoder] onStateChange 3
V/OMXCodec(  301): [OMX.google.vorbis.decoder] Now Executing.
V/AwesomePlayer(  301): finishAsyncPrepare_l
V/AwesomePlayer(  301): notifyListner_l() msg (200-MEDIA_INFO), ext1 (973), ext2 (0)
V/AudioCache(  301): notify(0xab1c71a0, 200, 973, 0)
V/AudioCache(  301): ignored
V/AwesomePlayer(  301): notifyListner_l() msg (5-MEDIA_SET_VIDEO_SIZE), ext1 (0), ext2 (0)
V/AudioCache(  301): notify(0xab1c71a0, 5, 0, 0)
V/AudioCache(  301): ignored
V/AwesomePlayer(  301): notifyListner_l() msg (1-MEDIA_PREPARED), ext1 (0), ext2 (0)
V/AudioCache(  301): notify(0xab1c71a0, 1, 0, 0)
V/AudioCache(  301): prepared
V/AudioCache(  301): wait - success
V/MediaPlayerService(  301): start
V/StagefrightPlayer(  301): start
V/AwesomePlayer(  301): play
V/AwesomePlayer(  301): AwesomePlayer::play_l():: This is not a DRM content
V/AwesomePlayer(  301): startAudioPlayer_l, sendErrorNotification (0)
D/AudioPlayer(  301): start of Playback, useOffload 0
V/OMXCodec(  301): [OMX.google.vorbis.decoder] calling emptyBuffer with codec specific data
V/OMXCodec(  301): [OMX.google.vorbis.decoder] calling emptyBuffer with codec specific data
V/OMXCodec(  301): [OMX.google.vorbis.decoder] Calling emptyBuffer on buffer 0xab1c7290 (length 5), timestamp 0 us (0.00 secs)
V/OMXCodec(  301): [OMX.google.vorbis.decoder] Calling emptyBuffer on buffer 0xab1c72e0 (length 43), timestamp 2902 us (0.00 secs)
V/OMXCodec(  301): [OMX.google.vorbis.decoder] Calling fillBuffer on buffer 0xab1c7330
V/OMXCodec(  301): [OMX.google.vorbis.decoder] Calling fillBuffer on buffer 0xab1c73d0
V/OMXCodec(  301): [OMX.google.vorbis.decoder] Calling fillBuffer on buffer 0xab1c7420
V/OMXCodec(  301): [OMX.google.vorbis.decoder] Calling fillBuffer on buffer 0xab1c7970
V/OMXCodec(  301): [OMX.google.vorbis.decoder] EMPTY_BUFFER_DONE(buffer: 2870768112)
V/OMXCodec(  301): [OMX.google.vorbis.decoder] Calling emptyBuffer on buffer 0xab1c71f0 (length 66), timestamp 5804 us (0.01 secs)
V/OMXCodec(  301): [OMX.google.vorbis.decoder] OMX_EventPortSettingsChanged(port=1, data2=0x00000000)
V/OMXCodec(  301): [OMX.google.vorbis.decoder] PORT_SETTINGS_CHANGED(1)
V/OMXCodec(  301): [OMX.google.vorbis.decoder] sending OMX_CommandPortDisable(1)
V/OMXCodec(  301): [OMX.google.vorbis.decoder] EMPTY_BUFFER_DONE(buffer: 2870768192)
V/OMXCodec(  301): [OMX.google.vorbis.decoder] Calling emptyBuffer on buffer 0xab1c7240 (length 65), timestamp 8707 us (0.01 secs)
V/OMXCodec(  301): [OMX.google.vorbis.decoder] FILL_BUFFER_DONE(buffer: 2870768432, size: 0, flags: 0x00000000, timestamp: 0 us (0.00 secs))
V/OMXCodec(  301): [OMX.google.vorbis.decoder] Port is disabled, freeing buffer 2870768432
V/OMXCodec(  301): [OMX.google.vorbis.decoder] FILL_BUFFER_DONE(buffer: 2870768592, size: 0, flags: 0x00000000, timestamp: 0 us (0.00 secs))
V/OMXCodec(  301): [OMX.google.vorbis.decoder] Port is disabled, freeing buffer 2870768592
V/OMXCodec(  301): [OMX.google.vorbis.decoder] FILL_BUFFER_DONE(buffer: 2870768672, size: 0, flags: 0x00000000, timestamp: 0 us (0.00 secs))
V/OMXCodec(  301): [OMX.google.vorbis.decoder] Port is disabled, freeing buffer 2870768672
V/OMXCodec(  301): [OMX.google.vorbis.decoder] FILL_BUFFER_DONE(buffer: 2870770032, size: 0, flags: 0x00000000, timestamp: 0 us (0.00 secs))
V/OMXCodec(  301): [OMX.google.vorbis.decoder] Port is disabled, freeing buffer 2870770032
I/OMXCodec(  301): [OMX.google.vorbis.decoder] 0onCmdComplete  mState =  7
I/OMXCodec(  301): [OMX.google.vorbis.decoder] PORT_DISABLED(1)
I/OMXCodec(  301): >>>UHQA initOutputFormat 16
V/OMXCodec(  301): [OMX.google.vorbis.decoder] sending OMX_CommandPortEnable(1)
I/OMXCodec(  301): [OMX.google.vorbis.decoder] allocating 4 buffers of size 32768 on output port
V/OMXCodec(  301): [OMX.google.vorbis.decoder] allocated buffer 0xab1c7420 on output port
V/OMXCodec(  301): [OMX.google.vorbis.decoder] allocated buffer 0xab1c73d0 on output port
V/OMXCodec(  301): [OMX.google.vorbis.decoder] allocated buffer 0xab1c7330 on output port
V/OMXCodec(  301): [OMX.google.vorbis.decoder] allocated buffer 0xaec08060 on output port
D/SecKeyguardBottomAreaView( 1206): [No USA model] disable CMAS Text!! 
V/OMXCodec(  301): [OMX.google.vorbis.decoder] PORT_ENABLED(1)
V/OMXCodec(  301): [OMX.google.vorbis.decoder] Calling fillBuffer on buffer 0xab1c7420
D/KeyguardUnlockView( 1206): mIsHelpTextEnabled= true
V/OMXCodec(  301): [OMX.google.vorbis.decoder] Calling fillBuffer on buffer 0xab1c73d0
V/OMXCodec(  301): [OMX.google.vorbis.decoder] Calling fillBuffer on buffer 0xab1c7330
V/OMXCodec(  301): [OMX.google.vorbis.decoder] Calling fillBuffer on buffer 0xaec08060
V/OMXCodec(  301): [OMX.google.vorbis.decoder] EMPTY_BUFFER_DONE(buffer: 2870768272)
D/KeyguardUnlockView( 1206): hideBouncer mBouncerHelpText != null
V/OMXCodec(  301): [OMX.google.vorbis.decoder] Calling emptyBuffer on buffer 0xab1c7290 (length 220), timestamp 21768 us (0.02 secs)
D/KeyguardSecurityView( 1206): showSecurityScreen( needTodisableClock = true)
V/OMXCodec(  301): [OMX.google.vorbis.decoder] FILL_BUFFER_DONE(buffer: 2870768672, size: 0, flags: 0x00000000, timestamp: 0 us (0.00 secs))
V/OMXCodec(  301): [OMX.google.vorbis.decoder] EMPTY_BUFFER_DONE(buffer: 2870768352)
V/OMXCodec(  301): [OMX.google.vorbis.decoder] Calling emptyBuffer on buffer 0xab1c72e0 (length 64), timestamp 34829 us (0.03 secs)
D/KeyguardEffectViewUtil( 1206): wallpaperType :1
V/OMXCodec(  301): [OMX.google.vorbis.decoder] FILL_BUFFER_DONE(buffer: 2870768592, size: 512, flags: 0x00000000, timestamp: 2902 us (0.00 secs))
V/OMXCodec(  301): [OMX.google.vorbis.decoder] EMPTY_BUFFER_DONE(buffer: 2870768112)
D/StatusBar-Window( 1206): fnf=false sanc=true, kni=false, sbf=true
D/CoverUI ( 1206): applyFocusableFlag() : Remove SAMSUNG_FLAG_SVIEW_COVER
V/OMXCodec(  301): [OMX.google.vorbis.decoder] Calling emptyBuffer on buffer 0xab1c71f0 (length 64), timestamp 37732 us (0.04 secs)
I/AudioPlayer(  301): Audio channels(2)
I/AudioPlayer(  301): Audioplayer kKeyAudioPCMFormat:0, 1, 0
I/AudioPlayer(  301): Audioplayer kKeyAudioPCMFormat read fail(2, 1)
D/KeyguardViewMediator( 1206): updateKeyguardClockandNotifications( show = true)
D/PhoneStatusBar( 1206): updateKeyguardClockandNotifications( show = true)
V/AudioCache(  301): open(44100, 2, 0x0, 1, 0)
V/OMXCodec(  301): [OMX.google.vorbis.decoder] FILL_BUFFER_DONE(buffer: 2870768432, size: 512, flags: 0x00000000, timestamp: 5804 us (0.01 secs))
V/AwesomePlayer(  301): notifyListner_l() msg (6-MEDIA_STARTED), ext1 (0), ext2 (0)
V/AudioCache(  301): notify(0xab1c71a0, 6, 0, 0)
V/KeyguardUpdateMonitor( 1206): *** register callback for com.android.keyguard.sec.SecKeyguardBottomAreaView$2@3e1d71
V/AudioCache(  301): ignored
V/KeyguardUpdateMonitor( 1206): *** unregister callback for null
V/AwesomePlayer(  301): addBatteryData
V/OMXCodec(  301): [OMX.google.vorbis.decoder] EMPTY_BUFFER_DONE(buffer: 2870768192)
V/OMXCodec(  301): [OMX.google.vorbis.decoder] Calling emptyBuffer on buffer 0xab1c7240 (length 65), timestamp 40634 us (0.04 secs)
V/MediaPlayerService(  301): wait for playback complete
V/KeyguardUpdateMonitor( 1206): *** register callback for com.android.keyguard.sec.SecKeyguardCircleView$1@3dd12756
V/KeyguardUpdateMonitor( 1206): *** unregister callback for null
V/OMXCodec(  301): [OMX.google.vorbis.decoder] FILL_BUFFER_DONE(buffer: 2931851360, size: 512, flags: 0x00000000, timestamp: 8707 us (0.01 secs))
I/AudioPlayer(  301): First fillBuffer call!!
I/AudioPlayer(  301): >>> setAudioEffect Read mAudioFormat : 1, event : 4587583, value : 4325440
E/AudioPlayer(  301): >>> setAudioEffect Error mAudioFormat : 1, event : 4587583, value : 4325440
V/OMXCodec(  301): [OMX.google.vorbis.decoder] Calling fillBuffer on buffer 0xab1c7420
D/KeyguardUpdateMonitor( 1206): sendKeyguardVisibilityChanged(true)
V/OMXCodec(  301): [OMX.google.vorbis.decoder] EMPTY_BUFFER_DONE(buffer: 2870768272)
D/KeyguardViewMediator( 1206): adjustStatusBarLocked: mShowing=true mOccluded=false isSecure=false --> flags=0x3200000
V/OMXCodec(  301): [OMX.google.vorbis.decoder] Calling emptyBuffer on buffer 0xab1c7290 (length 65), timestamp 43537 us (0.04 secs)
V/OMXCodec(  301): [OMX.google.vorbis.decoder] FILL_BUFFER_DONE(buffer: 2870768672, size: 2304, flags: 0x00000000, timestamp: 21768 us (0.02 secs))
V/OMXCodec(  301): [OMX.google.vorbis.decoder] Calling fillBuffer on buffer 0xab1c73d0
V/OMXCodec(  301): [OMX.google.vorbis.decoder] EMPTY_BUFFER_DONE(buffer: 2870768352)
V/OMXCodec(  301): [OMX.google.vorbis.decoder] Calling emptyBuffer on buffer 0xab1c72e0 (length 66), timestamp 46439 us (0.05 secs)
V/OMXCodec(  301): [OMX.google.vorbis.decoder] FILL_BUFFER_DONE(buffer: 2870768592, size: 2304, flags: 0x00000000, timestamp: 34829 us (0.03 secs))
V/OMXCodec(  301): [OMX.google.vorbis.decoder] Calling fillBuffer on buffer 0xab1c7330
V/OMXCodec(  301): [OMX.google.vorbis.decoder] EMPTY_BUFFER_DONE(buffer: 2870768112)
V/OMXCodec(  301): [OMX.google.vorbis.decoder] Calling emptyBuffer on buffer 0xab1c71f0 (length 66), timestamp 49342 us (0.05 secs)
V/OMXCodec(  301): [OMX.google.vorbis.decoder] FILL_BUFFER_DONE(buffer: 2870768432, size: 512, flags: 0x00000000, timestamp: 37732 us (0.04 secs))
V/OMXCodec(  301): [OMX.google.vorbis.decoder] Calling fillBuffer on buffer 0xaec08060
V/OMXCodec(  301): [OMX.google.vorbis.decoder] EMPTY_BUFFER_DONE(buffer: 2870768192)
V/OMXCodec(  301): [OMX.google.vorbis.decoder] Calling emptyBuffer on buffer 0xab1c7240 (length 230), timestamp 62403 us (0.06 secs)
V/OMXCodec(  301): [OMX.google.vorbis.decoder] FILL_BUFFER_DONE(buffer: 2931851360, size: 512, flags: 0x00000000, timestamp: 40634 us (0.04 secs))
V/OMXCodec(  301): [OMX.google.vorbis.decoder] Calling fillBuffer on buffer 0xab1c7420
V/OMXCodec(  301): [OMX.google.vorbis.decoder] EMPTY_BUFFER_DONE(buffer: 2870768272)
V/OMXCodec(  301): [OMX.google.vorbis.decoder] Calling emptyBuffer on buffer 0xab1c7290 (length 62), timestamp 75464 us (0.08 secs)
V/OMXCodec(  301): [OMX.google.vorbis.decoder] FILL_BUFFER_DONE(buffer: 2870768672, size: 512, flags: 0x00000000, timestamp: 43537 us (0.04 secs))
V/OMXCodec(  301): [OMX.google.vorbis.decoder] Calling fillBuffer on buffer 0xab1c73d0
V/OMXCodec(  301): [OMX.google.vorbis.decoder] EMPTY_BUFFER_DONE(buffer: 2870768352)
V/OMXCodec(  301): [OMX.google.vorbis.decoder] Calling emptyBuffer on buffer 0xab1c72e0 (length 63), timestamp 78367 us (0.08 secs)
V/OMXCodec(  301): [OMX.google.vorbis.decoder] FILL_BUFFER_DONE(buffer: 2870768592, size: 512, flags: 0x00000000, timestamp: 46439 us (0.05 secs))
V/OMXCodec(  301): [OMX.google.vorbis.decoder] Calling fillBuffer on buffer 0xab1c7330
V/OMXCodec(  301): [OMX.google.vorbis.decoder] EMPTY_BUFFER_DONE(buffer: 2870768112)
V/OMXCodec(  301): [OMX.google.vorbis.decoder] Calling emptyBuffer on buffer 0xab1c71f0 (length 64), timestamp 81269 us (0.08 secs)
V/OMXCodec(  301): [OMX.google.vorbis.decoder] FILL_BUFFER_DONE(buffer: 2870768432, size: 512, flags: 0x00000000, timestamp: 49342 us (0.05 secs))
V/OMXCodec(  301): [OMX.google.vorbis.decoder] Calling fillBuffer on buffer 0xaec08060
V/OMXCodec(  301): [OMX.google.vorbis.decoder] EMPTY_BUFFER_DONE(buffer: 2870768192)
V/OMXCodec(  301): [OMX.google.vorbis.decoder] Calling emptyBuffer on buffer 0xab1c7240 (length 63), timestamp 84172 us (0.08 secs)
V/OMXCodec(  301): [OMX.google.vorbis.decoder] FILL_BUFFER_DONE(buffer: 2931851360, size: 2304, flags: 0x00000000, timestamp: 62403 us (0.06 secs))
V/OMXCodec(  301): [OMX.google.vorbis.decoder] Calling fillBuffer on buffer 0xab1c7420
V/OMXCodec(  301): [OMX.google.vorbis.decoder] EMPTY_BUFFER_DONE(buffer: 2870768272)
V/OMXCodec(  301): [OMX.google.vorbis.decoder] Calling emptyBuffer on buffer 0xab1c7290 (length 69), timestamp 87074 us (0.09 secs)
V/OMXCodec(  301): [OMX.google.vorbis.decoder] FILL_BUFFER_DONE(buffer: 2870768672, size: 2304, flags: 0x00000000, timestamp: 75464 us (0.08 secs))
V/OMXCodec(  301): [OMX.google.vorbis.decoder] Calling fillBuffer on buffer 0xab1c73d0
V/OMXCodec(  301): [OMX.google.vorbis.decoder] EMPTY_BUFFER_DONE(buffer: 2870768352)
V/OMXCodec(  301): [OMX.google.vorbis.decoder] Calling emptyBuffer on buffer 0xab1c72e0 (length 65), timestamp 89977 us (0.09 secs)
V/OMXCodec(  301): [OMX.google.vorbis.decoder] FILL_BUFFER_DONE(buffer: 2870768592, size: 512, flags: 0x00000000, timestamp: 78367 us (0.08 secs))
V/OMXCodec(  301): [OMX.google.vorbis.decoder] Calling fillBuffer on buffer 0xab1c7330
V/OMXCodec(  301): [OMX.google.vorbis.decoder] EMPTY_BUFFER_DONE(buffer: 2870768112)
V/OMXCodec(  301): [OMX.google.vorbis.decoder] Calling emptyBuffer on buffer 0xab1c71f0 (length 67), timestamp 92879 us (0.09 secs)
V/OMXCodec(  301): [OMX.google.vorbis.decoder] FILL_BUFFER_DONE(buffer: 2870768432, size: 512, flags: 0x00000000, timestamp: 81269 us (0.08 secs))
V/OMXCodec(  301): [OMX.google.vorbis.decoder] Calling fillBuffer on buffer 0xaec08060
V/OMXCodec(  301): [OMX.google.vorbis.decoder] EMPTY_BUFFER_DONE(buffer: 2870768192)
V/OMXCodec(  301): [OMX.google.vorbis.decoder] Calling emptyBuffer on buffer 0xab1c7240 (length 230), timestamp 105941 us (0.11 secs)
V/OMXCodec(  301): [OMX.google.vorbis.decoder] FILL_BUFFER_DONE(buffer: 2931851360, size: 512, flags: 0x00000000, timestamp: 84172 us (0.08 secs))
V/OMXCodec(  301): [OMX.google.vorbis.decoder] Calling fillBuffer on buffer 0xab1c7420
V/OMXCodec(  301): [OMX.google.vorbis.decoder] EMPTY_BUFFER_DONE(buffer: 2870768272)
V/OMXCodec(  301): [OMX.google.vorbis.decoder] Calling emptyBuffer on buffer 0xab1c7290 (length 244), timestamp 129160 us (0.13 secs)
V/OMXCodec(  301): [OMX.google.vorbis.decoder] FILL_BUFFER_DONE(buffer: 2870768672, size: 512, flags: 0x00000000, timestamp: 87074 us (0.09 secs))
V/OMXCodec(  301): [OMX.google.vorbis.decoder] Calling fillBuffer on buffer 0xab1c73d0
V/OMXCodec(  301): [OMX.google.vorbis.decoder] EMPTY_BUFFER_DONE(buffer: 2870768352)
V/OMXCodec(  301): [OMX.google.vorbis.decoder] Calling emptyBuffer on buffer 0xab1c72e0 (length 266), timestamp 152380 us (0.15 secs)
V/OMXCodec(  301): [OMX.google.vorbis.decoder] FILL_BUFFER_DONE(buffer: 2870768592, size: 512, flags: 0x00000000, timestamp: 89977 us (0.09 secs))
V/OMXCodec(  301): [OMX.google.vorbis.decoder] Calling fillBuffer on buffer 0xab1c7330
V/OMXCodec(  301): [OMX.google.vorbis.decoder] EMPTY_BUFFER_DONE(buffer: 2870768112)
V/OMXCodec(  301): [OMX.google.vorbis.decoder] Calling emptyBuffer on buffer 0xab1c71f0 (length 282), timestamp 175600 us (0.18 secs)
V/OMXCodec(  301): [OMX.google.vorbis.decoder] FILL_BUFFER_DONE(buffer: 2870768432, size: 512, flags: 0x00000000, timestamp: 92879 us (0.09 secs))
V/OMXCodec(  301): [OMX.google.vorbis.decoder] Calling fillBuffer on buffer 0xaec08060
V/OMXCodec(  301): [OMX.google.vorbis.decoder] EMPTY_BUFFER_DONE(buffer: 2870768192)
V/OMXCodec(  301): [OMX.google.vorbis.decoder] Calling emptyBuffer on buffer 0xab1c7240 (length 287), timestamp 198820 us (0.20 secs)
V/OMXCodec(  301): [OMX.google.vorbis.decoder] FILL_BUFFER_DONE(buffer: 2931851360, size: 2304, flags: 0x00000000, timestamp: 105941 us (0.11 secs))
V/OMXCodec(  301): [OMX.google.vorbis.decoder] Calling fillBuffer on buffer 0xab1c7420
V/OMXCodec(  301): [OMX.google.vorbis.decoder] EMPTY_BUFFER_DONE(buffer: 2870768272)
V/OMXCodec(  301): [OMX.google.vorbis.decoder] Calling emptyBuffer on buffer 0xab1c7290 (length 294), timestamp 222040 us (0.22 secs)
V/OMXCodec(  301): [OMX.google.vorbis.decoder] FILL_BUFFER_DONE(buffer: 2870768672, size: 4096, flags: 0x00000000, timestamp: 129160 us (0.13 secs))
V/OMXCodec(  301): [OMX.google.vorbis.decoder] Calling fillBuffer on buffer 0xab1c73d0
V/OMXCodec(  301): [OMX.google.vorbis.decoder] EMPTY_BUFFER_DONE(buffer: 2870768352)
V/OMXCodec(  301): [OMX.google.vorbis.decoder] Calling emptyBuffer on buffer 0xab1c72e0 (length 285), timestamp 245260 us (0.25 secs)
V/OMXCodec(  301): [OMX.google.vorbis.decoder] FILL_BUFFER_DONE(buffer: 2870768592, size: 4096, flags: 0x00000000, timestamp: 152380 us (0.15 secs))
V/OMXCodec(  301): [OMX.google.vorbis.decoder] Calling fillBuffer on buffer 0xab1c7330
V/OMXCodec(  301): [OMX.google.vorbis.decoder] EMPTY_BUFFER_DONE(buffer: 2870768112)
V/OMXCodec(  301): [OMX.google.vorbis.decoder] Calling emptyBuffer on buffer 0xab1c71f0 (length 252), timestamp 268480 us (0.27 secs)
V/OMXCodec(  301): [OMX.google.vorbis.decoder] FILL_BUFFER_DONE(buffer: 2870768432, size: 4096, flags: 0x00000000, timestamp: 175600 us (0.18 secs))
V/OMXCodec(  301): [OMX.google.vorbis.decoder] Calling fillBuffer on buffer 0xaec08060
V/OMXCodec(  301): [OMX.google.vorbis.decoder] EMPTY_BUFFER_DONE(buffer: 2870768192)
V/OMXCodec(  301): [OMX.google.vorbis.decoder] Calling emptyBuffer on buffer 0xab1c7240 (length 263), timestamp 291700 us (0.29 secs)
V/OMXCodec(  301): [OMX.google.vorbis.decoder] FILL_BUFFER_DONE(buffer: 2931851360, size: 4096, flags: 0x00000000, timestamp: 198820 us (0.20 secs))
V/OMXCodec(  301): [OMX.google.vorbis.decoder] Calling fillBuffer on buffer 0xab1c7420
V/OMXCodec(  301): [OMX.google.vorbis.decoder] EMPTY_BUFFER_DONE(buffer: 2870768272)
V/OMXCodec(  301): [OMX.google.vorbis.decoder] Calling emptyBuffer on buffer 0xab1c7290 (length 273), timestamp 314920 us (0.31 secs)
V/OMXCodec(  301): [OMX.google.vorbis.decoder] FILL_BUFFER_DONE(buffer: 2870768672, size: 4096, flags: 0x00000000, timestamp: 222040 us (0.22 secs))
V/OMXCodec(  301): [OMX.google.vorbis.decoder] Calling fillBuffer on buffer 0xab1c73d0
V/OMXCodec(  301): [OMX.google.vorbis.decoder] EMPTY_BUFFER_DONE(buffer: 2870768352)
V/OMXCodec(  301): [OMX.google.vorbis.decoder] Calling emptyBuffer on buffer 0xab1c72e0 (length 260), timestamp 338140 us (0.34 secs)
V/OMXCodec(  301): [OMX.google.vorbis.decoder] FILL_BUFFER_DONE(buffer: 2870768592, size: 4096, flags: 0x00000000, timestamp: 245260 us (0.25 secs))
V/OMXCodec(  301): [OMX.google.vorbis.decoder] Calling fillBuffer on buffer 0xab1c7330
V/OMXCodec(  301): [OMX.google.vorbis.decoder] EMPTY_BUFFER_DONE(buffer: 2870768112)
V/OMXCodec(  301): [OMX.google.vorbis.decoder] Calling emptyBuffer on buffer 0xab1c71f0 (length 234), timestamp 361360 us (0.36 secs)
V/OMXCodec(  301): [OMX.google.vorbis.decoder] FILL_BUFFER_DONE(buffer: 2870768432, size: 4096, flags: 0x00000000, timestamp: 268480 us (0.27 secs))
V/OMXCodec(  301): [OMX.google.vorbis.decoder] Calling fillBuffer on buffer 0xaec08060
V/OMXCodec(  301): [OMX.google.vorbis.decoder] EMPTY_BUFFER_DONE(buffer: 2870768192)
V/OMXCodec(  301): [OMX.google.vorbis.decoder] Calling emptyBuffer on buffer 0xab1c7240 (length 236), timestamp 384580 us (0.38 secs)
V/OMXCodec(  301): [OMX.google.vorbis.decoder] FILL_BUFFER_DONE(buffer: 2931851360, size: 4096, flags: 0x00000000, timestamp: 291700 us (0.29 secs))
V/OMXCodec(  301): [OMX.google.vorbis.decoder] Calling fillBuffer on buffer 0xab1c7420
V/OMXCodec(  301): [OMX.google.vorbis.decoder] EMPTY_BUFFER_DONE(buffer: 2870768272)
V/OMXCodec(  301): [OMX.google.vorbis.decoder] Calling emptyBuffer on buffer 0xab1c7290 (length 268), timestamp 407800 us (0.41 secs)
V/OMXCodec(  301): [OMX.google.vorbis.decoder] FILL_BUFFER_DONE(buffer: 2870768672, size: 4096, flags: 0x00000000, timestamp: 314920 us (0.31 secs))
V/OMXCodec(  301): [OMX.google.vorbis.decoder] Calling fillBuffer on buffer 0xab1c73d0
V/OMXCodec(  301): [OMX.google.vorbis.decoder] EMPTY_BUFFER_DONE(buffer: 2870768352)
V/OMXCodec(  301): [OMX.google.vorbis.decoder] Calling emptyBuffer on buffer 0xab1c72e0 (length 229), timestamp 431020 us (0.43 secs)
V/OMXCodec(  301): [OMX.google.vorbis.decoder] FILL_BUFFER_DONE(buffer: 2870768592, size: 4096, flags: 0x00000000, timestamp: 338140 us (0.34 secs))
V/OMXCodec(  301): [OMX.google.vorbis.decoder] Calling fillBuffer on buffer 0xab1c7330
V/OMXCodec(  301): [OMX.google.vorbis.decoder] Calling fillBuffer on buffer 0xaec08060
V/OMXCodec(  301): [OMX.google.vorbis.decoder] EMPTY_BUFFER_DONE(buffer: 2870768112)
V/OMXCodec(  301): [OMX.google.vorbis.decoder] Calling emptyBuffer on buffer 0xab1c71f0 (length 228), timestamp 454240 us (0.45 secs)
V/OMXCodec(  301): [OMX.google.vorbis.decoder] FILL_BUFFER_DONE(buffer: 2870768432, size: 4096, flags: 0x00000000, timestamp: 361360 us (0.36 secs))
V/OMXCodec(  301): [OMX.google.vorbis.decoder] EMPTY_BUFFER_DONE(buffer: 2870768192)
V/OMXCodec(  301): [OMX.google.vorbis.decoder] Calling emptyBuffer on buffer 0xab1c7240 (length 234), timestamp 477460 us (0.48 secs)
V/OMXCodec(  301): [OMX.google.vorbis.decoder] FILL_BUFFER_DONE(buffer: 2931851360, size: 4096, flags: 0x00000000, timestamp: 384580 us (0.38 secs))
V/OMXCodec(  301): [OMX.google.vorbis.decoder] Calling fillBuffer on buffer 0xab1c7420
V/OMXCodec(  301): [OMX.google.vorbis.decoder] Calling fillBuffer on buffer 0xab1c73d0
V/OMXCodec(  301): [OMX.google.vorbis.decoder] Calling fillBuffer on buffer 0xab1c7330
V/OMXCodec(  301): [OMX.google.vorbis.decoder] EMPTY_BUFFER_DONE(buffer: 2870768272)
V/OMXCodec(  301): [OMX.google.vorbis.decoder] Calling emptyBuffer on buffer 0xab1c7290 (length 241), timestamp 500680 us (0.50 secs)
V/OMXCodec(  301): [OMX.google.vorbis.decoder] FILL_BUFFER_DONE(buffer: 2870768672, size: 4096, flags: 0x00000000, timestamp: 407800 us (0.41 secs))
V/OMXCodec(  301): [OMX.google.vorbis.decoder] EMPTY_BUFFER_DONE(buffer: 2870768352)
V/OMXCodec(  301): [OMX.google.vorbis.decoder] Calling emptyBuffer on buffer 0xab1c72e0 (length 225), timestamp 523900 us (0.52 secs)
V/OMXCodec(  301): [OMX.google.vorbis.decoder] FILL_BUFFER_DONE(buffer: 2870768592, size: 4096, flags: 0x00000000, timestamp: 431020 us (0.43 secs))
V/OMXCodec(  301): [OMX.google.vorbis.decoder] EMPTY_BUFFER_DONE(buffer: 2870768112)
V/OMXCodec(  301): [OMX.google.vorbis.decoder] Calling emptyBuffer on buffer 0xab1c71f0 (length 238), timestamp 547120 us (0.55 secs)
V/OMXCodec(  301): [OMX.google.vorbis.decoder] FILL_BUFFER_DONE(buffer: 2870768432, size: 4096, flags: 0x00000000, timestamp: 454240 us (0.45 secs))
V/OMXCodec(  301): [OMX.google.vorbis.decoder] Calling fillBuffer on buffer 0xaec08060
V/OMXCodec(  301): [OMX.google.vorbis.decoder] Calling fillBuffer on buffer 0xab1c7420
V/OMXCodec(  301): [OMX.google.vorbis.decoder] Calling fillBuffer on buffer 0xab1c73d0
V/OMXCodec(  301): [OMX.google.vorbis.decoder] Calling fillBuffer on buffer 0xab1c7330
V/OMXCodec(  301): [OMX.google.vorbis.decoder] EMPTY_BUFFER_DONE(buffer: 2870768192)
V/OMXCodec(  301): [OMX.google.vorbis.decoder] Calling emptyBuffer on buffer 0xab1c7240 (length 256), timestamp 570340 us (0.57 secs)
V/OMXCodec(  301): [OMX.google.vorbis.decoder] FILL_BUFFER_DONE(buffer: 2931851360, size: 4096, flags: 0x00000000, timestamp: 477460 us (0.48 secs))
V/OMXCodec(  301): [OMX.google.vorbis.decoder] EMPTY_BUFFER_DONE(buffer: 2870768272)
V/OMXCodec(  301): [OMX.google.vorbis.decoder] Calling emptyBuffer on buffer 0xab1c7290 (length 277), timestamp 593560 us (0.59 secs)
V/OMXCodec(  301): [OMX.google.vorbis.decoder] FILL_BUFFER_DONE(buffer: 2870768672, size: 4096, flags: 0x00000000, timestamp: 500680 us (0.50 secs))
V/OMXCodec(  301): [OMX.google.vorbis.decoder] EMPTY_BUFFER_DONE(buffer: 2870768352)
V/OMXCodec(  301): [OMX.google.vorbis.decoder] Calling emptyBuffer on buffer 0xab1c72e0 (length 262), timestamp 616780 us (0.62 secs)
V/OMXCodec(  301): [OMX.google.vorbis.decoder] FILL_BUFFER_DONE(buffer: 2870768592, size: 4096, flags: 0x00000000, timestamp: 523900 us (0.52 secs))
V/OMXCodec(  301): [OMX.google.vorbis.decoder] EMPTY_BUFFER_DONE(buffer: 2870768112)
V/OMXCodec(  301): [OMX.google.vorbis.decoder] Calling emptyBuffer on buffer 0xab1c71f0 (length 250), timestamp 640000 us (0.64 secs)
V/OMXCodec(  301): [OMX.google.vorbis.decoder] FILL_BUFFER_DONE(buffer: 2870768432, size: 4096, flags: 0x00000000, timestamp: 547120 us (0.55 secs))
V/OMXCodec(  301): [OMX.google.vorbis.decoder] Calling fillBuffer on buffer 0xaec08060
V/OMXCodec(  301): [OMX.google.vorbis.decoder] Calling fillBuffer on buffer 0xab1c7420
V/OMXCodec(  301): [OMX.google.vorbis.decoder] Calling fillBuffer on buffer 0xab1c73d0
V/OMXCodec(  301): [OMX.google.vorbis.decoder] Calling fillBuffer on buffer 0xab1c7330
V/OMXCodec(  301): [OMX.google.vorbis.decoder] EMPTY_BUFFER_DONE(buffer: 2870768192)
V/OMXCodec(  301): [OMX.google.vorbis.decoder] Calling emptyBuffer on buffer 0xab1c7240 (length 286), timestamp 663219 us (0.66 secs)
V/OMXCodec(  301): [OMX.google.vorbis.decoder] FILL_BUFFER_DONE(buffer: 2931851360, size: 4096, flags: 0x00000000, timestamp: 570340 us (0.57 secs))
V/OMXCodec(  301): [OMX.google.vorbis.decoder] EMPTY_BUFFER_DONE(buffer: 2870768272)
V/OMXCodec(  301): [OMX.google.vorbis.decoder] Calling emptyBuffer on buffer 0xab1c7290 (length 296), timestamp 686439 us (0.69 secs)
V/OMXCodec(  301): [OMX.google.vorbis.decoder] FILL_BUFFER_DONE(buffer: 2870768672, size: 4096, flags: 0x00000000, timestamp: 593560 us (0.59 secs))
V/OMXCodec(  301): [OMX.google.vorbis.decoder] EMPTY_BUFFER_DONE(buffer: 2870768352)
V/OMXCodec(  301): [OMX.google.vorbis.decoder] Calling emptyBuffer on buffer 0xab1c72e0 (length 284), timestamp 709659 us (0.71 secs)
V/OMXCodec(  301): [OMX.google.vorbis.decoder] FILL_BUFFER_DONE(buffer: 2870768592, size: 4096, flags: 0x00000000, timestamp: 616780 us (0.62 secs))
V/OMXCodec(  301): [OMX.google.vorbis.decoder] EMPTY_BUFFER_DONE(buffer: 2870768112)
V/OMXCodec(  301): [OMX.google.vorbis.decoder] Calling emptyBuffer on buffer 0xab1c71f0 (length 295), timestamp 732879 us (0.73 secs)
V/OMXCodec(  301): [OMX.google.vorbis.decoder] FILL_BUFFER_DONE(buffer: 2870768432, size: 4096, flags: 0x00000000, timestamp: 640000 us (0.64 secs))
V/OMXCodec(  301): [OMX.google.vorbis.decoder] Calling fillBuffer on buffer 0xaec08060
V/OMXCodec(  301): [OMX.google.vorbis.decoder] Calling fillBuffer on buffer 0xab1c7420
V/OMXCodec(  301): [OMX.google.vorbis.decoder] Calling fillBuffer on buffer 0xab1c73d0
V/OMXCodec(  301): [OMX.google.vorbis.decoder] Calling fillBuffer on buffer 0xab1c7330
V/OMXCodec(  301): [OMX.google.vorbis.decoder] EMPTY_BUFFER_DONE(buffer: 2870768192)
V/OMXCodec(  301): [OMX.google.vorbis.decoder] Calling emptyBuffer on buffer 0xab1c7240 (length 287), timestamp 756099 us (0.76 secs)
V/OMXCodec(  301): [OMX.google.vorbis.decoder] FILL_BUFFER_DONE(buffer: 2931851360, size: 4096, flags: 0x00000000, timestamp: 663219 us (0.66 secs))
V/OMXCodec(  301): [OMX.google.vorbis.decoder] EMPTY_BUFFER_DONE(buffer: 2870768272)
V/OMXCodec(  301): [OMX.google.vorbis.decoder] Calling emptyBuffer on buffer 0xab1c7290 (length 278), timestamp 779319 us (0.78 secs)
V/OMXCodec(  301): [OMX.google.vorbis.decoder] FILL_BUFFER_DONE(buffer: 2870768672, size: 4096, flags: 0x00000000, timestamp: 686439 us (0.69 secs))
V/OMXCodec(  301): [OMX.google.vorbis.decoder] EMPTY_BUFFER_DONE(buffer: 2870768352)
V/OMXCodec(  301): [OMX.google.vorbis.decoder] Calling emptyBuffer on buffer 0xab1c72e0 (length 276), timestamp 802539 us (0.80 secs)
V/OMXCodec(  301): [OMX.google.vorbis.decoder] FILL_BUFFER_DONE(buffer: 2870768592, size: 4096, flags: 0x00000000, timestamp: 709659 us (0.71 secs))
V/OMXCodec(  301): [OMX.google.vorbis.decoder] EMPTY_BUFFER_DONE(buffer: 2870768112)
V/OMXCodec(  301): [OMX.google.vorbis.decoder] Calling emptyBuffer on buffer 0xab1c71f0 (length 281), timestamp 825759 us (0.83 secs)
V/OMXCodec(  301): [OMX.google.vorbis.decoder] FILL_BUFFER_DONE(buffer: 2870768432, size: 4096, flags: 0x00000000, timestamp: 732879 us (0.73 secs))
V/OMXCodec(  301): [OMX.google.vorbis.decoder] Calling fillBuffer on buffer 0xaec08060
V/OMXCodec(  301): [OMX.google.vorbis.decoder] Calling fillBuffer on buffer 0xab1c7420
V/OMXCodec(  301): [OMX.google.vorbis.decoder] Calling fillBuffer on buffer 0xab1c73d0
V/OMXCodec(  301): [OMX.google.vorbis.decoder] Calling fillBuffer on buffer 0xab1c7330
V/OMXCodec(  301): [OMX.google.vorbis.decoder] EMPTY_BUFFER_DONE(buffer: 2870768192)
V/OMXCodec(  301): [OMX.google.vorbis.decoder] Calling emptyBuffer on buffer 0xab1c7240 (length 306), timestamp 848979 us (0.85 secs)
V/OMXCodec(  301): [OMX.google.vorbis.decoder] FILL_BUFFER_DONE(buffer: 2931851360, size: 4096, flags: 0x00000000, timestamp: 756099 us (0.76 secs))
V/OMXCodec(  301): [OMX.google.vorbis.decoder] EMPTY_BUFFER_DONE(buffer: 2870768272)
V/OMXCodec(  301): [OMX.google.vorbis.decoder] Calling emptyBuffer on buffer 0xab1c7290 (length 297), timestamp 872199 us (0.87 secs)
V/OMXCodec(  301): [OMX.google.vorbis.decoder] FILL_BUFFER_DONE(buffer: 2870768672, size: 4096, flags: 0x00000000, timestamp: 779319 us (0.78 secs))
V/OMXCodec(  301): [OMX.google.vorbis.decoder] EMPTY_BUFFER_DONE(buffer: 2870768352)
V/OMXCodec(  301): [OMX.google.vorbis.decoder] Calling emptyBuffer on buffer 0xab1c72e0 (length 296), timestamp 895419 us (0.90 secs)
V/OMXCodec(  301): [OMX.google.vorbis.decoder] FILL_BUFFER_DONE(buffer: 2870768592, size: 4096, flags: 0x00000000, timestamp: 802539 us (0.80 secs))
V/OMXCodec(  301): [OMX.google.vorbis.decoder] EMPTY_BUFFER_DONE(buffer: 2870768112)
V/OMXCodec(  301): [OMX.google.vorbis.decoder] Calling emptyBuffer on buffer 0xab1c71f0 (length 296), timestamp 918639 us (0.92 secs)
V/OMXCodec(  301): [OMX.google.vorbis.decoder] FILL_BUFFER_DONE(buffer: 2870768432, size: 4096, flags: 0x00000000, timestamp: 825759 us (0.83 secs))
V/OMXCodec(  301): [OMX.google.vorbis.decoder] Calling fillBuffer on buffer 0xaec08060
V/OMXCodec(  301): [OMX.google.vorbis.decoder] Calling fillBuffer on buffer 0xab1c7420
V/OMXCodec(  301): [OMX.google.vorbis.decoder] Calling fillBuffer on buffer 0xab1c73d0
V/OMXCodec(  301): [OMX.google.vorbis.decoder] Calling fillBuffer on buffer 0xab1c7330
V/OMXCodec(  301): [OMX.google.vorbis.decoder] EMPTY_BUFFER_DONE(buffer: 2870768192)
V/OMXCodec(  301): [OMX.google.vorbis.decoder] Calling emptyBuffer on buffer 0xab1c7240 (length 306), timestamp 941859 us (0.94 secs)
V/OMXCodec(  301): [OMX.google.vorbis.decoder] FILL_BUFFER_DONE(buffer: 2931851360, size: 4096, flags: 0x00000000, timestamp: 848979 us (0.85 secs))
V/OMXCodec(  301): [OMX.google.vorbis.decoder] EMPTY_BUFFER_DONE(buffer: 2870768272)
V/OMXCodec(  301): [OMX.google.vorbis.decoder] Calling emptyBuffer on buffer 0xab1c7290 (length 317), timestamp 965079 us (0.97 secs)
V/OMXCodec(  301): [OMX.google.vorbis.decoder] FILL_BUFFER_DONE(buffer: 2870768672, size: 4096, flags: 0x00000000, timestamp: 872199 us (0.87 secs))
V/OMXCodec(  301): [OMX.google.vorbis.decoder] EMPTY_BUFFER_DONE(buffer: 2870768352)
V/OMXCodec(  301): [OMX.google.vorbis.decoder] Calling emptyBuffer on buffer 0xab1c72e0 (length 281), timestamp 988299 us (0.99 secs)
V/OMXCodec(  301): [OMX.google.vorbis.decoder] FILL_BUFFER_DONE(buffer: 2870768592, size: 4096, flags: 0x00000000, timestamp: 895419 us (0.90 secs))
V/OMXCodec(  301): [OMX.google.vorbis.decoder] EMPTY_BUFFER_DONE(buffer: 2870768112)
V/OMXCodec(  301): [OMX.google.vorbis.decoder] Calling emptyBuffer on buffer 0xab1c71f0 (length 328), timestamp 1011519 us (1.01 secs)
V/OMXCodec(  301): [OMX.google.vorbis.decoder] FILL_BUFFER_DONE(buffer: 2870768432, size: 4096, flags: 0x00000000, timestamp: 918639 us (0.92 secs))
V/OMXCodec(  301): [OMX.google.vorbis.decoder] Calling fillBuffer on buffer 0xaec08060
V/OMXCodec(  301): [OMX.google.vorbis.decoder] Calling fillBuffer on buffer 0xab1c7420
V/OMXCodec(  301): [OMX.google.vorbis.decoder] Calling fillBuffer on buffer 0xab1c73d0
V/OMXCodec(  301): [OMX.google.vorbis.decoder] Calling fillBuffer on buffer 0xab1c7330
V/OMXCodec(  301): [OMX.google.vorbis.decoder] EMPTY_BUFFER_DONE(buffer: 2870768192)
V/OMXCodec(  301): [OMX.google.vorbis.decoder] Calling emptyBuffer on buffer 0xab1c7240 (length 334), timestamp 1034739 us (1.03 secs)
V/OMXCodec(  301): [OMX.google.vorbis.decoder] FILL_BUFFER_DONE(buffer: 2931851360, size: 4096, flags: 0x00000000, timestamp: 941859 us (0.94 secs))
V/OMXCodec(  301): [OMX.google.vorbis.decoder] EMPTY_BUFFER_DONE(buffer: 2870768272)
V/OMXCodec(  301): [OMX.google.vorbis.decoder] Calling emptyBuffer on buffer 0xab1c7290 (length 330), timestamp 1057959 us (1.06 secs)
V/OMXCodec(  301): [OMX.google.vorbis.decoder] FILL_BUFFER_DONE(buffer: 2870768672, size: 4096, flags: 0x00000000, timestamp: 965079 us (0.97 secs))
V/OMXCodec(  301): [OMX.google.vorbis.decoder] EMPTY_BUFFER_DONE(buffer: 2870768352)
V/OMXCodec(  301): [OMX.google.vorbis.decoder] Calling emptyBuffer on buffer 0xab1c72e0 (length 308), timestamp 1081179 us (1.08 secs)
V/OMXCodec(  301): [OMX.google.vorbis.decoder] FILL_BUFFER_DONE(buffer: 2870768592, size: 4096, flags: 0x00000000, timestamp: 988299 us (0.99 secs))
V/OMXCodec(  301): [OMX.google.vorbis.decoder] EMPTY_BUFFER_DONE(buffer: 2870768112)
V/OMXCodec(  301): [OMX.google.vorbis.decoder] Calling emptyBuffer on buffer 0xab1c71f0 (length 321), timestamp 1104399 us (1.10 secs)
V/OMXCodec(  301): [OMX.google.vorbis.decoder] FILL_BUFFER_DONE(buffer: 2870768432, size: 4096, flags: 0x00000000, timestamp: 1011519 us (1.01 secs))
V/OMXCodec(  301): [OMX.google.vorbis.decoder] Calling fillBuffer on buffer 0xaec08060
V/OMXCodec(  301): [OMX.google.vorbis.decoder] Calling fillBuffer on buffer 0xab1c7420
