D/StatusBar.NetworkController( 1206): refreshSignalCluster - setNWBoosterIndicators(false)
D/StatusBar.NetworkController( 1206): applyJPN
D/StatusBar.NetworkController( 1206): refreshSignalCluster - setNWBoosterIndicators(false)
D/StatusBar.NetworkController( 1206): applyJPN
D/StatusBar( 1206): ----- contentsUnchanged : true, bigContentsUnchanged - true, headsUpContentsUnchanged - true , publicUnchanged true
D/PersonaManager( 1206): isKioskContainerExistOnDevice
D/PersonaManager( 1206): isKioskContainerExistOnDevice
I/PhoneStatusBar( 1206): Icon Only
D/KeyguardUpdateMonitor( 1206): updateCMASText( show = false )
D/PanelView( 1206): There is/are notification(s) 
D/PanelView( 1206): kidsfalse mQsExpansionEnabled:true
D/KeyguardUpdateMonitor( 1206): updateCMASText( show = false )
D/PanelView( 1206): There is/are notification(s) 
D/PersonaManager( 1206): isKioskContainerExistOnDevice
I/PhoneStatusBar( 1206): Icon Only
D/KeyguardUpdateMonitor( 1206): updateCMASText( show = false )
D/PanelView( 1206): There is/are notification(s) 
D/PanelView( 1206): kidsfalse mQsExpansionEnabled:true
D/KeyguardUpdateMonitor( 1206): updateCMASText( show = false )
E/SMD     (  294): DCD ON
D/PanelView( 1206): mClearAll.setVisibility - mIsFullyOpened : false isShade : true mHasNotification : true mIsUpwardFling : false mQsFullyExpanded : false isShadeLocked : false mClearAllVisible : true
D/StatusBar.NetworkController( 1206): refreshSignalCluster - setNWBoosterIndicators(false)
D/StatusBar.NetworkController( 1206): applyJPN
D/StatusBar.NetworkController( 1206): refreshSignalCluster - setNWBoosterIndicators(false)
D/StatusBar.NetworkController( 1206): applyJPN
D/StatusBar.NetworkController( 1206): refreshSignalCluster - setNWBoosterIndicators(false)
D/StatusBar.NetworkController( 1206): applyJPN
D/StatusBar.NetworkController( 1206): refreshSignalCluster - setNWBoosterIndicators(false)
D/StatusBar.NetworkController( 1206): applyJPN
D/StatusBar.NetworkController( 1206): onSignalStrengthsChanged signalStrength=SignalStrength: 99 99 -120 -160 -120 -1 -1 99 2147483647 2147483647 2147483647 -1 2147483647 0x0 cdma level=0
E/SMD     (  294): DCD ON
D/StatusBar.NetworkController( 1206): onSignalStrengthsChanged signalStrength=SignalStrength: 99 99 -120 -160 -120 -1 -1 99 2147483647 2147483647 2147483647 -1 2147483647 0x0 cdma level=0
D/StatusBar.NetworkController( 1206): onSignalStrengthsChanged signalStrength=SignalStrength: 99 99 -120 -160 -120 -1 -1 99 2147483647 2147483647 2147483647 -1 2147483647 0x0 cdma level=0
D/KeyguardUpdateMonitor( 1206): received broadcast android.intent.action.TIME_TICK
D/KeyguardUpdateMonitor( 1206): handleTimeUpdate
D/KeyguardEffectViewController( 1206): onReceive action : android.intent.action.TIME_TICK
I/KeyguardEffectViewController( 1206): *** don't update sliding image ***
D/DateView( 1206): regionalDateFormat = 3333/11/22 isRTLlanguage = false returnDateFormat = MMMMd(E)
D/DateView( 1206): regionalDateFormat = 3333/11/22 isRTLlanguage = false returnDateFormat = MMMMd(E)
E/SMD     (  294): DCD ON
D/StatusBar.NetworkController( 1206): onSignalStrengthsChanged signalStrength=SignalStrength: 99 99 -120 -160 -120 -1 -1 99 2147483647 2147483647 2147483647 -1 2147483647 0x0 cdma level=0
E/SMD     (  294): DCD ON
D/StatusBar.NetworkController( 1206): onSignalStrengthsChanged signalStrength=SignalStrength: 99 99 -120 -160 -120 -1 -1 99 2147483647 2147483647 2147483647 -1 2147483647 0x0 cdma level=0
D/StatusBar.NetworkController( 1206): onSignalStrengthsChanged signalStrength=SignalStrength: 99 99 -120 -160 -120 -1 -1 99 2147483647 2147483647 2147483647 -1 2147483647 0x0 cdma level=0
E/SMD     (  294): DCD ON
D/StatusBar.NetworkController( 1206): onSignalStrengthsChanged signalStrength=SignalStrength: 99 99 -120 -160 -120 -1 -1 99 2147483647 2147483647 2147483647 -1 2147483647 0x0 cdma level=0
I/art     (20591): Explicit concurrent mark sweep GC freed 34115(1782KB) AllocSpace objects, 17(420KB) LOS objects, 40% free, 16MB/27MB, paused 1.722ms total 85.174ms
D/KeyguardUpdateMonitor( 1206): received broadcast android.intent.action.BATTERY_CHANGED
D/KeyguardUpdateMonitor( 1206): handleBatteryUpdate
I/BusinessExecutor( 1526): registered Task#10767 : PowerInfoEventSource$1
V/HeadsetService( 4086): HeadsetService - Received Intent.ACTION_BATTERY_CHANGED
D/HeadsetStateMachine( 4086): Disconnected process message: 10
I/BusinessExecutor( 1526): Task#10767 : #run() called
I/BusinessExecutor( 1526): Task#10767 : #run() ended
D/StatusBar.NetworkController( 1206): onSignalStrengthsChanged signalStrength=SignalStrength: 99 99 -120 -160 -120 -1 -1 99 2147483647 2147483647 2147483647 -1 2147483647 0x0 cdma level=0
E/SMD     (  294): DCD ON
I/art     (20925): Explicit concurrent mark sweep GC freed 4780(198KB) AllocSpace objects, 0(0B) LOS objects, 39% free, 15MB/25MB, paused 881us total 28.895ms
D/StatusBar.NetworkController( 1206): onSignalStrengthsChanged signalStrength=SignalStrength: 99 99 -120 -160 -120 -1 -1 99 2147483647 2147483647 2147483647 -1 2147483647 0x0 cdma level=0
E/SMD     (  294): DCD ON
D/StatusBar.NetworkController( 1206): onSignalStrengthsChanged signalStrength=SignalStrength: 99 99 -120 -160 -120 -1 -1 99 2147483647 2147483647 2147483647 -1 2147483647 0x0 cdma level=0
D/StatusBar.NetworkController( 1206): onSignalStrengthsChanged signalStrength=SignalStrength: 99 99 -120 -160 -120 -1 -1 99 2147483647 2147483647 2147483647 -1 2147483647 0x0 cdma level=0
E/SMD     (  294): DCD ON
D/StatusBar.NetworkController( 1206): onSignalStrengthsChanged signalStrength=SignalStrength: 99 99 -120 -160 -120 -1 -1 99 2147483647 2147483647 2147483647 -1 2147483647 0x0 cdma level=0
D/StatusBar.NetworkController( 1206): onSignalStrengthsChanged signalStrength=SignalStrength: 99 99 -120 -160 -120 -1 -1 99 2147483647 2147483647 2147483647 -1 2147483647 0x0 cdma level=0
D/StatusBar.NetworkController( 1206): refreshSignalCluster - setNWBoosterIndicators(false)
D/StatusBar.NetworkController( 1206): applyJPN
D/StatusBar.NetworkController( 1206): refreshSignalCluster - setNWBoosterIndicators(false)
D/StatusBar.NetworkController( 1206): applyJPN
D/StatusBar.NetworkController( 1206): refreshSignalCluster - setNWBoosterIndicators(false)
D/StatusBar.NetworkController( 1206): applyJPN
D/StatusBar.NetworkController( 1206): refreshSignalCluster - setNWBoosterIndicators(false)
D/StatusBar.NetworkController( 1206): applyJPN
E/SMD     (  294): DCD ON
D/StatusBar.NetworkController( 1206): onSignalStrengthsChanged signalStrength=SignalStrength: 99 99 -120 -160 -120 -1 -1 99 2147483647 2147483647 2147483647 -1 2147483647 0x0 cdma level=0
D/StatusBar.NetworkController( 1206): refreshSignalCluster - setNWBoosterIndicators(false)
D/StatusBar.NetworkController( 1206): applyJPN
D/StatusBar.NetworkController( 1206): refreshSignalCluster - setNWBoosterIndicators(false)
D/StatusBar.NetworkController( 1206): applyJPN
D/StatusBar.NetworkController( 1206): refreshSignalCluster - setNWBoosterIndicators(false)
D/StatusBar.NetworkController( 1206): applyJPN
D/StatusBar.NetworkController( 1206): refreshSignalCluster - setNWBoosterIndicators(false)
D/StatusBar.NetworkController( 1206): applyJPN
D/StatusBar.NetworkController( 1206): onSignalStrengthsChanged signalStrength=SignalStrength: 99 99 -120 -160 -120 -1 -1 99 2147483647 2147483647 2147483647 -1 2147483647 0x0 cdma level=0
E/SMD     (  294): DCD ON
D/StatusBar.NetworkController( 1206): onSignalStrengthsChanged signalStrength=SignalStrength: 99 99 -120 -160 -120 -1 -1 99 2147483647 2147483647 2147483647 -1 2147483647 0x0 cdma level=0
E/SMD     (  294): DCD ON
D/StatusBar.NetworkController( 1206): onSignalStrengthsChanged signalStrength=SignalStrength: 99 99 -120 -160 -120 -1 -1 99 2147483647 2147483647 2147483647 -1 2147483647 0x0 cdma level=0
E/SMD     (  294): DCD ON
D/StatusBar.NetworkController( 1206): onSignalStrengthsChanged signalStrength=SignalStrength: 99 99 -120 -160 -120 -1 -1 99 2147483647 2147483647 2147483647 -1 2147483647 0x0 cdma level=0
D/StatusBar.NetworkController( 1206): onSignalStrengthsChanged signalStrength=SignalStrength: 99 99 -120 -160 -120 -1 -1 99 2147483647 2147483647 2147483647 -1 2147483647 0x0 cdma level=0
D/StatusBar.NetworkController( 1206): refreshSignalCluster - setNWBoosterIndicators(false)
D/StatusBar.NetworkController( 1206): applyJPN
D/StatusBar.NetworkController( 1206): refreshSignalCluster - setNWBoosterIndicators(false)
D/StatusBar.NetworkController( 1206): applyJPN
D/StatusBar.NetworkController( 1206): refreshSignalCluster - setNWBoosterIndicators(false)
D/StatusBar.NetworkController( 1206): applyJPN
D/StatusBar.NetworkController( 1206): refreshSignalCluster - setNWBoosterIndicators(false)
D/StatusBar.NetworkController( 1206): applyJPN
E/SMD     (  294): DCD ON
D/StatusBar.NetworkController( 1206): refreshSignalCluster - setNWBoosterIndicators(false)
D/StatusBar.NetworkController( 1206): applyJPN
D/StatusBar.NetworkController( 1206): refreshSignalCluster - setNWBoosterIndicators(false)
D/StatusBar.NetworkController( 1206): applyJPN
D/StatusBar.NetworkController( 1206): refreshSignalCluster - setNWBoosterIndicators(false)
D/StatusBar.NetworkController( 1206): applyJPN
D/StatusBar.NetworkController( 1206): refreshSignalCluster - setNWBoosterIndicators(false)
D/StatusBar.NetworkController( 1206): applyJPN
E/SMD     (  294): DCD ON
D/StatusBar.NetworkController( 1206): refreshSignalCluster - setNWBoosterIndicators(false)
D/StatusBar.NetworkController( 1206): applyJPN
D/StatusBar.NetworkController( 1206): refreshSignalCluster - setNWBoosterIndicators(false)
D/StatusBar.NetworkController( 1206): applyJPN
D/StatusBar.NetworkController( 1206): refreshSignalCluster - setNWBoosterIndicators(false)
D/StatusBar.NetworkController( 1206): applyJPN
D/StatusBar.NetworkController( 1206): refreshSignalCluster - setNWBoosterIndicators(false)
D/StatusBar.NetworkController( 1206): applyJPN
D/StatusBar.NetworkController( 1206): onSignalStrengthsChanged signalStrength=SignalStrength: 99 99 -120 -160 -120 -1 -1 99 2147483647 2147483647 2147483647 -1 2147483647 0x0 cdma level=0
D/StatusBar.NetworkController( 1206): onSignalStrengthsChanged signalStrength=SignalStrength: 99 99 -120 -160 -120 -1 -1 99 2147483647 2147483647 2147483647 -1 2147483647 0x0 cdma level=0
D/StatusBar.NetworkController( 1206): refreshSignalCluster - setNWBoosterIndicators(false)
D/StatusBar.NetworkController( 1206): applyJPN
D/StatusBar.NetworkController( 1206): refreshSignalCluster - setNWBoosterIndicators(false)
D/StatusBar.NetworkController( 1206): applyJPN
D/StatusBar.NetworkController( 1206): refreshSignalCluster - setNWBoosterIndicators(false)
D/StatusBar.NetworkController( 1206): applyJPN
D/StatusBar.NetworkController( 1206): refreshSignalCluster - setNWBoosterIndicators(false)
D/StatusBar.NetworkController( 1206): applyJPN
E/SMD     (  294): DCD ON
D/KeyguardUpdateMonitor( 1206): received broadcast android.intent.action.BATTERY_CHANGED
D/KeyguardUpdateMonitor( 1206): handleBatteryUpdate
I/BusinessExecutor( 1526): registered Task#10768 : PowerInfoEventSource$1
I/BusinessExecutor( 1526): Task#10768 : #run() called
I/BusinessExecutor( 1526): Task#10768 : #run() ended
V/HeadsetService( 4086): HeadsetService - Received Intent.ACTION_BATTERY_CHANGED
D/HeadsetStateMachine( 4086): Disconnected process message: 10
D/StatusBar.NetworkController( 1206): onSignalStrengthsChanged signalStrength=SignalStrength: 99 99 -120 -160 -120 -1 -1 99 2147483647 2147483647 2147483647 -1 2147483647 0x0 cdma level=0
D/lights  (  869): lcd : 115 +
D/lights  (  869): lcd : 115 -
D/lights  (  869): lcd : 107 +
D/lights  (  869): lcd : 107 -
D/lights  (  869): lcd : 98 +
D/lights  (  869): lcd : 98 -
D/lights  (  869): lcd : 90 +
D/lights  (  869): lcd : 90 -
D/lights  (  869): lcd : 82 +
D/lights  (  869): lcd : 82 -
D/lights  (  869): lcd : 74 +
D/lights  (  869): lcd : 74 -
D/lights  (  869): lcd : 65 +
D/lights  (  869): lcd : 65 -
D/lights  (  869): lcd : 57 +
D/lights  (  869): lcd : 57 -
D/lights  (  869): lcd : 49 +
D/lights  (  869): lcd : 49 -
D/lights  (  869): lcd : 40 +
D/lights  (  869): lcd : 40 -
D/lights  (  869): lcd : 32 +
D/lights  (  869): lcd : 32 -
D/lights  (  869): lcd : 24 +
D/lights  (  869): lcd : 24 -
D/lights  (  869): lcd : 15 +
D/lights  (  869): lcd : 15 -
D/StatusBar.NetworkController( 1206): refreshSignalCluster - setNWBoosterIndicators(false)
D/StatusBar.NetworkController( 1206): applyJPN
D/StatusBar.NetworkController( 1206): refreshSignalCluster - setNWBoosterIndicators(false)
D/StatusBar.NetworkController( 1206): applyJPN
D/StatusBar.NetworkController( 1206): refreshSignalCluster - setNWBoosterIndicators(false)
D/StatusBar.NetworkController( 1206): applyJPN
D/StatusBar.NetworkController( 1206): refreshSignalCluster - setNWBoosterIndicators(false)
D/StatusBar.NetworkController( 1206): applyJPN
D/StatusBar.NetworkController( 1206): refreshSignalCluster - setNWBoosterIndicators(false)
D/StatusBar.NetworkController( 1206): applyJPN
D/StatusBar.NetworkController( 1206): refreshSignalCluster - setNWBoosterIndicators(false)
D/StatusBar.NetworkController( 1206): applyJPN
D/StatusBar.NetworkController( 1206): refreshSignalCluster - setNWBoosterIndicators(false)
D/StatusBar.NetworkController( 1206): applyJPN
D/StatusBar.NetworkController( 1206): refreshSignalCluster - setNWBoosterIndicators(false)
D/StatusBar.NetworkController( 1206): applyJPN
E/SMD     (  294): DCD ON
D/StatusBar.NetworkController( 1206): onSignalStrengthsChanged signalStrength=SignalStrength: 99 99 -120 -160 -120 -1 -1 99 2147483647 2147483647 2147483647 -1 2147483647 0x0 cdma level=0
D/StatusBar.NetworkController( 1206): onSignalStrengthsChanged signalStrength=SignalStrength: 99 99 -120 -160 -120 -1 -1 99 2147483647 2147483647 2147483647 -1 2147483647 0x0 cdma level=0
E/SMD     (  294): DCD ON
D/StatusBar.NetworkController( 1206): onSignalStrengthsChanged signalStrength=SignalStrength: 99 99 -120 -160 -120 -1 -1 99 2147483647 2147483647 2147483647 -1 2147483647 0x0 cdma level=0
D/InputManager-JNI(  869): setDeviceInteractive: 0
D/InputManager-JNI(  869): sysfs_write +: /sys/class/input/event2/device/enabled: 0
D/InputReader(  869): Input event: value=0
D/InputManager-JNI(  869): sysfs_write +: /sys/class/input/event1/device/enabled: 0
D/InputManager-JNI(  869): sysfs_write -: /sys/class/input/event2/device/enabled: 0
D/InputManager-JNI(  869): sysfs_write -: /sys/class/input/event1/device/enabled: 0
I/SurfaceFlinger(  257): id=1936 createSurf (1080x1920),2 flag=404, ColorFade
D/KeyguardViewMediator( 1206): onScreenTurnedOff(3)
I/KeyguardEffectViewController( 1206): *** KeyguardEffectView getInstanceIfExists ***
D/KeyguardEffectViewController( 1206): changeWallpaperByScreenOff()
D/KeyguardViewMediator( 1206): notifyScreenOffLocked
D/KeyguardViewMediator( 1206): timeout : 5000
D/KeyguardViewMediator( 1206): setting alarm to turn off keyguard, seq = 94
D/KeyguardViewMediator( 1206): handleNotifyScreenOff
D/StatusBar.NetworkController( 1206): onSignalStrengthsChanged signalStrength=SignalStrength: 99 99 -120 -160 -120 -1 -1 99 2147483647 2147483647 2147483647 -1 2147483647 0x0 cdma level=0
D/SensorManager(  869): registerListener :: 6, TMG399X RGB Sensor, 200000, 0,  
D/SensorManager(  869): unregisterListener ::   
D/lights  (  869): led_pattern : 5 +
D/lights  (  869): led_pattern : 5 -
I/CAE     (  869): handleMessage(CaPowerManager.java:182) - AP_SLEEP
I/CAE     (  869): updateApPowerStatus(SensorHubParserProvider.java:421) - AP_SLEEP
I/CAE     (  869): sendCmdToSensorHub(SensorHubCommManager.java:144) - -76, 13, -46, 0,
D/SensorHubManager(  869): SendSensorHubData: send data = -76, 13, -46, 0
D/Sensorhubs(  310): sendContextData: -76, 13, -46, 0
I/CAE     (  869): sendCmdToSensorHub(SensorHubCommManager.java:144) - -63, 14, 4, 48, 45,
D/SensorHubManager(  869): SendSensorHubData: send data = -63, 14, 4, 48, 45
D/Sensorhubs(  310): sendContextData: -63, 14, 4, 48, 45
D/lights  (  869): lcd : 14 +
D/lights  (  869): lcd : 14 -
D/SensorManager(  869): registerListener :: 6, TMG399X RGB Sensor, 200000, 0,  
E/native  (  869): do suspend true
D/SensorManager(  869): unregisterListener ::   
D/audio_hw_primary(  301): adev_set_parameters: enter: screen_state=off
V/voice   (  301): voice_set_parameters: enter: screen_state=off
V/voice   (  301): voice_set_parameters: exit with code(-2)
V/msm8974_platform(  301): platform_set_parameters: enter: screen_state=off
V/msm8974_platform(  301): platform_set_parameters: exit with code(-2)
D/audio_hw_hfp(  301): audio_extn_hfp_set_parameters: enter
V/audio_hw_primary(  301): adev_set_parameters: exit
D/lights  (  869): lcd : 6 +
I/SecExternalDisplayIntents_Java(  869): Intent Recieved ..  -android.intent.action.SCREEN_OFFBroadCast Map value - 18
D/PersonaManagerService(  869): ACTION_SCREEN_OFF onReceive
D/PersonaManagerServiceHandler(  869): MSG_ACTION_SCREEN_OFF called
D/lights  (  869): lcd : 6 -
D/lights  (  869): lcd : 0 +
D/VolumePanel( 1206): mCoverBroadcastReceiver: Screen OFF start
D/VolumePanel( 1206): mCoverBroadcastReceiver : call onDismissSafeVolumeWarning() #1
D/VolumePanel( 1206): mCoverBroadcastReceiver: Screen OFF end
D/VolumePanel( 1206): mCoverBroadcastReceiver: onReceive() end : intent=Intent { act=android.intent.action.SCREEN_OFF flg=0x50000010 (has extras) }
D/NfcService( 1433): call the applyRouting
D/NfcService( 1433): index : 0
D/lights  (  869): lcd : 0 -
E/StatusBar( 1206): onReceive : Intent.ACTION_SCREEN_OFF
D/Recents_AlternateRecentsComponent( 1206): dismissHelpPopup 
D/ScreenOnOffReceiver( 2040): Received intent: Intent { act=android.intent.action.SCREEN_OFF flg=0x50000010 (has extras) }.
D/weathernewsjp(19387): [KK WeatherNewsPhone]>>> SWW:66 [0:0] action : androidintentactionSCREEN_OFF
D/weathernewsjp(19387): [KK WeatherNewsPhone]>>> SWW:471 [0:0] stopRefreshIcon : 1
D/weathernewsjp(19387): [KK WeatherNewsPhone]>>> SWW:367 [0:0] getWeatherRenderer : 1
W/System.err(20591): java.lang.InterruptedException
W/System.err(20591): java.lang.InterruptedException
W/System.err(20591): 	at java.lang.Thread.sleep(Native Method)
W/System.err(20591): 	at 	at java.lang.Thread.sleep(Native Method)
W/System.err(20591): 	at java.lang.Thread.sleep(Thread.java:1031)
W/System.err(20591): 	at java.lang.Thread.sleep(Thread.java:985)
W/System.err(20591): 	at jp.co.motex.lanscope.an.apptasklog.AppTaskLogService$AppTaskLogThread.run(AppTaskLogService.java:187)
W/System.err(20591): java.lang.Thread.sleep(Thread.java:1031)
W/System.err(20591): 	at java.lang.Thread.sleep(Thread.java:985)
W/System.err(20591): 	at jp.co.motex.lanscope.an.utility.WriteDatabaseThread.run(WriteDatabaseThread.java:44)
W/System.err(20591): java.lang.InterruptedException
W/System.err(20591): 	at java.lang.Thread.sleep(Native Method)
W/System.err(20591): 	at java.lang.Thread.sleep(Thread.java:1031)
W/System.err(20591): 	at java.lang.Thread.sleep(Thread.java:985)
W/System.err(20591): 	at jp.co.motex.lanscope.an.androidlog.WebHistoryService$WebHistoryThread.run(WebHistoryService.java:199)
W/System.err(20591): java.lang.InterruptedException
W/System.err(20591): 	at java.lang.Thread.sleep(Native Method)
W/System.err(20591): 	at java.lang.Thread.sleep(Thread.java:1031)
W/System.err(20591): 	at java.lang.Thread.sleep(Thread.java:985)
W/System.err(20591): 	at jp.co.motex.lanscope.an.utility.WriteDatabaseThread.run(WriteDatabaseThread.java:44)
E/TranscodeReceiver(20893): onReceive : android.intent.action.SCREEN_OFF
E/LightSensor(  869): Light old sensor_state 513, new sensor_state : 1 en : 0
D/SensorManager(  869): unregisterListener ::   
E/Sensors (  869): Acc old sensor_state 1, new sensor_state : 0 en : 0
D/SensorManager(  869): unregisterListener ::   
D/SurfaceFlinger(  257): Set power mode=0, type=0 flinger=0xb6a62000
D/qdhwcomposer(  257): hwc_blank: Blanking display: 0
D/StatusBar.NetworkController( 1206): onSignalStrengthsChanged signalStrength=SignalStrength: 99 99 -120 -160 -120 -1 -1 99 2147483647 2147483647 2147483647 -1 2147483647 0x0 cdma level=0
E/SMD     (  294): DCD ON
D/qdhwcomposer(  257): hwc_blank: Done blanking display: 0
I/qdhwcomposer(  257): handle_blank_event: dpy:0 panel power state: 0
D/SurfaceControl(  869): Excessive delay in setPowerMode(): 275ms
D/MISC PowerHAL(  869): sysfs_write +: /sys/class/power_supply/battery/lcd: 0
D/MISC PowerHAL(  869): sysfs_write -: /sys/class/power_supply/battery/lcd: 0
I/QCOM PowerHAL(  869): Got set_interactive hint
E/SMD     (  294): DCD ON
D/KeyguardViewMediator( 1206): received DELAYED_KEYGUARD_ACTION with seq = 94, mDelayedShowingSequence = 94
D/PersonaManager( 1206): isKioskContainerExistOnDevice
D/KeyguardViewMediator( 1206): isAutoUnlockEnabled in KeyguardViewMediator = true
D/KeyguardViewMediator( 1206): doKeyguard: showing the lock screen
D/KeyguardViewMediator( 1206): showLocked
D/KeyguardViewMediator( 1206): handleShow
D/PersonaManager( 1206): isKioskContainerExistOnDevice
D/KeyguardViewMediator( 1206): Kiosk container not exists on device.
D/KeyguardEffectViewUtil( 1206): wallpaperType :1
D/StatusBar-Window( 1206): fnf=false sanc=true, kni=false, sbf=false
D/CoverUI ( 1206): applyFocusableFlag() : Remove SAMSUNG_FLAG_SVIEW_COVER
D/KeyguardEffectViewUtil( 1206): wallpaperType :1
D/StatusBar-Window( 1206): fnf=false sanc=true, kni=false, sbf=false
D/CoverUI ( 1206): applyFocusableFlag() : Remove SAMSUNG_FLAG_SVIEW_COVER
D/PhoneStatusBar( 1206): updateKeyguardState :1
D/StatusBar( 1206): LSSN:1
D/StatusBar( 1206): fullBouncer=false
D/StatusBar( 1206): SLN:S
E/LSO     ( 1206): LSO Service is not yet ready!!!
D/StatusBar-QSPanel( 1206): setSingleLine:true
D/StatusBar-QSPanel( 1206): updateButtonInfo mButtonWidth : 234 mColumns:8 orien: 2 displayWidth:1872
D/StatusBar-QSPanel( 1206): setSingleLine height:0
I/PhoneStatusBar( 1206): Icon Only
D/KeyguardUpdateMonitor( 1206): updateCMASText( show = false )
D/PanelView( 1206): There is/are notification(s) 
D/PanelView( 1206): kidsfalse mQsExpansionEnabled:true
D/KeyguardUpdateMonitor( 1206): updateCMASText( show = false )
D/PhoneStatusBar( 1206): updateQSpanelHeight: 279 height:591
D/PanelView( 1206): setQsHeight mQsMin:0 mQsMax:705 mQsEx:0.0mQsPeek:591
I/KeyguardEffectViewController( 1206): setKeyguardShowing = true
D/KeyguardEffectViewController( 1206): show()
V/KeyguardUpdateMonitor( 1206): *** register callback for com.android.keyguard.sec.KeyguardEffectViewController$2@2fa6d455
V/KeyguardUpdateMonitor( 1206): *** unregister callback for null
D/KeyguardEffectViewUtil( 1206): isPowerSavingMode() :false
D/KeyguardEffectViewUtil( 1206): isStrongPowerSavingMode() :false
D/KeyguardEffectViewController( 1206): isZoomPanningEffectEnabled() isZoomPanningEffect = false, isPowerSavingMode = false
D/KeyguardEffectViewController( 1206): isPreloadedWallpaper=true
D/VisualEffectParticleEffect( 1206): KeyguardEffectViewParticleSpace : setLayers
D/VisualEffectParticleEffect( 1206): KeyguardEffectViewParticleSpace : widgetLayout = com.android.systemui.statusbar.phone.NotificationPanelView{6b3b20d G.E..... ......ID 0,0-1080,1920 #7f0d0186 app:id/notification_panel}
D/VisualEffectParticleEffect( 1206): KeyguardEffectViewParticleSpace : wallpaperWidget = com.android.keyguard.sec.KeyguardEffectViewWallpaper{1dd0f5c2 V.E..... ......I. 0,0-1080,1920}
D/VisualEffectParticleEffect( 1206): setInitValues : widgetLayout = com.android.systemui.statusbar.phone.NotificationPanelView{6b3b20d G.E..... ......ID 0,0-1080,1920 #7f0d0186 app:id/notification_panel}
D/VisualEffectParticleEffect( 1206): clearEffect
D/VisualEffectParticleEffect( 1206): KeyguardEffectViewParticleSpace : show
D/VisualEffectParticleEffect( 1206): clearEffect
D/VisualEffectParticleEffect( 1206): new SoundPool
D/VisualEffectCircleUnlockEffect( 1206): KeyguardEffectViewNone : show
D/KeyguardEffectViewController( 1206): isFestivalActivated()false
I/KeyguardEffectViewController( 1206): setFestivalKeyguardShowing = true ,:false
D/KeyguardEffectViewController( 1206): isFestivalActivated()false
D/PersonaManager( 1206): isKioskContainerExistOnDevice
I/PhoneStatusBar( 1206): Icon Only
V/MediaPlayer( 1206): decode(72, 7103132, 12530)
V/MediaPlayerService(  301): decode(35, 7103132, 12530)
V/MediaPlayerService(  301): player type = 3
V/AwesomePlayer(  301): setDefault
V/AwesomePlayer(  301): constructor
V/AwesomePlayer(  301): setDefault
V/AwesomePlayer(  301): reset_l()
V/AwesomePlayer(  301): notifyListner_l() msg (8-MEDIA_STOPPED), ext1 (0), ext2 (0)
V/AwesomePlayer(  301): cancelPlayerEvents (keepNotifications=0)
V/AwesomePlayer(  301): mAudioTrackVector clear
V/AwesomePlayer(  301): reset_l() mAudioPlayer successfully deleted
V/AwesomePlayer(  301): mSecCapture clear
V/AwesomePlayer(  301): mSecMediaClock clear
V/StagefrightPlayer(  301): StagefrightPlayer
V/AwesomePlayer(  301): setListener
V/StagefrightPlayer(  301): initCheck
V/AwesomePlayer(  301): setAudioSink
V/StagefrightPlayer(  301): setDataSource(35, 7103132, 12530)
V/AwesomePlayer(  301): reset_l()
V/AwesomePlayer(  301): notifyListner_l() msg (8-MEDIA_STOPPED), ext1 (0), ext2 (0)
V/AudioCache(  301): notify(0xaf026060, 8, 0, 0)
V/AudioCache(  301): ignored
V/AwesomePlayer(  301): cancelPlayerEvents (keepNotifications=0)
V/AwesomePlayer(  301): mAudioTrackVector clear
V/AwesomePlayer(  301): reset_l() mAudioPlayer successfully deleted
V/AwesomePlayer(  301): mSecCapture clear
V/AwesomePlayer(  301): mSecMediaClock clear
V/MediaExtractor(  301): Autodetected media content as 'application/ogg' with confidence 0.20
E/MediaExtractor(  301): Ram=> MIME is  'application/ogg'
V/AwesomePlayer(  301): track of type 'audio/vorbis' does not publish bitrate
D/KeyguardUpdateMonitor( 1206): updateCMASText( show = false )
D/PanelView( 1206): There is/are notification(s) 
D/PanelView( 1206): kidsfalse mQsExpansionEnabled:true
D/KeyguardUpdateMonitor( 1206): updateCMASText( show = false )
D/PanelView( 1206): There is/are notification(s) 
D/PersonaManager( 1206): isKioskContainerExistOnDevice
I/PhoneStatusBar( 1206): Icon Only
V/AwesomePlayer(  301): mBitrate = -1 bits/sec
I/OggExtractor(  301): OggSource::OggSource() mExtractor ref count = 4
V/AwesomePlayer(  301): current audio track index (0) is added to vector
V/AwesomePlayer(  301): setDataSource_l: Audio(1), Video(0)
I/AwesomePlayer(  301): checkRightsStatus is not necessary - AwesomePlayer::setDataSource_l
V/MediaPlayerService(  301): prepare
V/AwesomePlayer(  301): prepareAsync
V/MediaPlayerService(  301): wait for prepare
D/KeyguardUpdateMonitor( 1206): updateCMASText( show = false )
V/AwesomePlayer(  301): onPrepareAsyncEvent
I/SecMediaClock(  301): SecMediaClock constructor
I/SecMediaClock(  301): reset
I/SecVideoCapture(  301): SecVideoCapture constructor
I/SecVideoCapture(  301): reset
V/AwesomePlayer(  301): initAudioDecoder
V/AwesomePlayer(  301): checkOffloadExceptions is true
V/AudioPolicyManager(  301): isOffloadSupported: SR=44100, CM=0x1, Format=0x7000000, StreamType=-1, BitRate=4294967295, duration=999682 us, has_video=0
V/AudioPolicyManager(  301): isOffloadSupported: stream_type != MUSIC, returning false
D/PanelView( 1206): There is/are notification(s) 
D/PanelView( 1206): kidsfalse mQsExpansionEnabled:true
V/OMXCodec(  301): matching 'OMX.google.vorbis.decoder' quirks 0x00000000
I/OMXCodec(  301): Attempting to allocate OMX node 'OMX.google.vorbis.decoder'
D/KeyguardUpdateMonitor( 1206): updateCMASText( show = false )
I/OMXCodec(  301): Successfully allocated OMX node 'OMX.google.vorbis.decoder'
D/PanelView( 1206): kidsfalse mQsExpansionEnabled:true
V/OMXCodec(  301): configureCodec protected=0
I/OMXCodec(  301): >>>UHQA initOutputFormat 16
I/AwesomePlayer(  301): Could not offload audio decode, try pcm offload
V/AudioPolicyManager(  301): isOffloadSupported: SR=44100, CM=0x1, Format=0x1c000001, StreamType=-1, BitRate=4294967295, duration=999682 us, has_video=0
D/PhoneStatusBar( 1206): updateKeyguardPreviousState :1
D/PhoneStatusBar( 1206): makeExpandedVisible:false
V/AudioPolicyManager(  301): isOffloadSupported: stream_type != MUSIC, returning false
I/OMXCodec(  301): [OMX.google.vorbis.decoder] OMXCodec::start mState=1
I/OMXCodec(  301): [OMX.google.vorbis.decoder] allocating 4 buffers of size 8192 on input port
V/OMXCodec(  301): [OMX.google.vorbis.decoder] allocated buffer 0xab1c71f0 on input port
V/OMXCodec(  301): [OMX.google.vorbis.decoder] allocated buffer 0xab1c7240 on input port
V/OMXCodec(  301): [OMX.google.vorbis.decoder] allocated buffer 0xab1c7290 on input port
V/OMXCodec(  301): [OMX.google.vorbis.decoder] allocated buffer 0xab1c72e0 on input port
I/OMXCodec(  301): [OMX.google.vorbis.decoder] allocating 4 buffers of size 32768 on output port
V/OMXCodec(  301): [OMX.google.vorbis.decoder] allocated buffer 0xab1c7330 on output port
V/OMXCodec(  301): [OMX.google.vorbis.decoder] allocated buffer 0xab1c73d0 on output port
V/OMXCodec(  301): [OMX.google.vorbis.decoder] allocated buffer 0xab1c7420 on output port
V/OMXCodec(  301): [OMX.google.vorbis.decoder] allocated buffer 0xab1c7920 on output port
V/OMXCodec(  301): [OMX.google.vorbis.decoder] onStateChange 2
I/OMXCodec(  301): [OMX.google.vorbis.decoder] Now Idle. Component sends idle done Event 
D/KeyguardEffectViewUtil( 1206): wallpaperType :1
V/OMXCodec(  301): [OMX.google.vorbis.decoder] onStateChange 3
V/OMXCodec(  301): [OMX.google.vorbis.decoder] Now Executing.
V/AwesomePlayer(  301): finishAsyncPrepare_l
V/AwesomePlayer(  301): notifyListner_l() msg (200-MEDIA_INFO), ext1 (973), ext2 (0)
V/AudioCache(  301): notify(0xaf026060, 200, 973, 0)
D/StatusBar-Window( 1206): fnf=false sanc=true, kni=false, sbf=true
V/AudioCache(  301): ignored
D/CoverUI ( 1206): applyFocusableFlag() : Remove SAMSUNG_FLAG_SVIEW_COVER
V/AwesomePlayer(  301): notifyListner_l() msg (5-MEDIA_SET_VIDEO_SIZE), ext1 (0), ext2 (0)
V/AudioCache(  301): notify(0xaf026060, 5, 0, 0)
V/AudioCache(  301): ignored
V/AwesomePlayer(  301): notifyListner_l() msg (1-MEDIA_PREPARED), ext1 (0), ext2 (0)
V/AudioCache(  301): notify(0xaf026060, 1, 0, 0)
V/AudioCache(  301): prepared
V/AudioCache(  301): wait - success
V/MediaPlayerService(  301): start
V/StagefrightPlayer(  301): start
D/SecContentProvider2(  869): uri = 14 selection = getSealedState
D/SecContentProvider2(  869): mCursor = null
V/AwesomePlayer(  301): play
V/AwesomePlayer(  301): AwesomePlayer::play_l():: This is not a DRM content
V/AwesomePlayer(  301): startAudioPlayer_l, sendErrorNotification (0)
D/AudioPlayer(  301): start of Playback, useOffload 0
V/OMXCodec(  301): [OMX.google.vorbis.decoder] calling emptyBuffer with codec specific data
D/SecContentProvider2(  869): KnoxCustomManagerService offline: service is not available
V/OMXCodec(  301): [OMX.google.vorbis.decoder] calling emptyBuffer with codec specific data
D/PhoneStatusBar( 1206): disable: < expand ICONS* alerts SYSTEM_INFO* back home recent clock search >
V/OMXCodec(  301): [OMX.google.vorbis.decoder] Calling emptyBuffer on buffer 0xab1c7290 (length 42), timestamp 0 us (0.00 secs)
V/OMXCodec(  301): [OMX.google.vorbis.decoder] Calling emptyBuffer on buffer 0xab1c72e0 (length 43), timestamp 2902 us (0.00 secs)
V/OMXCodec(  301): [OMX.google.vorbis.decoder] Calling fillBuffer on buffer 0xab1c7330
V/OMXCodec(  301): [OMX.google.vorbis.decoder] Calling fillBuffer on buffer 0xab1c73d0
V/OMXCodec(  301): [OMX.google.vorbis.decoder] Calling fillBuffer on buffer 0xab1c7420
V/OMXCodec(  301): [OMX.google.vorbis.decoder] Calling fillBuffer on buffer 0xab1c7920
V/OMXCodec(  301): [OMX.google.vorbis.decoder] EMPTY_BUFFER_DONE(buffer: 2870768112)
V/OMXCodec(  301): [OMX.google.vorbis.decoder] Calling emptyBuffer on buffer 0xab1c71f0 (length 46), timestamp 5804 us (0.01 secs)
D/SecContentProvider2(  869): uri = 14 selection = getSealedState
D/SecContentProvider2(  869): mCursor = null
D/SecContentProvider2(  869): KnoxCustomManagerService offline: service is not available
V/OMXCodec(  301): [OMX.google.vorbis.decoder] OMX_EventPortSettingsChanged(port=1, data2=0x00000000)
V/OMXCodec(  301): [OMX.google.vorbis.decoder] PORT_SETTINGS_CHANGED(1)
V/OMXCodec(  301): [OMX.google.vorbis.decoder] sending OMX_CommandPortDisable(1)
V/OMXCodec(  301): [OMX.google.vorbis.decoder] EMPTY_BUFFER_DONE(buffer: 2870768192)
V/OMXCodec(  301): [OMX.google.vorbis.decoder] Calling emptyBuffer on buffer 0xab1c7240 (length 48), timestamp 8707 us (0.01 secs)
V/OMXCodec(  301): [OMX.google.vorbis.decoder] FILL_BUFFER_DONE(buffer: 2870768432, size: 0, flags: 0x00000000, timestamp: 0 us (0.00 secs))
V/OMXCodec(  301): [OMX.google.vorbis.decoder] Port is disabled, freeing buffer 2870768432
V/OMXCodec(  301): [OMX.google.vorbis.decoder] FILL_BUFFER_DONE(buffer: 2870768592, size: 0, flags: 0x00000000, timestamp: 0 us (0.00 secs))
V/OMXCodec(  301): [OMX.google.vorbis.decoder] Port is disabled, freeing buffer 2870768592
V/OMXCodec(  301): [OMX.google.vorbis.decoder] FILL_BUFFER_DONE(buffer: 2870768672, size: 0, flags: 0x00000000, timestamp: 0 us (0.00 secs))
V/OMXCodec(  301): [OMX.google.vorbis.decoder] Port is disabled, freeing buffer 2870768672
V/OMXCodec(  301): [OMX.google.vorbis.decoder] FILL_BUFFER_DONE(buffer: 2870769952, size: 0, flags: 0x00000000, timestamp: 0 us (0.00 secs))
V/OMXCodec(  301): [OMX.google.vorbis.decoder] Port is disabled, freeing buffer 2870769952
I/OMXCodec(  301): [OMX.google.vorbis.decoder] 0onCmdComplete  mState =  7
I/OMXCodec(  301): [OMX.google.vorbis.decoder] PORT_DISABLED(1)
I/OMXCodec(  301): >>>UHQA initOutputFormat 16
V/OMXCodec(  301): [OMX.google.vorbis.decoder] sending OMX_CommandPortEnable(1)
I/OMXCodec(  301): [OMX.google.vorbis.decoder] allocating 4 buffers of size 32768 on output port
V/OMXCodec(  301): [OMX.google.vorbis.decoder] allocated buffer 0xab1c7420 on output port
V/OMXCodec(  301): [OMX.google.vorbis.decoder] allocated buffer 0xab1c73d0 on output port
V/OMXCodec(  301): [OMX.google.vorbis.decoder] allocated buffer 0xab1c7330 on output port
V/OMXCodec(  301): [OMX.google.vorbis.decoder] allocated buffer 0xaec08060 on output port
V/OMXCodec(  301): [OMX.google.vorbis.decoder] PORT_ENABLED(1)
V/OMXCodec(  301): [OMX.google.vorbis.decoder] Calling fillBuffer on buffer 0xab1c7420
V/OMXCodec(  301): [OMX.google.vorbis.decoder] Calling fillBuffer on buffer 0xab1c73d0
V/OMXCodec(  301): [OMX.google.vorbis.decoder] Calling fillBuffer on buffer 0xab1c7330
V/OMXCodec(  301): [OMX.google.vorbis.decoder] Calling fillBuffer on buffer 0xaec08060
V/OMXCodec(  301): [OMX.google.vorbis.decoder] EMPTY_BUFFER_DONE(buffer: 2870768272)
V/OMXCodec(  301): [OMX.google.vorbis.decoder] Calling emptyBuffer on buffer 0xab1c7290 (length 49), timestamp 11609 us (0.01 secs)
V/OMXCodec(  301): [OMX.google.vorbis.decoder] FILL_BUFFER_DONE(buffer: 2870768672, size: 0, flags: 0x00000000, timestamp: 0 us (0.00 secs))
I/AudioPlayer(  301): Audio channels(1)
I/AudioPlayer(  301): Audioplayer kKeyAudioPCMFormat:0, 1, 0
I/AudioPlayer(  301): Audioplayer kKeyAudioPCMFormat read fail(1, 1)
V/AudioCache(  301): open(44100, 1, 0x0, 1, 0)
V/AwesomePlayer(  301): notifyListner_l() msg (6-MEDIA_STARTED), ext1 (0), ext2 (0)
V/AudioCache(  301): notify(0xaf026060, 6, 0, 0)
V/AudioCache(  301): ignored
V/AwesomePlayer(  301): addBatteryData
I/AudioPlayer(  301): First fillBuffer call!!
V/OMXCodec(  301): [OMX.google.vorbis.decoder] Calling fillBuffer on buffer 0xab1c7420
V/OMXCodec(  301): [OMX.google.vorbis.decoder] EMPTY_BUFFER_DONE(buffer: 2870768352)
V/OMXCodec(  301): [OMX.google.vorbis.decoder] Calling emptyBuffer on buffer 0xab1c72e0 (length 167), timestamp 24671 us (0.02 secs)
V/OMXCodec(  301): [OMX.google.vorbis.decoder] FILL_BUFFER_DONE(buffer: 2870768592, size: 256, flags: 0x00000000, timestamp: 2902 us (0.00 secs))
V/OMXCodec(  301): [OMX.google.vorbis.decoder] EMPTY_BUFFER_DONE(buffer: 2870768112)
V/OMXCodec(  301): [OMX.google.vorbis.decoder] Calling emptyBuffer on buffer 0xab1c71f0 (length 156), timestamp 47891 us (0.05 secs)
V/OMXCodec(  301): [OMX.google.vorbis.decoder] FILL_BUFFER_DONE(buffer: 2870768432, size: 256, flags: 0x00000000, timestamp: 5804 us (0.01 secs))
V/OMXCodec(  301): [OMX.google.vorbis.decoder] EMPTY_BUFFER_DONE(buffer: 2870768192)
V/OMXCodec(  301): [OMX.google.vorbis.decoder] Calling emptyBuffer on buffer 0xab1c7240 (length 159), timestamp 71111 us (0.07 secs)
D/SecContentProvider2(  869): uri = 14 selection = getSealedState
D/SecContentProvider2(  869): mCursor = null
V/OMXCodec(  301): [OMX.google.vorbis.decoder] FILL_BUFFER_DONE(buffer: 2931851360, size: 256, flags: 0x00000000, timestamp: 8707 us (0.01 secs))
V/OMXCodec(  301): [OMX.google.vorbis.decoder] EMPTY_BUFFER_DONE(buffer: 2870768272)
V/OMXCodec(  301): [OMX.google.vorbis.decoder] Calling emptyBuffer on buffer 0xab1c7290 (length 173), timestamp 94331 us (0.09 secs)
V/OMXCodec(  301): [OMX.google.vorbis.decoder] FILL_BUFFER_DONE(buffer: 2870768672, size: 256, flags: 0x00000000, timestamp: 11609 us (0.01 secs))
D/SecContentProvider2(  869): KnoxCustomManagerService offline: service is not available
V/MediaPlayerService(  301): wait for playback complete
I/AudioPlayer(  301): >>> setAudioEffect Read mAudioFormat : 1, event : 168430090, value : 151652874
E/AudioPlayer(  301): >>> setAudioEffect Error mAudioFormat : 1, event : 168430090, value : 151652874
V/OMXCodec(  301): [OMX.google.vorbis.decoder] Calling fillBuffer on buffer 0xab1c73d0
V/OMXCodec(  301): [OMX.google.vorbis.decoder] Calling fillBuffer on buffer 0xab1c7330
V/OMXCodec(  301): [OMX.google.vorbis.decoder] Calling fillBuffer on buffer 0xaec08060
V/OMXCodec(  301): [OMX.google.vorbis.decoder] Calling fillBuffer on buffer 0xab1c7420
V/OMXCodec(  301): [OMX.google.vorbis.decoder] EMPTY_BUFFER_DONE(buffer: 2870768352)
V/OMXCodec(  301): [OMX.google.vorbis.decoder] Calling emptyBuffer on buffer 0xab1c72e0 (length 162), timestamp 117551 us (0.12 secs)
V/OMXCodec(  301): [OMX.google.vorbis.decoder] FILL_BUFFER_DONE(buffer: 2870768592, size: 1152, flags: 0x00000000, timestamp: 24671 us (0.02 secs))
V/OMXCodec(  301): [OMX.google.vorbis.decoder] EMPTY_BUFFER_DONE(buffer: 2870768112)
V/OMXCodec(  301): [OMX.google.vorbis.decoder] Calling emptyBuffer on buffer 0xab1c71f0 (length 183), timestamp 140770 us (0.14 secs)
V/OMXCodec(  301): [OMX.google.vorbis.decoder] FILL_BUFFER_DONE(buffer: 2870768432, size: 2048, flags: 0x00000000, timestamp: 47891 us (0.05 secs))
V/OMXCodec(  301): [OMX.google.vorbis.decoder] EMPTY_BUFFER_DONE(buffer: 2870768192)
V/OMXCodec(  301): [OMX.google.vorbis.decoder] Calling emptyBuffer on buffer 0xab1c7240 (length 197), timestamp 163990 us (0.16 secs)
V/OMXCodec(  301): [OMX.google.vorbis.decoder] FILL_BUFFER_DONE(buffer: 2931851360, size: 2048, flags: 0x00000000, timestamp: 71111 us (0.07 secs))
V/OMXCodec(  301): [OMX.google.vorbis.decoder] EMPTY_BUFFER_DONE(buffer: 2870768272)
V/OMXCodec(  301): [OMX.google.vorbis.decoder] Calling emptyBuffer on buffer 0xab1c7290 (length 195), timestamp 187210 us (0.19 secs)
V/OMXCodec(  301): [OMX.google.vorbis.decoder] FILL_BUFFER_DONE(buffer: 2870768672, size: 2048, flags: 0x00000000, timestamp: 94331 us (0.09 secs))
V/OMXCodec(  301): [OMX.google.vorbis.decoder] Calling fillBuffer on buffer 0xab1c73d0
V/OMXCodec(  301): [OMX.google.vorbis.decoder] Calling fillBuffer on buffer 0xab1c7330
V/OMXCodec(  301): [OMX.google.vorbis.decoder] Calling fillBuffer on buffer 0xaec08060
V/OMXCodec(  301): [OMX.google.vorbis.decoder] Calling fillBuffer on buffer 0xab1c7420
V/OMXCodec(  301): [OMX.google.vorbis.decoder] EMPTY_BUFFER_DONE(buffer: 2870768352)
V/OMXCodec(  301): [OMX.google.vorbis.decoder] Calling emptyBuffer on buffer 0xab1c72e0 (length 197), timestamp 210430 us (0.21 secs)
V/OMXCodec(  301): [OMX.google.vorbis.decoder] FILL_BUFFER_DONE(buffer: 2870768592, size: 2048, flags: 0x00000000, timestamp: 117551 us (0.12 secs))
V/OMXCodec(  301): [OMX.google.vorbis.decoder] EMPTY_BUFFER_DONE(buffer: 2870768112)
V/OMXCodec(  301): [OMX.google.vorbis.decoder] Calling emptyBuffer on buffer 0xab1c71f0 (length 214), timestamp 233650 us (0.23 secs)
V/OMXCodec(  301): [OMX.google.vorbis.decoder] FILL_BUFFER_DONE(buffer: 2870768432, size: 2048, flags: 0x00000000, timestamp: 140770 us (0.14 secs))
V/OMXCodec(  301): [OMX.google.vorbis.decoder] EMPTY_BUFFER_DONE(buffer: 2870768192)
V/OMXCodec(  301): [OMX.google.vorbis.decoder] Calling emptyBuffer on buffer 0xab1c7240 (length 212), timestamp 256870 us (0.26 secs)
V/OMXCodec(  301): [OMX.google.vorbis.decoder] FILL_BUFFER_DONE(buffer: 2931851360, size: 2048, flags: 0x00000000, timestamp: 163990 us (0.16 secs))
V/OMXCodec(  301): [OMX.google.vorbis.decoder] EMPTY_BUFFER_DONE(buffer: 2870768272)
V/OMXCodec(  301): [OMX.google.vorbis.decoder] Calling emptyBuffer on buffer 0xab1c7290 (length 214), timestamp 280090 us (0.28 secs)
V/OMXCodec(  301): [OMX.google.vorbis.decoder] FILL_BUFFER_DONE(buffer: 2870768672, size: 2048, flags: 0x00000000, timestamp: 187210 us (0.19 secs))
V/OMXCodec(  301): [OMX.google.vorbis.decoder] Calling fillBuffer on buffer 0xab1c73d0
V/OMXCodec(  301): [OMX.google.vorbis.decoder] Calling fillBuffer on buffer 0xab1c7330
V/OMXCodec(  301): [OMX.google.vorbis.decoder] Calling fillBuffer on buffer 0xaec08060
V/OMXCodec(  301): [OMX.google.vorbis.decoder] Calling fillBuffer on buffer 0xab1c7420
V/OMXCodec(  301): [OMX.google.vorbis.decoder] EMPTY_BUFFER_DONE(buffer: 2870768352)
V/OMXCodec(  301): [OMX.google.vorbis.decoder] Calling emptyBuffer on buffer 0xab1c72e0 (length 219), timestamp 303310 us (0.30 secs)
V/OMXCodec(  301): [OMX.google.vorbis.decoder] FILL_BUFFER_DONE(buffer: 2870768592, size: 2048, flags: 0x00000000, timestamp: 210430 us (0.21 secs))
V/OMXCodec(  301): [OMX.google.vorbis.decoder] EMPTY_BUFFER_DONE(buffer: 2870768112)
V/OMXCodec(  301): [OMX.google.vorbis.decoder] Calling emptyBuffer on buffer 0xab1c71f0 (length 210), timestamp 326530 us (0.33 secs)
V/OMXCodec(  301): [OMX.google.vorbis.decoder] FILL_BUFFER_DONE(buffer: 2870768432, size: 2048, flags: 0x00000000, timestamp: 233650 us (0.23 secs))
V/OMXCodec(  301): [OMX.google.vorbis.decoder] EMPTY_BUFFER_DONE(buffer: 2870768192)
V/OMXCodec(  301): [OMX.google.vorbis.decoder] Calling emptyBuffer on buffer 0xab1c7240 (length 209), timestamp 349750 us (0.35 secs)
V/OMXCodec(  301): [OMX.google.vorbis.decoder] FILL_BUFFER_DONE(buffer: 2931851360, size: 2048, flags: 0x00000000, timestamp: 256870 us (0.26 secs))
V/OMXCodec(  301): [OMX.google.vorbis.decoder] EMPTY_BUFFER_DONE(buffer: 2870768272)
V/OMXCodec(  301): [OMX.google.vorbis.decoder] Calling emptyBuffer on buffer 0xab1c7290 (length 210), timestamp 372970 us (0.37 secs)
V/OMXCodec(  301): [OMX.google.vorbis.decoder] FILL_BUFFER_DONE(buffer: 2870768672, size: 2048, flags: 0x00000000, timestamp: 280090 us (0.28 secs))
V/OMXCodec(  301): [OMX.google.vorbis.decoder] Calling fillBuffer on buffer 0xab1c73d0
V/OMXCodec(  301): [OMX.google.vorbis.decoder] Calling fillBuffer on buffer 0xab1c7330
V/OMXCodec(  301): [OMX.google.vorbis.decoder] Calling fillBuffer on buffer 0xaec08060
V/OMXCodec(  301): [OMX.google.vorbis.decoder] Calling fillBuffer on buffer 0xab1c7420
V/OMXCodec(  301): [OMX.google.vorbis.decoder] EMPTY_BUFFER_DONE(buffer: 2870768352)
V/OMXCodec(  301): [OMX.google.vorbis.decoder] Calling emptyBuffer on buffer 0xab1c72e0 (length 216), timestamp 396190 us (0.40 secs)
V/OMXCodec(  301): [OMX.google.vorbis.decoder] FILL_BUFFER_DONE(buffer: 2870768592, size: 2048, flags: 0x00000000, timestamp: 303310 us (0.30 secs))
V/OMXCodec(  301): [OMX.google.vorbis.decoder] EMPTY_BUFFER_DONE(buffer: 2870768112)
V/OMXCodec(  301): [OMX.google.vorbis.decoder] Calling emptyBuffer on buffer 0xab1c71f0 (length 215), timestamp 419410 us (0.42 secs)
V/OMXCodec(  301): [OMX.google.vorbis.decoder] FILL_BUFFER_DONE(buffer: 2870768432, size: 2048, flags: 0x00000000, timestamp: 326530 us (0.33 secs))
V/OMXCodec(  301): [OMX.google.vorbis.decoder] EMPTY_BUFFER_DONE(buffer: 2870768192)
V/OMXCodec(  301): [OMX.google.vorbis.decoder] Calling emptyBuffer on buffer 0xab1c7240 (length 208), timestamp 442630 us (0.44 secs)
V/OMXCodec(  301): [OMX.google.vorbis.decoder] FILL_BUFFER_DONE(buffer: 2931851360, size: 2048, flags: 0x00000000, timestamp: 349750 us (0.35 secs))
V/OMXCodec(  301): [OMX.google.vorbis.decoder] EMPTY_BUFFER_DONE(buffer: 2870768272)
V/OMXCodec(  301): [OMX.google.vorbis.decoder] Calling emptyBuffer on buffer 0xab1c7290 (length 210), timestamp 465850 us (0.47 secs)
V/OMXCodec(  301): [OMX.google.vorbis.decoder] FILL_BUFFER_DONE(buffer: 2870768672, size: 2048, flags: 0x00000000, timestamp: 372970 us (0.37 secs))
V/OMXCodec(  301): [OMX.google.vorbis.decoder] Calling fillBuffer on buffer 0xab1c73d0
V/OMXCodec(  301): [OMX.google.vorbis.decoder] Calling fillBuffer on buffer 0xab1c7330
V/OMXCodec(  301): [OMX.google.vorbis.decoder] Calling fillBuffer on buffer 0xaec08060
V/OMXCodec(  301): [OMX.google.vorbis.decoder] Calling fillBuffer on buffer 0xab1c7420
V/OMXCodec(  301): [OMX.google.vorbis.decoder] EMPTY_BUFFER_DONE(buffer: 2870768352)
V/OMXCodec(  301): [OMX.google.vorbis.decoder] Calling emptyBuffer on buffer 0xab1c72e0 (length 216), timestamp 489070 us (0.49 secs)
V/OMXCodec(  301): [OMX.google.vorbis.decoder] FILL_BUFFER_DONE(buffer: 2870768592, size: 2048, flags: 0x00000000, timestamp: 396190 us (0.40 secs))
V/OMXCodec(  301): [OMX.google.vorbis.decoder] EMPTY_BUFFER_DONE(buffer: 2870768112)
V/OMXCodec(  301): [OMX.google.vorbis.decoder] Calling emptyBuffer on buffer 0xab1c71f0 (length 210), timestamp 512290 us (0.51 secs)
V/OMXCodec(  301): [OMX.google.vorbis.decoder] FILL_BUFFER_DONE(buffer: 2870768432, size: 2048, flags: 0x00000000, timestamp: 419410 us (0.42 secs))
V/OMXCodec(  301): [OMX.google.vorbis.decoder] EMPTY_BUFFER_DONE(buffer: 2870768192)
V/OMXCodec(  301): [OMX.google.vorbis.decoder] Calling emptyBuffer on buffer 0xab1c7240 (length 207), timestamp 535510 us (0.54 secs)
V/OMXCodec(  301): [OMX.google.vorbis.decoder] FILL_BUFFER_DONE(buffer: 2931851360, size: 2048, flags: 0x00000000, timestamp: 442630 us (0.44 secs))
V/OMXCodec(  301): [OMX.google.vorbis.decoder] EMPTY_BUFFER_DONE(buffer: 2870768272)
V/OMXCodec(  301): [OMX.google.vorbis.decoder] Calling emptyBuffer on buffer 0xab1c7290 (length 212), timestamp 558730 us (0.56 secs)
V/OMXCodec(  301): [OMX.google.vorbis.decoder] FILL_BUFFER_DONE(buffer: 2870768672, size: 2048, flags: 0x00000000, timestamp: 465850 us (0.47 secs))
V/OMXCodec(  301): [OMX.google.vorbis.decoder] Calling fillBuffer on buffer 0xab1c73d0
V/OMXCodec(  301): [OMX.google.vorbis.decoder] Calling fillBuffer on buffer 0xab1c7330
V/OMXCodec(  301): [OMX.google.vorbis.decoder] Calling fillBuffer on buffer 0xaec08060
V/OMXCodec(  301): [OMX.google.vorbis.decoder] Calling fillBuffer on buffer 0xab1c7420
V/OMXCodec(  301): [OMX.google.vorbis.decoder] EMPTY_BUFFER_DONE(buffer: 2870768352)
V/OMXCodec(  301): [OMX.google.vorbis.decoder] Calling emptyBuffer on buffer 0xab1c72e0 (length 203), timestamp 581950 us (0.58 secs)
V/OMXCodec(  301): [OMX.google.vorbis.decoder] FILL_BUFFER_DONE(buffer: 2870768592, size: 2048, flags: 0x00000000, timestamp: 489070 us (0.49 secs))
V/OMXCodec(  301): [OMX.google.vorbis.decoder] EMPTY_BUFFER_DONE(buffer: 2870768112)
V/OMXCodec(  301): [OMX.google.vorbis.decoder] Calling emptyBuffer on buffer 0xab1c71f0 (length 202), timestamp 605170 us (0.61 secs)
V/OMXCodec(  301): [OMX.google.vorbis.decoder] FILL_BUFFER_DONE(buffer: 2870768432, size: 2048, flags: 0x00000000, timestamp: 512290 us (0.51 secs))
V/OMXCodec(  301): [OMX.google.vorbis.decoder] EMPTY_BUFFER_DONE(buffer: 2870768192)
V/OMXCodec(  301): [OMX.google.vorbis.decoder] Calling emptyBuffer on buffer 0xab1c7240 (length 211), timestamp 628390 us (0.63 secs)
V/OMXCodec(  301): [OMX.google.vorbis.decoder] FILL_BUFFER_DONE(buffer: 2931851360, size: 2048, flags: 0x00000000, timestamp: 535510 us (0.54 secs))
V/OMXCodec(  301): [OMX.google.vorbis.decoder] EMPTY_BUFFER_DONE(buffer: 2870768272)
V/OMXCodec(  301): [OMX.google.vorbis.decoder] Calling emptyBuffer on buffer 0xab1c7290 (length 204), timestamp 651609 us (0.65 secs)
V/OMXCodec(  301): [OMX.google.vorbis.decoder] FILL_BUFFER_DONE(buffer: 2870768672, size: 2048, flags: 0x00000000, timestamp: 558730 us (0.56 secs))
V/OMXCodec(  301): [OMX.google.vorbis.decoder] Calling fillBuffer on buffer 0xab1c73d0
V/OMXCodec(  301): [OMX.google.vorbis.decoder] Calling fillBuffer on buffer 0xab1c7330
V/OMXCodec(  301): [OMX.google.vorbis.decoder] Calling fillBuffer on buffer 0xaec08060
V/OMXCodec(  301): [OMX.google.vorbis.decoder] Calling fillBuffer on buffer 0xab1c7420
D/KeyguardProperties( 1206): isIgnoreNationalRoaming() = false
V/OMXCodec(  301): [OMX.google.vorbis.decoder] EMPTY_BUFFER_DONE(buffer: 2870768352)
V/OMXCodec(  301): [OMX.google.vorbis.decoder] Calling emptyBuffer on buffer 0xab1c72e0 (length 215), timestamp 674829 us (0.67 secs)
V/OMXCodec(  301): [OMX.google.vorbis.decoder] FILL_BUFFER_DONE(buffer: 2870768592, size: 2048, flags: 0x00000000, timestamp: 581950 us (0.58 secs))
V/OMXCodec(  301): [OMX.google.vorbis.decoder] EMPTY_BUFFER_DONE(buffer: 2870768112)
V/OMXCodec(  301): [OMX.google.vorbis.decoder] Calling emptyBuffer on buffer 0xab1c71f0 (length 216), timestamp 698049 us (0.70 secs)
V/OMXCodec(  301): [OMX.google.vorbis.decoder] FILL_BUFFER_DONE(buffer: 2870768432, size: 2048, flags: 0x00000000, timestamp: 605170 us (0.61 secs))
V/OMXCodec(  301): [OMX.google.vorbis.decoder] EMPTY_BUFFER_DONE(buffer: 2870768192)
D/PhoneStatusBar( 1206): HomeCitySettingsDialog available = false, show = true
V/OMXCodec(  301): [OMX.google.vorbis.decoder] Calling emptyBuffer on buffer 0xab1c7240 (length 210), timestamp 721269 us (0.72 secs)
V/OMXCodec(  301): [OMX.google.vorbis.decoder] FILL_BUFFER_DONE(buffer: 2931851360, size: 2048, flags: 0x00000000, timestamp: 628390 us (0.63 secs))
V/OMXCodec(  301): [OMX.google.vorbis.decoder] EMPTY_BUFFER_DONE(buffer: 2870768272)
V/OMXCodec(  301): [OMX.google.vorbis.decoder] Calling emptyBuffer on buffer 0xab1c7290 (length 208), timestamp 744489 us (0.74 secs)
